Archive member included to satisfy reference by file (symbol)

.build/obj_ergodox_ez_sfgabe_80/i2c_master.a(i2c_master.o)
                              .build/obj_ergodox_ez_sfgabe_80/keyboards/ergodox_ez/ergodox_ez.o (i2c_init)
/usr/local/Cellar/avr-gcc@8/8.4.0/lib/avr-gcc/8/gcc/avr/8.4.0/avr5/libgcc.a(_udivmodhi4.o)
                              .build/obj_ergodox_ez_sfgabe_80/quantum/debounce/sym_eager_pr.o (__udivmodhi4)
/usr/local/Cellar/avr-gcc@8/8.4.0/lib/avr-gcc/8/gcc/avr/8.4.0/avr5/libgcc.a(_divmodhi4.o)
                              .build/obj_ergodox_ez_sfgabe_80/common/mousekey.o (__divmodhi4)
/usr/local/Cellar/avr-gcc@8/8.4.0/lib/avr-gcc/8/gcc/avr/8.4.0/avr5/libgcc.a(_exit.o)
                              /usr/local/Cellar/avr-gcc@8/8.4.0/lib/avr-gcc/8/gcc/avr/8.4.0/../../../../../../avr/lib/avr5/crtatmega32u4.o (exit)
/usr/local/Cellar/avr-gcc@8/8.4.0/lib/avr-gcc/8/gcc/avr/8.4.0/avr5/libgcc.a(_tablejump2.o)
                              .build/obj_ergodox_ez_sfgabe_80/common/action.o (__tablejump2__)
/usr/local/Cellar/avr-gcc@8/8.4.0/lib/avr-gcc/8/gcc/avr/8.4.0/avr5/libgcc.a(_copy_data.o)
                              .build/obj_ergodox_ez_sfgabe_80/keyboards/ergodox_ez/ergodox_ez.o (__do_copy_data)
/usr/local/Cellar/avr-gcc@8/8.4.0/lib/avr-gcc/8/gcc/avr/8.4.0/avr5/libgcc.a(_clear_bss.o)
                              .build/obj_ergodox_ez_sfgabe_80/matrix.o (__do_clear_bss)
/usr/local/Cellar/avr-gcc@8/8.4.0/lib/avr-gcc/8/gcc/avr/8.4.0/../../../../../../avr/lib/avr5/libc.a(malloc.o)
                              .build/obj_ergodox_ez_sfgabe_80/quantum/debounce/sym_eager_pr.o (malloc)
/usr/local/Cellar/avr-gcc@8/8.4.0/lib/avr-gcc/8/gcc/avr/8.4.0/../../../../../../avr/lib/avr5/libc.a(tolower.o)
                              .build/obj_ergodox_ez_sfgabe_80/quantum/process_keycode/process_unicode_common.o (tolower)
/usr/local/Cellar/avr-gcc@8/8.4.0/lib/avr-gcc/8/gcc/avr/8.4.0/../../../../../../avr/lib/avr5/libc.a(strcspn.o)
                              .build/obj_ergodox_ez_sfgabe_80/quantum/process_keycode/process_unicode_common.o (strcspn)
/usr/local/Cellar/avr-gcc@8/8.4.0/lib/avr-gcc/8/gcc/avr/8.4.0/../../../../../../avr/lib/avr5/libc.a(strncpy.o)
                              .build/obj_ergodox_ez_sfgabe_80/quantum/process_keycode/process_unicode_common.o (strncpy)
/usr/local/Cellar/avr-gcc@8/8.4.0/lib/avr-gcc/8/gcc/avr/8.4.0/../../../../../../avr/lib/avr5/libatmega32u4.a(eerd_byte.o)
                              .build/obj_ergodox_ez_sfgabe_80/quantum/process_keycode/process_unicode_common.o (eeprom_read_byte)
/usr/local/Cellar/avr-gcc@8/8.4.0/lib/avr-gcc/8/gcc/avr/8.4.0/../../../../../../avr/lib/avr5/libatmega32u4.a(eerd_dword.o)
                              .build/obj_ergodox_ez_sfgabe_80/common/eeconfig.o (eeprom_read_dword)
/usr/local/Cellar/avr-gcc@8/8.4.0/lib/avr-gcc/8/gcc/avr/8.4.0/../../../../../../avr/lib/avr5/libatmega32u4.a(eerd_word.o)
                              .build/obj_ergodox_ez_sfgabe_80/common/eeconfig.o (eeprom_read_word)
/usr/local/Cellar/avr-gcc@8/8.4.0/lib/avr-gcc/8/gcc/avr/8.4.0/../../../../../../avr/lib/avr5/libatmega32u4.a(eeupd_byte.o)
                              .build/obj_ergodox_ez_sfgabe_80/quantum/process_keycode/process_unicode_common.o (eeprom_update_byte)
/usr/local/Cellar/avr-gcc@8/8.4.0/lib/avr-gcc/8/gcc/avr/8.4.0/../../../../../../avr/lib/avr5/libatmega32u4.a(eeupd_dword.o)
                              .build/obj_ergodox_ez_sfgabe_80/common/eeconfig.o (eeprom_update_dword)
/usr/local/Cellar/avr-gcc@8/8.4.0/lib/avr-gcc/8/gcc/avr/8.4.0/../../../../../../avr/lib/avr5/libatmega32u4.a(eeupd_word.o)
                              .build/obj_ergodox_ez_sfgabe_80/common/eeconfig.o (eeprom_update_word)
/usr/local/Cellar/avr-gcc@8/8.4.0/lib/avr-gcc/8/gcc/avr/8.4.0/../../../../../../avr/lib/avr5/libatmega32u4.a(eerd_block.o)
                              /usr/local/Cellar/avr-gcc@8/8.4.0/lib/avr-gcc/8/gcc/avr/8.4.0/../../../../../../avr/lib/avr5/libatmega32u4.a(eerd_dword.o) (eeprom_read_blraw)

Allocating common symbols
Common symbol       size              file

USB_IsInitialized   0x1               .build/obj_ergodox_ez_sfgabe_80/lib/lufa/LUFA/Drivers/USB/Core/USBTask.o
keymap_config       0x2               .build/obj_ergodox_ez_sfgabe_80/common/magic.o
keyboard_config     0x4               .build/obj_ergodox_ez_sfgabe_80/keyboards/ergodox_ez/ergodox_ez.o
unicode_config      0x4               .build/obj_ergodox_ez_sfgabe_80/quantum/process_keycode/process_unicode_common.o
USB_DeviceState     0x1               .build/obj_ergodox_ez_sfgabe_80/lib/lufa/LUFA/Drivers/USB/Core/USBTask.o
__brkval            0x2               /usr/local/Cellar/avr-gcc@8/8.4.0/lib/avr-gcc/8/gcc/avr/8.4.0/../../../../../../avr/lib/avr5/libc.a(malloc.o)
unicode_saved_mods  0x1               .build/obj_ergodox_ez_sfgabe_80/quantum/process_keycode/process_unicode_common.o
USB_Device_ConfigurationNumber
[...]
Memory Configuration

Name             Origin             Length             Attributes
text             0x0000000000000000 0x0000000000020000 xr
data             0x0000000000800060 0x000000000000ffa0 rw !x
eeprom           0x0000000000810000 0x0000000000010000 rw !x
fuse             0x0000000000820000 0x0000000000000400 rw !x
lock             0x0000000000830000 0x0000000000000400 rw !x
signature        0x0000000000840000 0x0000000000000400 rw !x
user_signatures  0x0000000000850000 0x0000000000000400 rw !x
*default*        0x0000000000000000 0xffffffffffffffff

Linker script and memory map

Address of section .data set to 0x800100
LOAD /usr/local/Cellar/avr-gcc@8/8.4.0/lib/avr-gcc/8/gcc/avr/8.4.0/../../../../../../avr/lib/avr5/crtatmega32u4.o
LOAD .build/obj_ergodox_ez_sfgabe_80/matrix.o
LOAD .build/obj_ergodox_ez_sfgabe_80/led_i2c.o
LOAD .build/obj_ergodox_ez_sfgabe_80/keyboards/ergodox_ez/ergodox_ez.o
LOAD .build/obj_ergodox_ez_sfgabe_80/keyboards/ergodox_ez/keymaps/sfgabe_80/keymap.o
LOAD .build/obj_ergodox_ez_sfgabe_80/quantum/quantum.o
LOAD .build/obj_ergodox_ez_sfgabe_80/quantum/keymap_common.o
LOAD .build/obj_ergodox_ez_sfgabe_80/quantum/keycode_config.o
LOAD .build/obj_ergodox_ez_sfgabe_80/quantum/matrix_common.o
LOAD .build/obj_ergodox_ez_sfgabe_80/quantum/debounce/sym_eager_pr.o
LOAD .build/obj_ergodox_ez_sfgabe_80/quantum/process_keycode/process_unicode.o
LOAD .build/obj_ergodox_ez_sfgabe_80/quantum/process_keycode/process_unicode_common.o
LOAD .build/obj_ergodox_ez_sfgabe_80/quantum/process_keycode/process_space_cadet.o
LOAD .build/obj_ergodox_ez_sfgabe_80/quantum/process_keycode/process_magic.o
LOAD .build/obj_ergodox_ez_sfgabe_80/quantum/process_keycode/process_grave_esc.o
LOAD .build/obj_ergodox_ez_sfgabe_80/i2c_master.a
LOAD .build/obj_ergodox_ez_sfgabe_80/common/host.o
LOAD .build/obj_ergodox_ez_sfgabe_80/common/keyboard.o
LOAD .build/obj_ergodox_ez_sfgabe_80/common/action.o
LOAD .build/obj_ergodox_ez_sfgabe_80/common/action_tapping.o
LOAD .build/obj_ergodox_ez_sfgabe_80/common/action_macro.o
LOAD .build/obj_ergodox_ez_sfgabe_80/common/action_layer.o
LOAD .build/obj_ergodox_ez_sfgabe_80/common/action_util.o
LOAD .build/obj_ergodox_ez_sfgabe_80/common/print.o
LOAD .build/obj_ergodox_ez_sfgabe_80/common/debug.o
LOAD .build/obj_ergodox_ez_sfgabe_80/common/sendchar_null.o
LOAD .build/obj_ergodox_ez_sfgabe_80/common/util.o
LOAD .build/obj_ergodox_ez_sfgabe_80/common/eeconfig.o
LOAD .build/obj_ergodox_ez_sfgabe_80/common/report.o
LOAD .build/obj_ergodox_ez_sfgabe_80/common/avr/suspend.o
LOAD .build/obj_ergodox_ez_sfgabe_80/common/avr/timer.o
LOAD .build/obj_ergodox_ez_sfgabe_80/common/avr/bootloader.o
LOAD .build/obj_ergodox_ez_sfgabe_80/common/avr/xprintf.o
LOAD .build/obj_ergodox_ez_sfgabe_80/common/magic.o
LOAD .build/obj_ergodox_ez_sfgabe_80/common/mousekey.o
LOAD .build/obj_ergodox_ez_sfgabe_80/common/command.o
LOAD .build/obj_ergodox_ez_sfgabe_80/lufa.o
LOAD .build/obj_ergodox_ez_sfgabe_80/usb_descriptor.o
LOAD .build/obj_ergodox_ez_sfgabe_80/lib/lufa/LUFA/Drivers/USB/Class/Common/HIDParser.o
LOAD .build/obj_ergodox_ez_sfgabe_80/lib/lufa/LUFA/Drivers/USB/Core/AVR8/Device_AVR8.o
LOAD .build/obj_ergodox_ez_sfgabe_80/lib/lufa/LUFA/Drivers/USB/Core/AVR8/EndpointStream_AVR8.o
LOAD .build/obj_ergodox_ez_sfgabe_80/lib/lufa/LUFA/Drivers/USB/Core/AVR8/Endpoint_AVR8.o
LOAD .build/obj_ergodox_ez_sfgabe_80/lib/lufa/LUFA/Drivers/USB/Core/AVR8/Host_AVR8.o
LOAD .build/obj_ergodox_ez_sfgabe_80/lib/lufa/LUFA/Drivers/USB/Core/AVR8/PipeStream_AVR8.o
LOAD .build/obj_ergodox_ez_sfgabe_80/lib/lufa/LUFA/Drivers/USB/Core/AVR8/Pipe_AVR8.o
LOAD .build/obj_ergodox_ez_sfgabe_80/lib/lufa/LUFA/Drivers/USB/Core/AVR8/USBController_AVR8.o
LOAD .build/obj_ergodox_ez_sfgabe_80/lib/lufa/LUFA/Drivers/USB/Core/AVR8/USBInterrupt_AVR8.o
LOAD .build/obj_ergodox_ez_sfgabe_80/lib/lufa/LUFA/Drivers/USB/Core/ConfigDescriptors.o
LOAD .build/obj_ergodox_ez_sfgabe_80/lib/lufa/LUFA/Drivers/USB/Core/DeviceStandardReq.o
LOAD .build/obj_ergodox_ez_sfgabe_80/lib/lufa/LUFA/Drivers/USB/Core/Events.o
LOAD .build/obj_ergodox_ez_sfgabe_80/lib/lufa/LUFA/Drivers/USB/Core/HostStandardReq.o
LOAD .build/obj_ergodox_ez_sfgabe_80/lib/lufa/LUFA/Drivers/USB/Core/USBTask.o
LOAD /usr/local/Cellar/avr-gcc@8/8.4.0/lib/avr-gcc/8/gcc/avr/8.4.0/../../../../../../avr/lib/avr5/libm.a
START GROUP
LOAD /usr/local/Cellar/avr-gcc@8/8.4.0/lib/avr-gcc/8/gcc/avr/8.4.0/avr5/libgcc.a
LOAD /usr/local/Cellar/avr-gcc@8/8.4.0/lib/avr-gcc/8/gcc/avr/8.4.0/../../../../../../avr/lib/avr5/libm.a
LOAD /usr/local/Cellar/avr-gcc@8/8.4.0/lib/avr-gcc/8/gcc/avr/8.4.0/../../../../../../avr/lib/avr5/libc.a
LOAD /usr/local/Cellar/avr-gcc@8/8.4.0/lib/avr-gcc/8/gcc/avr/8.4.0/../../../../../../avr/lib/avr5/libatmega32u4.a
END GROUP
                0x0000000000020000                __TEXT_REGION_LENGTH__ = DEFINED (__TEXT_REGION_LENGTH__)?__TEXT_REGION_LENGTH__:0x20000
                0x000000000000ffa0                __DATA_REGION_LENGTH__ = DEFINED (__DATA_REGION_LENGTH__)?__DATA_REGION_LENGTH__:0xffa0
                0x0000000000010000                __EEPROM_REGION_LENGTH__ = DEFINED (__EEPROM_REGION_LENGTH__)?__EEPROM_REGION_LENGTH__:0x10000
                0x0000000000000400                __FUSE_REGION_LENGTH__ = DEFINED (__FUSE_REGION_LENGTH__)?__FUSE_REGION_LENGTH__:0x400
                0x0000000000000400                __LOCK_REGION_LENGTH__ = DEFINED (__LOCK_REGION_LENGTH__)?__LOCK_REGION_LENGTH__:0x400
                0x0000000000000400                __SIGNATURE_REGION_LENGTH__ = DEFINED (__SIGNATURE_REGION_LENGTH__)?__SIGNATURE_REGION_LENGTH__:0x400
                0x0000000000000400                __USER_SIGNATURE_REGION_LENGTH__ = DEFINED (__USER_SIGNATURE_REGION_LENGTH__)?__USER_SIGNATURE_REGION_LENGTH__:0x400

.hash
 *(.hash)

.dynsym
 *(.dynsym)

.dynstr
 *(.dynstr)

.gnu.version
 *(.gnu.version)

.gnu.version_d
 *(.gnu.version_d)

.gnu.version_r
 *(.gnu.version_r)

.rel.init
 *(.rel.init)

.rela.init
 *(.rela.init)

.rel.text
 *(.rel.text)
 *(.rel.text.*)
 *(.rel.gnu.linkonce.t*)

.rela.text
 *(.rela.text)
 *(.rela.text.*)
 *(.rela.gnu.linkonce.t*)

.rel.fini
 *(.rel.fini)

.rela.fini
 *(.rela.fini)

.rel.rodata
 *(.rel.rodata)
 *(.rel.rodata.*)
 *(.rel.gnu.linkonce.r*)

.rela.rodata
 *(.rela.rodata)
 *(.rela.rodata.*)
 *(.rela.gnu.linkonce.r*)

.rel.data
 *(.rel.data)
 *(.rel.data.*)
 *(.rel.gnu.linkonce.d*)

.rela.data
 *(.rela.data)
 *(.rela.data.*)
 *(.rela.gnu.linkonce.d*)

.rel.ctors
 *(.rel.ctors)

.rela.ctors
 *(.rela.ctors)

.rel.dtors
 *(.rel.dtors)

.rela.dtors
 *(.rela.dtors)

.rel.got
 *(.rel.got)

.rela.got
 *(.rela.got)

.rel.bss
 *(.rel.bss)

.rela.bss
 *(.rela.bss)

.rel.plt
 *(.rel.plt)

.rela.plt
 *(.rela.plt)

.text           0x0000000000000000     0x5046
 *(.vectors)
 .vectors       0x0000000000000000       0xac /usr/local/Cellar/avr-gcc@8/8.4.0/lib/avr-gcc/8/gcc/avr/8.4.0/../../../../../../avr/lib/avr5/crtatmega32u4.o
                0x0000000000000000                __vectors
                0x0000000000000000                __vector_default
 *(.vectors)
 *(.progmem.gcc*)
                0x00000000000000ac                . = ALIGN (0x2)
                0x00000000000000ac                __trampolines_start = .
 *(.trampolines)
 .trampolines   0x00000000000000ac        0x0 linker stubs
 *(.trampolines*)
                0x00000000000000ac                __trampolines_end = .
 *libprintf_flt.a:*(.progmem.data)
 *libc.a:*(.progmem.data)
 *(.progmem.*)
 .progmem.data.keymaps
                0x00000000000000ac      0x2a0 .build/obj_ergodox_ez_sfgabe_80/keyboards/ergodox_ez/keymaps/sfgabe_80/keymap.o
                0x00000000000000ac                keymaps
 .progmem.data.SerialNumberString
                0x000000000000034c        0x6 .build/obj_ergodox_ez_sfgabe_80/usb_descriptor.o
                0x000000000000034c                SerialNumberString
 .progmem.data.ProductString
                0x0000000000000352       0x18 .build/obj_ergodox_ez_sfgabe_80/usb_descriptor.o
                0x0000000000000352                ProductString
 .progmem.data.ManufacturerString
                0x000000000000036a       0x2a .build/obj_ergodox_ez_sfgabe_80/usb_descriptor.o
                0x000000000000036a                ManufacturerString
 .progmem.data.LanguageString
                0x0000000000000394        0x4 .build/obj_ergodox_ez_sfgabe_80/usb_descriptor.o
                0x0000000000000394                LanguageString
 .progmem.data.ConfigurationDescriptor
                0x0000000000000398       0x3b .build/obj_ergodox_ez_sfgabe_80/usb_descriptor.o
                0x0000000000000398                ConfigurationDescriptor
 .progmem.data.DeviceDescriptor
                0x00000000000003d3       0x12 .build/obj_ergodox_ez_sfgabe_80/usb_descriptor.o
                0x00000000000003d3                DeviceDescriptor
 .progmem.data.SharedReport
                0x00000000000003e5       0xbc .build/obj_ergodox_ez_sfgabe_80/usb_descriptor.o
                0x00000000000003e5                SharedReport
 .progmem.data.KeyboardReport
                0x00000000000004a1       0x40 .build/obj_ergodox_ez_sfgabe_80/usb_descriptor.o
                0x00000000000004a1                KeyboardReport
                0x00000000000004e2                . = ALIGN (0x2)
 *fill*         0x00000000000004e1        0x1 
 *(.lowtext)
 *(.lowtext*)
                0x00000000000004e2                __ctors_start = .
 *(.ctors)
                0x00000000000004e2                __ctors_end = .
                0x00000000000004e2                __dtors_start = .
 *(.dtors)
                0x00000000000004e2                __dtors_end = .
 SORT_BY_NAME(*)(.ctors)
 SORT_BY_NAME(*)(.dtors)
 *(.init0)
 .init0         0x00000000000004e2        0x0 /usr/local/Cellar/avr-gcc@8/8.4.0/lib/avr-gcc/8/gcc/avr/8.4.0/../../../../../../avr/lib/avr5/crtatmega32u4.o
                0x00000000000004e2                __init
 *(.init0)
 *(.init1)
 *(.init1)
 *(.init2)
 .init2         0x00000000000004e2        0xc /usr/local/Cellar/avr-gcc@8/8.4.0/lib/avr-gcc/8/gcc/avr/8.4.0/../../../../../../avr/lib/avr5/crtatmega32u4.o
 *(.init2)
 *(.init3)
 .init3         0x00000000000004ee        0x0 .build/obj_ergodox_ez_sfgabe_80/common/avr/bootloader.o
                0x00000000000004ee                bootloader_jump_after_watchdog_reset
 *(.init3)
 *(.init4)
 .init4         0x00000000000004ee       0x16 /usr/local/Cellar/avr-gcc@8/8.4.0/lib/avr-gcc/8/gcc/avr/8.4.0/avr5/libgcc.a(_copy_data.o)
                0x00000000000004ee                __do_copy_data
 .init4         0x0000000000000504       0x10 /usr/local/Cellar/avr-gcc@8/8.4.0/lib/avr-gcc/8/gcc/avr/8.4.0/avr5/libgcc.a(_clear_bss.o)
                0x0000000000000504                __do_clear_bss
 *(.init4)
 *(.init5)
 *(.init5)
 *(.init6)
 *(.init6)
 *(.init7)
 *(.init7)
 *(.init8)
 *(.init8)
 *(.init9)
 .init9         0x0000000000000514        0x8 /usr/local/Cellar/avr-gcc@8/8.4.0/lib/avr-gcc/8/gcc/avr/8.4.0/../../../../../../avr/lib/avr5/crtatmega32u4.o
 *(.init9)
 *(.text)
 .text          0x000000000000051c        0x4 /usr/local/Cellar/avr-gcc@8/8.4.0/lib/avr-gcc/8/gcc/avr/8.4.0/../../../../../../avr/lib/avr5/crtatmega32u4.o
                0x000000000000051c                __vector_42
                0x000000000000051c                __vector_22
                0x000000000000051c                __vector_28
                0x000000000000051c                __vector_1
                0x000000000000051c                __vector_32
                0x000000000000051c                __vector_34
                0x000000000000051c                __vector_24
                0x000000000000051c                __bad_interrupt
                0x000000000000051c                __vector_6
                0x000000000000051c                __vector_31
                0x000000000000051c                __vector_35
                0x000000000000051c                __vector_39
                0x000000000000051c                __vector_3
                0x000000000000051c                __vector_23
                0x000000000000051c                __vector_30
                0x000000000000051c                __vector_25
                0x000000000000051c                __vector_13
                0x000000000000051c                __vector_17
                0x000000000000051c                __vector_19
                0x000000000000051c                __vector_7
                0x000000000000051c                __vector_41
                0x000000000000051c                __vector_27
                0x000000000000051c                __vector_5
                0x000000000000051c                __vector_33
                0x000000000000051c                __vector_37
                0x000000000000051c                __vector_4
                0x000000000000051c                __vector_9
                0x000000000000051c                __vector_2
                0x000000000000051c                __vector_15
                0x000000000000051c                __vector_36
                0x000000000000051c                __vector_29
                0x000000000000051c                __vector_40
                0x000000000000051c                __vector_8
                0x000000000000051c                __vector_26
                0x000000000000051c                __vector_14
                0x000000000000051c                __vector_16
                0x000000000000051c                __vector_18
                0x000000000000051c                __vector_20
                0x000000000000051c                __vector_38
                0x0000000000000520                . = ALIGN (0x2)
 *(.text.*)
 .text.init_cols
                0x0000000000000520       0x1a .build/obj_ergodox_ez_sfgabe_80/matrix.o
 .text.unselect_rows
                0x000000000000053a       0x1e .build/obj_ergodox_ez_sfgabe_80/matrix.o
 .text.select_row
                0x0000000000000558       0xa8 .build/obj_ergodox_ez_sfgabe_80/matrix.o
 .text.read_cols
                0x0000000000000600       0x6e .build/obj_ergodox_ez_sfgabe_80/matrix.o
 .text.matrix_init_custom
                0x000000000000066e       0x16 .build/obj_ergodox_ez_sfgabe_80/matrix.o
                0x000000000000066e                matrix_init_custom
 .text.matrix_scan_custom
                0x0000000000000684       0xa4 .build/obj_ergodox_ez_sfgabe_80/matrix.o
                0x0000000000000684                matrix_scan_custom
 .text.matrix_power_up
                0x0000000000000728       0x26 .build/obj_ergodox_ez_sfgabe_80/matrix.o
                0x0000000000000728                matrix_power_up
 .text.ergodox_right_led_1_on
                0x000000000000074e        0x6 .build/obj_ergodox_ez_sfgabe_80/keyboards/ergodox_ez/ergodox_ez.o
                0x000000000000074e                ergodox_right_led_1_on
 .text.ergodox_right_led_2_on
                0x0000000000000754        0x6 .build/obj_ergodox_ez_sfgabe_80/keyboards/ergodox_ez/ergodox_ez.o
                0x0000000000000754                ergodox_right_led_2_on
 .text.ergodox_right_led_3_on
                0x000000000000075a        0x6 .build/obj_ergodox_ez_sfgabe_80/keyboards/ergodox_ez/ergodox_ez.o
                0x000000000000075a                ergodox_right_led_3_on
 .text.ergodox_board_led_off
                0x0000000000000760        0x6 .build/obj_ergodox_ez_sfgabe_80/keyboards/ergodox_ez/ergodox_ez.o
                0x0000000000000760                ergodox_board_led_off
 .text.ergodox_right_led_1_off
                0x0000000000000766        0x6 .build/obj_ergodox_ez_sfgabe_80/keyboards/ergodox_ez/ergodox_ez.o
                0x0000000000000766                ergodox_right_led_1_off
 .text.ergodox_right_led_2_off
                0x000000000000076c        0x6 .build/obj_ergodox_ez_sfgabe_80/keyboards/ergodox_ez/ergodox_ez.o
                0x000000000000076c                ergodox_right_led_2_off
 .text.ergodox_right_led_3_off
                0x0000000000000772        0x6 .build/obj_ergodox_ez_sfgabe_80/keyboards/ergodox_ez/ergodox_ez.o
                0x0000000000000772                ergodox_right_led_3_off
 .text.ergodox_led_all_off
                0x0000000000000778       0x10 .build/obj_ergodox_ez_sfgabe_80/keyboards/ergodox_ez/ergodox_ez.o
                0x0000000000000778                ergodox_led_all_off
 .text.ergodox_led_all_set
                0x0000000000000788       0x1c .build/obj_ergodox_ez_sfgabe_80/keyboards/ergodox_ez/ergodox_ez.o
                0x0000000000000788                ergodox_led_all_set
 .text.ergodox_blink_all_leds
                0x00000000000007a4       0x80 .build/obj_ergodox_ez_sfgabe_80/keyboards/ergodox_ez/ergodox_ez.o
                0x00000000000007a4                ergodox_blink_all_leds
 .text.matrix_init_kb
                0x0000000000000824       0x56 .build/obj_ergodox_ez_sfgabe_80/keyboards/ergodox_ez/ergodox_ez.o
                0x0000000000000824                matrix_init_kb
 .text.init_mcp23018
                0x000000000000087a       0xee .build/obj_ergodox_ez_sfgabe_80/keyboards/ergodox_ez/ergodox_ez.o
                0x000000000000087a                init_mcp23018
 .text.eeconfig_init_kb
                0x0000000000000968       0x30 .build/obj_ergodox_ez_sfgabe_80/keyboards/ergodox_ez/ergodox_ez.o
                0x0000000000000968                eeconfig_init_kb
 .text.matrix_init_user
                0x0000000000000998        0x2 .build/obj_ergodox_ez_sfgabe_80/keyboards/ergodox_ez/keymaps/sfgabe_80/keymap.o
                0x0000000000000998                matrix_init_user
 .text.matrix_scan_user
                0x000000000000099a       0x5e .build/obj_ergodox_ez_sfgabe_80/keyboards/ergodox_ez/keymaps/sfgabe_80/keymap.o
                0x000000000000099a                matrix_scan_user
 .text.do_code16
                0x00000000000009f8       0x6e .build/obj_ergodox_ez_sfgabe_80/quantum/quantum.o
 .text.register_code16
                0x0000000000000a66       0x2a .build/obj_ergodox_ez_sfgabe_80/quantum/quantum.o
                0x0000000000000a66                register_code16
 .text.unregister_code16
                0x0000000000000a90       0x2a .build/obj_ergodox_ez_sfgabe_80/quantum/quantum.o
                0x0000000000000a90                unregister_code16
 .text.tap_code16
                0x0000000000000aba       0x14 .build/obj_ergodox_ez_sfgabe_80/quantum/quantum.o
                0x0000000000000aba                tap_code16
 .text.process_action_kb
                0x0000000000000ace        0x4 .build/obj_ergodox_ez_sfgabe_80/quantum/quantum.o
                0x0000000000000ace                process_action_kb
 .text.process_record_user
                0x0000000000000ad2        0x4 .build/obj_ergodox_ez_sfgabe_80/quantum/quantum.o
                0x0000000000000ad2                process_record_user
 .text.process_record_kb
                0x0000000000000ad6        0x4 .build/obj_ergodox_ez_sfgabe_80/quantum/quantum.o
                0x0000000000000ad6                process_record_kb
 .text.post_process_record_user
                0x0000000000000ada        0x2 .build/obj_ergodox_ez_sfgabe_80/quantum/quantum.o
                0x0000000000000ada                post_process_record_user
 .text.post_process_record_kb
                0x0000000000000adc        0x4 .build/obj_ergodox_ez_sfgabe_80/quantum/quantum.o
                0x0000000000000adc                post_process_record_kb
 .text.get_event_keycode
                0x0000000000000ae0       0x66 .build/obj_ergodox_ez_sfgabe_80/quantum/quantum.o
                0x0000000000000ae0                get_event_keycode
 .text.get_record_keycode
                0x0000000000000b46       0x12 .build/obj_ergodox_ez_sfgabe_80/quantum/quantum.o
                0x0000000000000b46                get_record_keycode
 .text.post_process_record_quantum
                0x0000000000000b58       0x16 .build/obj_ergodox_ez_sfgabe_80/quantum/quantum.o
                0x0000000000000b58                post_process_record_quantum
 .text.matrix_init_quantum
                0x0000000000000b6e       0x14 .build/obj_ergodox_ez_sfgabe_80/quantum/quantum.o
                0x0000000000000b6e                matrix_init_quantum
 .text.matrix_scan_quantum
                0x0000000000000b82        0x4 .build/obj_ergodox_ez_sfgabe_80/quantum/quantum.o
                0x0000000000000b82                matrix_scan_quantum
 .text.hex_to_keycode
                0x0000000000000b86       0x1c .build/obj_ergodox_ez_sfgabe_80/quantum/quantum.o
                0x0000000000000b86                hex_to_keycode
 .text.led_set_user
                0x0000000000000ba2        0x2 .build/obj_ergodox_ez_sfgabe_80/quantum/quantum.o
                0x0000000000000ba2                led_set_user
 .text.led_set_kb
                0x0000000000000ba4        0x4 .build/obj_ergodox_ez_sfgabe_80/quantum/quantum.o
                0x0000000000000ba4                led_set_kb
 .text.led_update_user
                0x0000000000000ba8        0x4 .build/obj_ergodox_ez_sfgabe_80/quantum/quantum.o
                0x0000000000000ba8                led_update_user
 .text.led_update_kb
                0x0000000000000bac        0x4 .build/obj_ergodox_ez_sfgabe_80/quantum/quantum.o
                0x0000000000000bac                led_update_kb
 .text.led_set  0x0000000000000bb0       0x10 .build/obj_ergodox_ez_sfgabe_80/quantum/quantum.o
                0x0000000000000bb0                led_set
 .text.shutdown_user
                0x0000000000000bc0        0x2 .build/obj_ergodox_ez_sfgabe_80/quantum/quantum.o
                0x0000000000000bc0                shutdown_user
 .text.reset_keyboard
                0x0000000000000bc2       0x1e .build/obj_ergodox_ez_sfgabe_80/quantum/quantum.o
                0x0000000000000bc2                reset_keyboard
 .text.process_record_quantum
                0x0000000000000be0       0x84 .build/obj_ergodox_ez_sfgabe_80/quantum/quantum.o
                0x0000000000000be0                process_record_quantum
 .text.keymap_key_to_keycode
                0x0000000000000c64       0x28 .build/obj_ergodox_ez_sfgabe_80/quantum/keymap_common.o
                0x0000000000000c64                keymap_key_to_keycode
 .text.action_for_key
                0x0000000000000c8c      0x20a .build/obj_ergodox_ez_sfgabe_80/quantum/keymap_common.o
                0x0000000000000c8c                action_for_key
 .text.keycode_config
                0x0000000000000e96      0x12e .build/obj_ergodox_ez_sfgabe_80/quantum/keycode_config.o
                0x0000000000000e96                keycode_config
 .text.mod_config
                0x0000000000000fc4       0x86 .build/obj_ergodox_ez_sfgabe_80/quantum/keycode_config.o
                0x0000000000000fc4                mod_config
 .text.matrix_scan_kb
                0x000000000000104a        0x4 .build/obj_ergodox_ez_sfgabe_80/quantum/matrix_common.o
                0x000000000000104a                matrix_scan_kb
 .text.matrix_get_row
                0x000000000000104e        0xc .build/obj_ergodox_ez_sfgabe_80/quantum/matrix_common.o
                0x000000000000104e                matrix_get_row
 .text.matrix_print
                0x000000000000105a        0x2 .build/obj_ergodox_ez_sfgabe_80/quantum/matrix_common.o
                0x000000000000105a                matrix_print
 .text.matrix_init
                0x000000000000105c       0x22 .build/obj_ergodox_ez_sfgabe_80/quantum/matrix_common.o
                0x000000000000105c                matrix_init
 .text.matrix_scan
                0x000000000000107e       0x26 .build/obj_ergodox_ez_sfgabe_80/quantum/matrix_common.o
                0x000000000000107e                matrix_scan
 .text.debounce_init
                0x00000000000010a4       0x28 .build/obj_ergodox_ez_sfgabe_80/quantum/debounce/sym_eager_pr.o
                0x00000000000010a4                debounce_init
 .text.update_debounce_counters
                0x00000000000010cc       0x88 .build/obj_ergodox_ez_sfgabe_80/quantum/debounce/sym_eager_pr.o
                0x00000000000010cc                update_debounce_counters
 .text.transfer_matrix_values
                0x0000000000001154       0x62 .build/obj_ergodox_ez_sfgabe_80/quantum/debounce/sym_eager_pr.o
                0x0000000000001154                transfer_matrix_values
 .text.debounce
                0x00000000000011b6       0x9a .build/obj_ergodox_ez_sfgabe_80/quantum/debounce/sym_eager_pr.o
                0x00000000000011b6                debounce
 .text.process_unicode
                0x0000000000001250       0x2a .build/obj_ergodox_ez_sfgabe_80/quantum/process_keycode/process_unicode.o
                0x0000000000001250                process_unicode
 .text.unicode_input_mode_init
                0x000000000000127a       0x20 .build/obj_ergodox_ez_sfgabe_80/quantum/process_keycode/process_unicode_common.o
                0x000000000000127a                unicode_input_mode_init
 .text.persist_unicode_input_mode
                0x000000000000129a        0xc .build/obj_ergodox_ez_sfgabe_80/quantum/process_keycode/process_unicode_common.o
                0x000000000000129a                persist_unicode_input_mode
 .text.unicode_input_start
                0x00000000000012a6       0x58 .build/obj_ergodox_ez_sfgabe_80/quantum/process_keycode/process_unicode_common.o
                0x00000000000012a6                unicode_input_start
 .text.unicode_input_finish
                0x00000000000012fe       0x30 .build/obj_ergodox_ez_sfgabe_80/quantum/process_keycode/process_unicode_common.o
                0x00000000000012fe                unicode_input_finish
 .text.register_hex
                0x000000000000132e       0x3a .build/obj_ergodox_ez_sfgabe_80/quantum/process_keycode/process_unicode_common.o
                0x000000000000132e                register_hex
 .text.process_unicode_common
                0x0000000000001368       0x3c .build/obj_ergodox_ez_sfgabe_80/quantum/process_keycode/process_unicode_common.o
                0x0000000000001368                process_unicode_common
 .text.perform_space_cadet
                0x00000000000013a4      0x116 .build/obj_ergodox_ez_sfgabe_80/quantum/process_keycode/process_space_cadet.o
                0x00000000000013a4                perform_space_cadet
 .text.process_space_cadet
                0x00000000000014ba       0xa4 .build/obj_ergodox_ez_sfgabe_80/quantum/process_keycode/process_space_cadet.o
                0x00000000000014ba                process_space_cadet
 .text.process_magic
                0x000000000000155e      0x246 .build/obj_ergodox_ez_sfgabe_80/quantum/process_keycode/process_magic.o
                0x000000000000155e                process_magic
 .text.process_grave_esc
                0x00000000000017a4       0x54 .build/obj_ergodox_ez_sfgabe_80/quantum/process_keycode/process_grave_esc.o
                0x00000000000017a4                process_grave_esc
 .text.i2c_init
                0x00000000000017f8        0xc .build/obj_ergodox_ez_sfgabe_80/i2c_master.a(i2c_master.o)
                0x00000000000017f8                i2c_init
 .text.i2c_start
                0x0000000000001804       0xb8 .build/obj_ergodox_ez_sfgabe_80/i2c_master.a(i2c_master.o)
                0x0000000000001804                i2c_start
 .text.i2c_write
                0x00000000000018bc       0x5e .build/obj_ergodox_ez_sfgabe_80/i2c_master.a(i2c_master.o)
                0x00000000000018bc                i2c_write
 .text.i2c_read_nack
                0x000000000000191a       0x48 .build/obj_ergodox_ez_sfgabe_80/i2c_master.a(i2c_master.o)
                0x000000000000191a                i2c_read_nack
 .text.i2c_stop
                0x0000000000001962        0x8 .build/obj_ergodox_ez_sfgabe_80/i2c_master.a(i2c_master.o)
                0x0000000000001962                i2c_stop
 .text.host_set_driver
                0x000000000000196a        0xa .build/obj_ergodox_ez_sfgabe_80/common/host.o
                0x000000000000196a                host_set_driver
 .text.host_keyboard_leds
                0x0000000000001974       0x18 .build/obj_ergodox_ez_sfgabe_80/common/host.o
                0x0000000000001974                host_keyboard_leds
 .text.host_keyboard_send
                0x000000000000198c       0x34 .build/obj_ergodox_ez_sfgabe_80/common/host.o
                0x000000000000198c                host_keyboard_send
 .text.host_mouse_send
                0x00000000000019c0       0x1c .build/obj_ergodox_ez_sfgabe_80/common/host.o
                0x00000000000019c0                host_mouse_send
 .text.host_system_send
                0x00000000000019dc       0x2c .build/obj_ergodox_ez_sfgabe_80/common/host.o
                0x00000000000019dc                host_system_send
 .text.host_consumer_send
                0x0000000000001a08       0x2c .build/obj_ergodox_ez_sfgabe_80/common/host.o
                0x0000000000001a08                host_consumer_send
 .text.disable_jtag
                0x0000000000001a34        0xe .build/obj_ergodox_ez_sfgabe_80/common/keyboard.o
                0x0000000000001a34                disable_jtag
 .text.keyboard_pre_init_user
                0x0000000000001a42        0x2 .build/obj_ergodox_ez_sfgabe_80/common/keyboard.o
                0x0000000000001a42                keyboard_pre_init_user
 .text.matrix_setup
                0x0000000000001a44        0x2 .build/obj_ergodox_ez_sfgabe_80/common/keyboard.o
                0x0000000000001a44                matrix_setup
 .text.keyboard_pre_init_kb
                0x0000000000001a46        0x4 .build/obj_ergodox_ez_sfgabe_80/common/keyboard.o
                0x0000000000001a46                keyboard_pre_init_kb
 .text.keyboard_post_init_user
                0x0000000000001a4a        0x2 .build/obj_ergodox_ez_sfgabe_80/common/keyboard.o
                0x0000000000001a4a                keyboard_post_init_user
 .text.keyboard_post_init_kb
                0x0000000000001a4c        0x4 .build/obj_ergodox_ez_sfgabe_80/common/keyboard.o
                0x0000000000001a4c                keyboard_post_init_kb
 .text.keyboard_setup
                0x0000000000001a50        0xc .build/obj_ergodox_ez_sfgabe_80/common/keyboard.o
                0x0000000000001a50                keyboard_setup
 .text.is_keyboard_master
                0x0000000000001a5c        0x4 .build/obj_ergodox_ez_sfgabe_80/common/keyboard.o
                0x0000000000001a5c                is_keyboard_master
 .text.should_process_keypress
                0x0000000000001a60        0x4 .build/obj_ergodox_ez_sfgabe_80/common/keyboard.o
                0x0000000000001a60                should_process_keypress
 .text.keyboard_init
                0x0000000000001a64       0x10 .build/obj_ergodox_ez_sfgabe_80/common/keyboard.o
                0x0000000000001a64                keyboard_init
 .text.keyboard_task
                0x0000000000001a74      0x12e .build/obj_ergodox_ez_sfgabe_80/common/keyboard.o
                0x0000000000001a74                keyboard_task
 .text.process_hand_swap
                0x0000000000001ba2       0x70 .build/obj_ergodox_ez_sfgabe_80/common/action.o
                0x0000000000001ba2                process_hand_swap
 .text.action_exec
                0x0000000000001c12       0x70 .build/obj_ergodox_ez_sfgabe_80/common/action.o
                0x0000000000001c12                action_exec
 .text.process_record_tap_hint
                0x0000000000001c82       0x28 .build/obj_ergodox_ez_sfgabe_80/common/action.o
                0x0000000000001c82                process_record_tap_hint
 .text.register_code
                0x0000000000001caa      0x12e .build/obj_ergodox_ez_sfgabe_80/common/action.o
                0x0000000000001caa                register_code
 .text.unregister_code
                0x0000000000001dd8       0xac .build/obj_ergodox_ez_sfgabe_80/common/action.o
                0x0000000000001dd8                unregister_code
 .text.tap_code
                0x0000000000001e84       0x26 .build/obj_ergodox_ez_sfgabe_80/common/action.o
                0x0000000000001e84                tap_code
 .text.register_mods
                0x0000000000001eaa        0xe .build/obj_ergodox_ez_sfgabe_80/common/action.o
                0x0000000000001eaa                register_mods
 .text.unregister_mods
                0x0000000000001eb8        0xe .build/obj_ergodox_ez_sfgabe_80/common/action.o
                0x0000000000001eb8                unregister_mods
 .text.process_action
                0x0000000000001ec6      0x4fa .build/obj_ergodox_ez_sfgabe_80/common/action.o
                0x0000000000001ec6                process_action
 .text.process_record_handler
                0x00000000000023c0       0x2e .build/obj_ergodox_ez_sfgabe_80/common/action.o
                0x00000000000023c0                process_record_handler
 .text.process_record
                0x00000000000023ee       0x50 .build/obj_ergodox_ez_sfgabe_80/common/action.o
                0x00000000000023ee                process_record
 .text.register_weak_mods
                0x000000000000243e        0xe .build/obj_ergodox_ez_sfgabe_80/common/action.o
                0x000000000000243e                register_weak_mods
 .text.unregister_weak_mods
                0x000000000000244c        0xe .build/obj_ergodox_ez_sfgabe_80/common/action.o
                0x000000000000244c                unregister_weak_mods
 .text.clear_keyboard_but_mods_and_keys
                0x000000000000245a       0x24 .build/obj_ergodox_ez_sfgabe_80/common/action.o
                0x000000000000245a                clear_keyboard_but_mods_and_keys
 .text.clear_keyboard_but_mods
                0x000000000000247e        0x8 .build/obj_ergodox_ez_sfgabe_80/common/action.o
                0x000000000000247e                clear_keyboard_but_mods
 .text.clear_keyboard
                0x0000000000002486        0x8 .build/obj_ergodox_ez_sfgabe_80/common/action.o
                0x0000000000002486                clear_keyboard
 .text.is_tap_action
                0x000000000000248e       0x3e .build/obj_ergodox_ez_sfgabe_80/common/action.o
                0x000000000000248e                is_tap_action
 .text.is_tap_key
                0x00000000000024cc        0x8 .build/obj_ergodox_ez_sfgabe_80/common/action.o
                0x00000000000024cc                is_tap_key
 .text.debug_event
                0x00000000000024d4       0x1e .build/obj_ergodox_ez_sfgabe_80/common/action.o
                0x00000000000024d4                debug_event
 .text.debug_record
                0x00000000000024f2       0x20 .build/obj_ergodox_ez_sfgabe_80/common/action.o
                0x00000000000024f2                debug_record
 .text.debug_waiting_buffer
                0x0000000000002512       0x42 .build/obj_ergodox_ez_sfgabe_80/common/action_tapping.o
 .text.debug_tapping_key
                0x0000000000002554       0x1c .build/obj_ergodox_ez_sfgabe_80/common/action_tapping.o
 .text.waiting_buffer_scan_tap
                0x0000000000002570       0xac .build/obj_ergodox_ez_sfgabe_80/common/action_tapping.o
 .text.process_tapping
                0x000000000000261c      0x356 .build/obj_ergodox_ez_sfgabe_80/common/action_tapping.o
 .text.get_tapping_term
                0x0000000000002972        0x6 .build/obj_ergodox_ez_sfgabe_80/common/action_tapping.o
                0x0000000000002972                get_tapping_term
 .text.action_tapping_process
                0x0000000000002978      0x134 .build/obj_ergodox_ez_sfgabe_80/common/action_tapping.o
                0x0000000000002978                action_tapping_process
 .text.default_layer_state_set_user
                0x0000000000002aac        0x2 .build/obj_ergodox_ez_sfgabe_80/common/action_layer.o
                0x0000000000002aac                default_layer_state_set_user
 .text.default_layer_state_set_kb
                0x0000000000002aae        0x4 .build/obj_ergodox_ez_sfgabe_80/common/action_layer.o
                0x0000000000002aae                default_layer_state_set_kb
 .text.default_layer_state_set
                0x0000000000002ab2       0x18 .build/obj_ergodox_ez_sfgabe_80/common/action_layer.o
 .text.default_layer_debug
                0x0000000000002aca        0x2 .build/obj_ergodox_ez_sfgabe_80/common/action_layer.o
                0x0000000000002aca                default_layer_debug
 .text.default_layer_set
                0x0000000000002acc        0x4 .build/obj_ergodox_ez_sfgabe_80/common/action_layer.o
                0x0000000000002acc                default_layer_set
 .text.default_layer_or
                0x0000000000002ad0       0x24 .build/obj_ergodox_ez_sfgabe_80/common/action_layer.o
                0x0000000000002ad0                default_layer_or
 .text.default_layer_and
                0x0000000000002af4       0x24 .build/obj_ergodox_ez_sfgabe_80/common/action_layer.o
                0x0000000000002af4                default_layer_and
 .text.default_layer_xor
                0x0000000000002b18       0x24 .build/obj_ergodox_ez_sfgabe_80/common/action_layer.o
                0x0000000000002b18                default_layer_xor
 .text.layer_state_set_user
                0x0000000000002b3c        0x4 .build/obj_ergodox_ez_sfgabe_80/common/action_layer.o
                0x0000000000002b3c                layer_state_set_user
 .text.layer_state_set_kb
                0x0000000000002b40        0x4 .build/obj_ergodox_ez_sfgabe_80/common/action_layer.o
                0x0000000000002b40                layer_state_set_kb
 .text.layer_state_set
                0x0000000000002b44       0x18 .build/obj_ergodox_ez_sfgabe_80/common/action_layer.o
                0x0000000000002b44                layer_state_set
 .text.layer_clear
                0x0000000000002b5c        0xa .build/obj_ergodox_ez_sfgabe_80/common/action_layer.o
                0x0000000000002b5c                layer_clear
 .text.layer_move
                0x0000000000002b66       0x2a .build/obj_ergodox_ez_sfgabe_80/common/action_layer.o
                0x0000000000002b66                layer_move
 .text.layer_on
                0x0000000000002b90       0x42 .build/obj_ergodox_ez_sfgabe_80/common/action_layer.o
                0x0000000000002b90                layer_on
 .text.layer_off
                0x0000000000002bd2       0x46 .build/obj_ergodox_ez_sfgabe_80/common/action_layer.o
                0x0000000000002bd2                layer_off
 .text.layer_invert
                0x0000000000002c18       0x42 .build/obj_ergodox_ez_sfgabe_80/common/action_layer.o
                0x0000000000002c18                layer_invert
 .text.layer_or
                0x0000000000002c5a       0x24 .build/obj_ergodox_ez_sfgabe_80/common/action_layer.o
                0x0000000000002c5a                layer_or
 .text.layer_and
                0x0000000000002c7e       0x24 .build/obj_ergodox_ez_sfgabe_80/common/action_layer.o
                0x0000000000002c7e                layer_and
 .text.layer_xor
                0x0000000000002ca2       0x24 .build/obj_ergodox_ez_sfgabe_80/common/action_layer.o
                0x0000000000002ca2                layer_xor
 .text.layer_debug
                0x0000000000002cc6        0x2 .build/obj_ergodox_ez_sfgabe_80/common/action_layer.o
                0x0000000000002cc6                layer_debug
 .text.update_source_layers_cache
                0x0000000000002cc8       0x5c .build/obj_ergodox_ez_sfgabe_80/common/action_layer.o
                0x0000000000002cc8                update_source_layers_cache
 .text.read_source_layers_cache
                0x0000000000002d24       0x52 .build/obj_ergodox_ez_sfgabe_80/common/action_layer.o
                0x0000000000002d24                read_source_layers_cache
 .text.layer_switch_get_layer
                0x0000000000002d76       0x84 .build/obj_ergodox_ez_sfgabe_80/common/action_layer.o
                0x0000000000002d76                layer_switch_get_layer
 .text.layer_switch_get_action
                0x0000000000002dfa       0x14 .build/obj_ergodox_ez_sfgabe_80/common/action_layer.o
                0x0000000000002dfa                layer_switch_get_action
 .text.store_or_get_action
                0x0000000000002e0e       0x48 .build/obj_ergodox_ez_sfgabe_80/common/action_layer.o
                0x0000000000002e0e                store_or_get_action
 .text.add_key  0x0000000000002e56        0xe .build/obj_ergodox_ez_sfgabe_80/common/action_util.o
                0x0000000000002e56                add_key
 .text.del_key  0x0000000000002e64        0xe .build/obj_ergodox_ez_sfgabe_80/common/action_util.o
                0x0000000000002e64                del_key
 .text.clear_keys
                0x0000000000002e72        0xc .build/obj_ergodox_ez_sfgabe_80/common/action_util.o
                0x0000000000002e72                clear_keys
 .text.get_oneshot_layer
                0x0000000000002e7e        0xc .build/obj_ergodox_ez_sfgabe_80/common/action_util.o
                0x0000000000002e7e                get_oneshot_layer
 .text.get_oneshot_layer_state
                0x0000000000002e8a        0x8 .build/obj_ergodox_ez_sfgabe_80/common/action_util.o
                0x0000000000002e8a                get_oneshot_layer_state
 .text.set_oneshot_swaphands
                0x0000000000002e92        0xe .build/obj_ergodox_ez_sfgabe_80/common/action_util.o
                0x0000000000002e92                set_oneshot_swaphands
 .text.clear_oneshot_swaphands
                0x0000000000002ea0        0xa .build/obj_ergodox_ez_sfgabe_80/common/action_util.o
                0x0000000000002ea0                clear_oneshot_swaphands
 .text.release_oneshot_swaphands
                0x0000000000002eaa       0x1a .build/obj_ergodox_ez_sfgabe_80/common/action_util.o
                0x0000000000002eaa                release_oneshot_swaphands
 .text.use_oneshot_swaphands
                0x0000000000002ec4       0x1a .build/obj_ergodox_ez_sfgabe_80/common/action_util.o
                0x0000000000002ec4                use_oneshot_swaphands
 .text.is_oneshot_layer_active
                0x0000000000002ede        0xe .build/obj_ergodox_ez_sfgabe_80/common/action_util.o
                0x0000000000002ede                is_oneshot_layer_active
 .text.get_mods
                0x0000000000002eec        0x6 .build/obj_ergodox_ez_sfgabe_80/common/action_util.o
                0x0000000000002eec                get_mods
 .text.add_mods
                0x0000000000002ef2        0xc .build/obj_ergodox_ez_sfgabe_80/common/action_util.o
                0x0000000000002ef2                add_mods
 .text.del_mods
                0x0000000000002efe        0xe .build/obj_ergodox_ez_sfgabe_80/common/action_util.o
                0x0000000000002efe                del_mods
 .text.set_mods
                0x0000000000002f0c        0x6 .build/obj_ergodox_ez_sfgabe_80/common/action_util.o
                0x0000000000002f0c                set_mods
 .text.clear_mods
                0x0000000000002f12        0x6 .build/obj_ergodox_ez_sfgabe_80/common/action_util.o
                0x0000000000002f12                clear_mods
 .text.add_weak_mods
                0x0000000000002f18        0xc .build/obj_ergodox_ez_sfgabe_80/common/action_util.o
                0x0000000000002f18                add_weak_mods
 .text.del_weak_mods
                0x0000000000002f24        0xe .build/obj_ergodox_ez_sfgabe_80/common/action_util.o
                0x0000000000002f24                del_weak_mods
 .text.clear_weak_mods
                0x0000000000002f32        0x6 .build/obj_ergodox_ez_sfgabe_80/common/action_util.o
                0x0000000000002f32                clear_weak_mods
 .text.clear_macro_mods
                0x0000000000002f38        0x6 .build/obj_ergodox_ez_sfgabe_80/common/action_util.o
                0x0000000000002f38                clear_macro_mods
 .text.get_oneshot_mods
                0x0000000000002f3e        0x6 .build/obj_ergodox_ez_sfgabe_80/common/action_util.o
                0x0000000000002f3e                get_oneshot_mods
 .text.oneshot_mods_changed_user
                0x0000000000002f44        0x2 .build/obj_ergodox_ez_sfgabe_80/common/action_util.o
                0x0000000000002f44                oneshot_mods_changed_user
 .text.oneshot_mods_changed_kb
                0x0000000000002f46        0x4 .build/obj_ergodox_ez_sfgabe_80/common/action_util.o
                0x0000000000002f46                oneshot_mods_changed_kb
 .text.set_oneshot_mods
                0x0000000000002f4a       0x12 .build/obj_ergodox_ez_sfgabe_80/common/action_util.o
                0x0000000000002f4a                set_oneshot_mods
 .text.clear_oneshot_mods
                0x0000000000002f5c       0x14 .build/obj_ergodox_ez_sfgabe_80/common/action_util.o
                0x0000000000002f5c                clear_oneshot_mods
 .text.send_keyboard_report
                0x0000000000002f70       0x66 .build/obj_ergodox_ez_sfgabe_80/common/action_util.o
                0x0000000000002f70                send_keyboard_report
 .text.oneshot_layer_changed_user
                0x0000000000002fd6        0x2 .build/obj_ergodox_ez_sfgabe_80/common/action_util.o
                0x0000000000002fd6                oneshot_layer_changed_user
 .text.oneshot_layer_changed_kb
                0x0000000000002fd8        0x4 .build/obj_ergodox_ez_sfgabe_80/common/action_util.o
                0x0000000000002fd8                oneshot_layer_changed_kb
 .text.set_oneshot_layer
                0x0000000000002fdc       0x20 .build/obj_ergodox_ez_sfgabe_80/common/action_util.o
                0x0000000000002fdc                set_oneshot_layer
 .text.reset_oneshot_layer
                0x0000000000002ffc        0xa .build/obj_ergodox_ez_sfgabe_80/common/action_util.o
                0x0000000000002ffc                reset_oneshot_layer
 .text.clear_oneshot_layer_state
                0x0000000000003006       0x30 .build/obj_ergodox_ez_sfgabe_80/common/action_util.o
                0x0000000000003006                clear_oneshot_layer_state
 .text.biton32  0x0000000000003036       0x9a .build/obj_ergodox_ez_sfgabe_80/common/util.o
                0x0000000000003036                biton32
 .text.eeconfig_is_enabled
                0x00000000000030d0       0x16 .build/obj_ergodox_ez_sfgabe_80/common/eeconfig.o
                0x00000000000030d0                eeconfig_is_enabled
 .text.eeconfig_read_debug
                0x00000000000030e6        0x8 .build/obj_ergodox_ez_sfgabe_80/common/eeconfig.o
                0x00000000000030e6                eeconfig_read_debug
 .text.eeconfig_read_default_layer
                0x00000000000030ee        0x8 .build/obj_ergodox_ez_sfgabe_80/common/eeconfig.o
                0x00000000000030ee                eeconfig_read_default_layer
 .text.eeconfig_read_keymap
                0x00000000000030f6       0x1c .build/obj_ergodox_ez_sfgabe_80/common/eeconfig.o
                0x00000000000030f6                eeconfig_read_keymap
 .text.eeconfig_update_keymap
                0x0000000000003112       0x1a .build/obj_ergodox_ez_sfgabe_80/common/eeconfig.o
                0x0000000000003112                eeconfig_update_keymap
 .text.eeconfig_read_kb
                0x000000000000312c        0x8 .build/obj_ergodox_ez_sfgabe_80/common/eeconfig.o
                0x000000000000312c                eeconfig_read_kb
 .text.eeconfig_update_kb
                0x0000000000003134        0xc .build/obj_ergodox_ez_sfgabe_80/common/eeconfig.o
                0x0000000000003134                eeconfig_update_kb
 .text.eeconfig_update_user
                0x0000000000003140        0xc .build/obj_ergodox_ez_sfgabe_80/common/eeconfig.o
                0x0000000000003140                eeconfig_update_user
 .text.eeconfig_init_user
                0x000000000000314c        0xa .build/obj_ergodox_ez_sfgabe_80/common/eeconfig.o
                0x000000000000314c                eeconfig_init_user
 .text.eeconfig_init_quantum
                0x0000000000003156       0xae .build/obj_ergodox_ez_sfgabe_80/common/eeconfig.o
                0x0000000000003156                eeconfig_init_quantum
 .text.eeconfig_init
                0x0000000000003204        0x4 .build/obj_ergodox_ez_sfgabe_80/common/eeconfig.o
                0x0000000000003204                eeconfig_init
 .text.eeconfig_update_handedness
                0x0000000000003208        0xa .build/obj_ergodox_ez_sfgabe_80/common/eeconfig.o
                0x0000000000003208                eeconfig_update_handedness
 .text.has_anykey
                0x0000000000003212       0x28 .build/obj_ergodox_ez_sfgabe_80/common/report.o
                0x0000000000003212                has_anykey
 .text.is_key_pressed
                0x000000000000323a       0x60 .build/obj_ergodox_ez_sfgabe_80/common/report.o
                0x000000000000323a                is_key_pressed
 .text.add_key_byte
                0x000000000000329a       0x34 .build/obj_ergodox_ez_sfgabe_80/common/report.o
                0x000000000000329a                add_key_byte
 .text.del_key_byte
                0x00000000000032ce       0x1a .build/obj_ergodox_ez_sfgabe_80/common/report.o
                0x00000000000032ce                del_key_byte
 .text.add_key_bit
                0x00000000000032e8       0x28 .build/obj_ergodox_ez_sfgabe_80/common/report.o
                0x00000000000032e8                add_key_bit
 .text.del_key_bit
                0x0000000000003310       0x2a .build/obj_ergodox_ez_sfgabe_80/common/report.o
                0x0000000000003310                del_key_bit
 .text.add_key_to_report
                0x000000000000333a       0x16 .build/obj_ergodox_ez_sfgabe_80/common/report.o
                0x000000000000333a                add_key_to_report
 .text.del_key_from_report
                0x0000000000003350       0x16 .build/obj_ergodox_ez_sfgabe_80/common/report.o
                0x0000000000003350                del_key_from_report
 .text.clear_keys_from_report
                0x0000000000003366       0x24 .build/obj_ergodox_ez_sfgabe_80/common/report.o
                0x0000000000003366                clear_keys_from_report
 .text.suspend_power_down_user
                0x000000000000338a        0x2 .build/obj_ergodox_ez_sfgabe_80/common/avr/suspend.o
                0x000000000000338a                suspend_power_down_user
 .text.suspend_power_down_kb
                0x000000000000338c        0x4 .build/obj_ergodox_ez_sfgabe_80/common/avr/suspend.o
                0x000000000000338c                suspend_power_down_kb
 .text.suspend_power_down
                0x0000000000003390       0x60 .build/obj_ergodox_ez_sfgabe_80/common/avr/suspend.o
                0x0000000000003390                suspend_power_down
 .text.matrix_power_down
                0x00000000000033f0        0x2 .build/obj_ergodox_ez_sfgabe_80/common/avr/suspend.o
                0x00000000000033f0                matrix_power_down
 .text.suspend_wakeup_condition
                0x00000000000033f2       0x28 .build/obj_ergodox_ez_sfgabe_80/common/avr/suspend.o
                0x00000000000033f2                suspend_wakeup_condition
 .text.suspend_wakeup_init_user
                0x000000000000341a        0x2 .build/obj_ergodox_ez_sfgabe_80/common/avr/suspend.o
                0x000000000000341a                suspend_wakeup_init_user
 .text.suspend_wakeup_init_kb
                0x000000000000341c        0x4 .build/obj_ergodox_ez_sfgabe_80/common/avr/suspend.o
                0x000000000000341c                suspend_wakeup_init_kb
 .text.suspend_wakeup_init
                0x0000000000003420       0x10 .build/obj_ergodox_ez_sfgabe_80/common/avr/suspend.o
                0x0000000000003420                suspend_wakeup_init
 .text.__vector_12
                0x0000000000003430       0x4e .build/obj_ergodox_ez_sfgabe_80/common/avr/suspend.o
                0x0000000000003430                __vector_12
 .text.timer_init
                0x000000000000347e       0x12 .build/obj_ergodox_ez_sfgabe_80/common/avr/timer.o
                0x000000000000347e                timer_init
 .text.timer_read
                0x0000000000003490       0x18 .build/obj_ergodox_ez_sfgabe_80/common/avr/timer.o
                0x0000000000003490                timer_read
 .text.timer_elapsed
                0x00000000000034a8       0x1e .build/obj_ergodox_ez_sfgabe_80/common/avr/timer.o
                0x00000000000034a8                timer_elapsed
 .text.__vector_21
                0x00000000000034c6       0x48 .build/obj_ergodox_ez_sfgabe_80/common/avr/timer.o
                0x00000000000034c6                __vector_21
 .text.bootloader_jump
                0x000000000000350e       0x64 .build/obj_ergodox_ez_sfgabe_80/common/avr/bootloader.o
                0x000000000000350e                bootloader_jump
 .text.magic    0x0000000000003572       0x44 .build/obj_ergodox_ez_sfgabe_80/common/magic.o
                0x0000000000003572                magic
 .text.move_unit
                0x00000000000035b6       0x94 .build/obj_ergodox_ez_sfgabe_80/common/mousekey.o
 .text.wheel_unit
                0x000000000000364a       0x72 .build/obj_ergodox_ez_sfgabe_80/common/mousekey.o
 .text.mousekey_on
                0x00000000000036bc       0xd0 .build/obj_ergodox_ez_sfgabe_80/common/mousekey.o
                0x00000000000036bc                mousekey_on
 .text.mousekey_off
                0x000000000000378c      0x106 .build/obj_ergodox_ez_sfgabe_80/common/mousekey.o
                0x000000000000378c                mousekey_off
 .text.mousekey_send
                0x0000000000003892       0x36 .build/obj_ergodox_ez_sfgabe_80/common/mousekey.o
                0x0000000000003892                mousekey_send
 .text.mousekey_task
                0x00000000000038c8      0x218 .build/obj_ergodox_ez_sfgabe_80/common/mousekey.o
                0x00000000000038c8                mousekey_task
 .text.mousekey_clear
                0x0000000000003ae0       0x1c .build/obj_ergodox_ez_sfgabe_80/common/mousekey.o
                0x0000000000003ae0                mousekey_clear
 .text.mousekey_param_inc
                0x0000000000003afc       0xec .build/obj_ergodox_ez_sfgabe_80/common/command.o
 .text.mousekey_param_dec
                0x0000000000003be8       0xa0 .build/obj_ergodox_ez_sfgabe_80/common/command.o
 .text.switch_default_layer
                0x0000000000003c88       0x2e .build/obj_ergodox_ez_sfgabe_80/common/command.o
 .text.command_common
                0x0000000000003cb6       0xc2 .build/obj_ergodox_ez_sfgabe_80/common/command.o
 .text.command_extra
                0x0000000000003d78        0x4 .build/obj_ergodox_ez_sfgabe_80/common/command.o
                0x0000000000003d78                command_extra
 .text.command_console_extra
                0x0000000000003d7c        0x4 .build/obj_ergodox_ez_sfgabe_80/common/command.o
                0x0000000000003d7c                command_console_extra
 .text.numkey2num
                0x0000000000003d80       0x16 .build/obj_ergodox_ez_sfgabe_80/common/command.o
                0x0000000000003d80                numkey2num
 .text.command_proc
                0x0000000000003d96      0x120 .build/obj_ergodox_ez_sfgabe_80/common/command.o
                0x0000000000003d96                command_proc
 .text.keyboard_leds
                0x0000000000003eb6        0x6 .build/obj_ergodox_ez_sfgabe_80/lufa.o
 .text.send_extra
                0x0000000000003ebc       0x66 .build/obj_ergodox_ez_sfgabe_80/lufa.o
 .text.send_consumer
                0x0000000000003f22        0x8 .build/obj_ergodox_ez_sfgabe_80/lufa.o
 .text.send_system
                0x0000000000003f2a        0x8 .build/obj_ergodox_ez_sfgabe_80/lufa.o
 .text.send_mouse
                0x0000000000003f32       0x42 .build/obj_ergodox_ez_sfgabe_80/lufa.o
 .text.send_keyboard
                0x0000000000003f74       0x80 .build/obj_ergodox_ez_sfgabe_80/lufa.o
 .text.EVENT_USB_Device_Connect
                0x0000000000003ff4       0x1c .build/obj_ergodox_ez_sfgabe_80/lufa.o
                0x0000000000003ff4                EVENT_USB_Device_Connect
 .text.EVENT_USB_Device_Disconnect
                0x0000000000004010        0x6 .build/obj_ergodox_ez_sfgabe_80/lufa.o
                0x0000000000004010                EVENT_USB_Device_Disconnect
 .text.EVENT_USB_Device_Reset
                0x0000000000004016        0x2 .build/obj_ergodox_ez_sfgabe_80/lufa.o
                0x0000000000004016                EVENT_USB_Device_Reset
 .text.EVENT_USB_Device_Suspend
                0x0000000000004018        0x2 .build/obj_ergodox_ez_sfgabe_80/lufa.o
                0x0000000000004018                EVENT_USB_Device_Suspend
 .text.EVENT_USB_Device_WakeUp
                0x000000000000401a        0x4 .build/obj_ergodox_ez_sfgabe_80/lufa.o
                0x000000000000401a                EVENT_USB_Device_WakeUp
 .text.EVENT_USB_Device_ConfigurationChanged
                0x000000000000401e       0x14 .build/obj_ergodox_ez_sfgabe_80/lufa.o
                0x000000000000401e                EVENT_USB_Device_ConfigurationChanged
 .text.EVENT_USB_Device_ControlRequest
                0x0000000000004032      0x16e .build/obj_ergodox_ez_sfgabe_80/lufa.o
                0x0000000000004032                EVENT_USB_Device_ControlRequest
 .text.startup.main
                0x00000000000041a0       0x7e .build/obj_ergodox_ez_sfgabe_80/lufa.o
                0x00000000000041a0                main
 .text.CALLBACK_USB_GetDescriptor
                0x000000000000421e        0x4 .build/obj_ergodox_ez_sfgabe_80/lufa.o
                0x000000000000421e                CALLBACK_USB_GetDescriptor
 .text.get_usb_descriptor
                0x0000000000004222       0xbc .build/obj_ergodox_ez_sfgabe_80/usb_descriptor.o
                0x0000000000004222                get_usb_descriptor
 .text.USB_Device_SendRemoteWakeup
                0x00000000000042de       0x2c .build/obj_ergodox_ez_sfgabe_80/lib/lufa/LUFA/Drivers/USB/Core/AVR8/Device_AVR8.o
                0x00000000000042de                USB_Device_SendRemoteWakeup
 .text.Endpoint_Write_Stream_LE
                0x000000000000430a       0x9e .build/obj_ergodox_ez_sfgabe_80/lib/lufa/LUFA/Drivers/USB/Core/AVR8/EndpointStream_AVR8.o
                0x000000000000430a                Endpoint_Write_Stream_LE
 .text.Endpoint_Write_Control_Stream_LE
                0x00000000000043a8       0xbc .build/obj_ergodox_ez_sfgabe_80/lib/lufa/LUFA/Drivers/USB/Core/AVR8/EndpointStream_AVR8.o
                0x00000000000043a8                Endpoint_Write_Control_Stream_LE
 .text.Endpoint_Write_Control_PStream_LE
                0x0000000000004464       0xbe .build/obj_ergodox_ez_sfgabe_80/lib/lufa/LUFA/Drivers/USB/Core/AVR8/EndpointStream_AVR8.o
                0x0000000000004464                Endpoint_Write_Control_PStream_LE
 .text.Endpoint_ConfigureEndpoint_Prv
                0x0000000000004522       0x68 .build/obj_ergodox_ez_sfgabe_80/lib/lufa/LUFA/Drivers/USB/Core/AVR8/Endpoint_AVR8.o
                0x0000000000004522                Endpoint_ConfigureEndpoint_Prv
 .text.Endpoint_ClearStatusStage
                0x000000000000458a       0x3e .build/obj_ergodox_ez_sfgabe_80/lib/lufa/LUFA/Drivers/USB/Core/AVR8/Endpoint_AVR8.o
                0x000000000000458a                Endpoint_ClearStatusStage
 .text.Endpoint_WaitUntilReady
                0x00000000000045c8       0x62 .build/obj_ergodox_ez_sfgabe_80/lib/lufa/LUFA/Drivers/USB/Core/AVR8/Endpoint_AVR8.o
                0x00000000000045c8                Endpoint_WaitUntilReady
 .text.USB_Disable
                0x000000000000462a       0x34 .build/obj_ergodox_ez_sfgabe_80/lib/lufa/LUFA/Drivers/USB/Core/AVR8/USBController_AVR8.o
                0x000000000000462a                USB_Disable
 .text.USB_ResetInterface
                0x000000000000465e       0x86 .build/obj_ergodox_ez_sfgabe_80/lib/lufa/LUFA/Drivers/USB/Core/AVR8/USBController_AVR8.o
                0x000000000000465e                USB_ResetInterface
 .text.USB_Init
                0x00000000000046e4       0x22 .build/obj_ergodox_ez_sfgabe_80/lib/lufa/LUFA/Drivers/USB/Core/AVR8/USBController_AVR8.o
                0x00000000000046e4                USB_Init
 .text.USB_INT_DisableAllInterrupts
                0x0000000000004706       0x10 .build/obj_ergodox_ez_sfgabe_80/lib/lufa/LUFA/Drivers/USB/Core/AVR8/USBInterrupt_AVR8.o
                0x0000000000004706                USB_INT_DisableAllInterrupts
 .text.USB_INT_ClearAllInterrupts
                0x0000000000004716        0xa .build/obj_ergodox_ez_sfgabe_80/lib/lufa/LUFA/Drivers/USB/Core/AVR8/USBInterrupt_AVR8.o
                0x0000000000004716                USB_INT_ClearAllInterrupts
 .text.__vector_10
                0x0000000000004720      0x1a8 .build/obj_ergodox_ez_sfgabe_80/lib/lufa/LUFA/Drivers/USB/Core/AVR8/USBInterrupt_AVR8.o
                0x0000000000004720                __vector_10
 .text.__vector_11
                0x00000000000048c8       0x88 .build/obj_ergodox_ez_sfgabe_80/lib/lufa/LUFA/Drivers/USB/Core/AVR8/USBInterrupt_AVR8.o
                0x00000000000048c8                __vector_11
 .text.USB_Device_ProcessControlRequest
                0x0000000000004950      0x2a4 .build/obj_ergodox_ez_sfgabe_80/lib/lufa/LUFA/Drivers/USB/Core/DeviceStandardReq.o
                0x0000000000004950                USB_Device_ProcessControlRequest
 .text.USB_Event_Stub
                0x0000000000004bf4        0x2 .build/obj_ergodox_ez_sfgabe_80/lib/lufa/LUFA/Drivers/USB/Core/Events.o
                0x0000000000004bf4                USB_Event_Stub
                0x0000000000004bf4                EVENT_USB_Device_StartOfFrame
 .text.USB_USBTask
                0x0000000000004bf6       0x36 .build/obj_ergodox_ez_sfgabe_80/lib/lufa/LUFA/Drivers/USB/Core/USBTask.o
                0x0000000000004bf6                USB_USBTask
 .text.libgcc.div
                0x0000000000004c2c       0x28 /usr/local/Cellar/avr-gcc@8/8.4.0/lib/avr-gcc/8/gcc/avr/8.4.0/avr5/libgcc.a(_udivmodhi4.o)
                0x0000000000004c2c                __udivmodhi4
 .text.libgcc.div
                0x0000000000004c54       0x28 /usr/local/Cellar/avr-gcc@8/8.4.0/lib/avr-gcc/8/gcc/avr/8.4.0/avr5/libgcc.a(_divmodhi4.o)
                0x0000000000004c54                __divmodhi4
                0x0000000000004c54                _div
 .text.libgcc   0x0000000000004c7c        0xc /usr/local/Cellar/avr-gcc@8/8.4.0/lib/avr-gcc/8/gcc/avr/8.4.0/avr5/libgcc.a(_tablejump2.o)
                0x0000000000004c7c                __tablejump2__
 .text.avr-libc
                0x0000000000004c88      0x256 /usr/local/Cellar/avr-gcc@8/8.4.0/lib/avr-gcc/8/gcc/avr/8.4.0/../../../../../../avr/lib/avr5/libc.a(malloc.o)
                0x0000000000004c88                malloc
                0x0000000000004dbc                free
 .text.avr-libc
                0x0000000000004ede       0x10 /usr/local/Cellar/avr-gcc@8/8.4.0/lib/avr-gcc/8/gcc/avr/8.4.0/../../../../../../avr/lib/avr5/libatmega32u4.a(eerd_byte.o)
                0x0000000000004ede                eeprom_read_byte
 .text.avr-libc
                0x0000000000004eee        0xc /usr/local/Cellar/avr-gcc@8/8.4.0/lib/avr-gcc/8/gcc/avr/8.4.0/../../../../../../avr/lib/avr5/libatmega32u4.a(eerd_dword.o)
                0x0000000000004eee                eeprom_read_dword
                0x0000000000004eee                eeprom_read_float
 .text.avr-libc
                0x0000000000004efa        0xc /usr/local/Cellar/avr-gcc@8/8.4.0/lib/avr-gcc/8/gcc/avr/8.4.0/../../../../../../avr/lib/avr5/libatmega32u4.a(eerd_word.o)
                0x0000000000004efa                eeprom_read_word
 .text.avr-libc
                0x0000000000004f06       0x24 /usr/local/Cellar/avr-gcc@8/8.4.0/lib/avr-gcc/8/gcc/avr/8.4.0/../../../../../../avr/lib/avr5/libatmega32u4.a(eeupd_byte.o)
                0x0000000000004f06                eeprom_update_byte
                0x0000000000004f08                eeprom_update_r18
 .text.avr-libc
                0x0000000000004f2a       0x18 /usr/local/Cellar/avr-gcc@8/8.4.0/lib/avr-gcc/8/gcc/avr/8.4.0/../../../../../../avr/lib/avr5/libatmega32u4.a(eeupd_dword.o)
                0x0000000000004f2a                eeprom_update_dword
                0x0000000000004f2a                eeprom_update_float
 .text.avr-libc
                0x0000000000004f42        0xc /usr/local/Cellar/avr-gcc@8/8.4.0/lib/avr-gcc/8/gcc/avr/8.4.0/../../../../../../avr/lib/avr5/libatmega32u4.a(eeupd_word.o)
                0x0000000000004f42                eeprom_update_word
 .text.avr-libc
                0x0000000000004f4e       0x20 /usr/local/Cellar/avr-gcc@8/8.4.0/lib/avr-gcc/8/gcc/avr/8.4.0/../../../../../../avr/lib/avr5/libatmega32u4.a(eerd_block.o)
                0x0000000000004f4e                eeprom_read_block
                0x0000000000004f52                eeprom_read_blraw
                0x0000000000004f6e                . = ALIGN (0x2)
 *(.fini9)
 .fini9         0x0000000000004f6e        0x0 /usr/local/Cellar/avr-gcc@8/8.4.0/lib/avr-gcc/8/gcc/avr/8.4.0/avr5/libgcc.a(_exit.o)
                0x0000000000004f6e                exit
                0x0000000000004f6e                _exit
 *(.fini9)
 *(.fini8)
 *(.fini8)
 *(.fini7)
 *(.fini7)
 *(.fini6)
 *(.fini6)
 *(.fini5)
 *(.fini5)
 *(.fini4)
 *(.fini4)
 *(.fini3)
 *(.fini3)
 *(.fini2)
 *(.fini2)
 *(.fini1)
 *(.fini1)
 *(.fini0)
 .fini0         0x0000000000004f6e        0x4 /usr/local/Cellar/avr-gcc@8/8.4.0/lib/avr-gcc/8/gcc/avr/8.4.0/avr5/libgcc.a(_exit.o)
 *(.fini0)
 *(.hightext)
 *(.hightext*)
 *(.progmemx.*)
                0x0000000000004f72                . = ALIGN (0x2)
 *(.jumptables)
 *(.jumptables*)
 .jumptables.gcc.process_action
                0x0000000000004f72       0x26 .build/obj_ergodox_ez_sfgabe_80/common/action.o
 .jumptables.gcc.is_tap_action
                0x0000000000004f98       0x1c .build/obj_ergodox_ez_sfgabe_80/common/action.o
 .jumptables.gcc.command_common
                0x0000000000004fb4       0x7e .build/obj_ergodox_ez_sfgabe_80/common/command.o
 .jumptables.gcc.USB_Device_ProcessControlRequest
                0x0000000000005032       0x14 .build/obj_ergodox_ez_sfgabe_80/lib/lufa/LUFA/Drivers/USB/Core/DeviceStandardReq.o
                0x0000000000005046                _etext = .

.data           0x0000000000800100      0x130 load address 0x0000000000005046
                0x0000000000800100                PROVIDE (__data_start = .)
 *(.data)
 .data          0x0000000000800100        0x6 /usr/local/Cellar/avr-gcc@8/8.4.0/lib/avr-gcc/8/gcc/avr/8.4.0/../../../../../../avr/lib/avr5/libc.a(malloc.o)
                0x0000000000800100                __malloc_heap_end
                0x0000000000800102                __malloc_heap_start
                0x0000000000800104                __malloc_margin
 *(.data*)
 .data.mcp23018_status
                0x0000000000800106        0x2 .build/obj_ergodox_ez_sfgabe_80/keyboards/ergodox_ez/ergodox_ez.o
                0x0000000000800106                mcp23018_status
 .data.keyboard_report
                0x0000000000800108        0x2 .build/obj_ergodox_ez_sfgabe_80/common/action_util.o
                0x0000000000800108                keyboard_report
 .data.mk_wheel_time_to_max
                0x000000000080010a        0x1 .build/obj_ergodox_ez_sfgabe_80/common/mousekey.o
                0x000000000080010a                mk_wheel_time_to_max
 .data.mk_wheel_max_speed
                0x000000000080010b        0x1 .build/obj_ergodox_ez_sfgabe_80/common/mousekey.o
                0x000000000080010b                mk_wheel_max_speed
 .data.mk_wheel_interval
                0x000000000080010c        0x1 .build/obj_ergodox_ez_sfgabe_80/common/mousekey.o
                0x000000000080010c                mk_wheel_interval
 .data.mk_time_to_max
                0x000000000080010d        0x1 .build/obj_ergodox_ez_sfgabe_80/common/mousekey.o
                0x000000000080010d                mk_time_to_max
 .data.mk_max_speed
                0x000000000080010e        0x1 .build/obj_ergodox_ez_sfgabe_80/common/mousekey.o
                0x000000000080010e                mk_max_speed
 .data.mk_interval
                0x000000000080010f        0x1 .build/obj_ergodox_ez_sfgabe_80/common/mousekey.o
                0x000000000080010f                mk_interval
 .data.lufa_driver
                0x0000000000800110        0xa .build/obj_ergodox_ez_sfgabe_80/lufa.o
                0x0000000000800110                lufa_driver
 .data.keyboard_protocol
                0x000000000080011a        0x1 .build/obj_ergodox_ez_sfgabe_80/lufa.o
                0x000000000080011a                keyboard_protocol
 *(.gnu.linkonce.d*)
 *(.rodata)
 *(.rodata*)
 .rodata.hand_swap_config
                0x000000000080011b       0xa8 .build/obj_ergodox_ez_sfgabe_80/keyboards/ergodox_ez/ergodox_ez.o
                0x000000000080011b                hand_swap_config
 .rodata.CSWTCH.1
                0x00000000008001c3       0x2e .build/obj_ergodox_ez_sfgabe_80/quantum/keymap_common.o
 .rodata.CSWTCH.0
                0x00000000008001f1        0x3 .build/obj_ergodox_ez_sfgabe_80/quantum/keymap_common.o
 .rodata.CSWTCH.23
                0x00000000008001f4       0x2e .build/obj_ergodox_ez_sfgabe_80/common/action.o
 .rodata.CSWTCH.22
                0x0000000000800222        0x3 .build/obj_ergodox_ez_sfgabe_80/common/action.o
 .rodata.CSWTCH.34
                0x0000000000800225        0xa .build/obj_ergodox_ez_sfgabe_80/common/command.o
 *(.gnu.linkonce.r*)
                0x0000000000800230                . = ALIGN (0x2)
 *fill*         0x000000000080022f        0x1 
                0x0000000000800230                _edata = .
                0x0000000000800230                PROVIDE (__data_end = .)

.bss            0x0000000000800230      0x141
                0x0000000000800230                PROVIDE (__bss_start = .)
 *(.bss)
 *(.bss*)
 .bss.mcp23018_reset_loop
                0x0000000000800230        0x1 .build/obj_ergodox_ez_sfgabe_80/matrix.o
 .bss.i2c_initialized
                0x0000000000800231        0x1 .build/obj_ergodox_ez_sfgabe_80/keyboards/ergodox_ez/ergodox_ez.o
                0x0000000000800231                i2c_initialized
 .bss.last_result.6051
                0x0000000000800232        0x1 .build/obj_ergodox_ez_sfgabe_80/quantum/debounce/sym_eager_pr.o
 .bss.time.6050
                0x0000000000800233        0x2 .build/obj_ergodox_ez_sfgabe_80/quantum/debounce/sym_eager_pr.o
 .bss.counters_need_update
                0x0000000000800235        0x1 .build/obj_ergodox_ez_sfgabe_80/quantum/debounce/sym_eager_pr.o
 .bss.debounce_counters
                0x0000000000800236        0x2 .build/obj_ergodox_ez_sfgabe_80/quantum/debounce/sym_eager_pr.o
 .bss.matrix_need_update
                0x0000000000800238        0x1 .build/obj_ergodox_ez_sfgabe_80/quantum/debounce/sym_eager_pr.o
 .bss.sc_timer  0x0000000000800239        0x2 .build/obj_ergodox_ez_sfgabe_80/quantum/process_keycode/process_space_cadet.o
 .bss.sc_last   0x000000000080023b        0x1 .build/obj_ergodox_ez_sfgabe_80/quantum/process_keycode/process_space_cadet.o
 .bss.grave_esc_was_shifted
                0x000000000080023c        0x1 .build/obj_ergodox_ez_sfgabe_80/quantum/process_keycode/process_grave_esc.o
 .bss.last_consumer_report
                0x000000000080023d        0x2 .build/obj_ergodox_ez_sfgabe_80/common/host.o
 .bss.last_system_report
                0x000000000080023f        0x2 .build/obj_ergodox_ez_sfgabe_80/common/host.o
 .bss.driver    0x0000000000800241        0x2 .build/obj_ergodox_ez_sfgabe_80/common/host.o
 .bss.led_status.5673
                0x0000000000800243        0x1 .build/obj_ergodox_ez_sfgabe_80/common/keyboard.o
 .bss.matrix_prev.5672
                0x0000000000800244        0xe .build/obj_ergodox_ez_sfgabe_80/common/keyboard.o
 .bss.swap_state.5258
                0x0000000000800252        0xe .build/obj_ergodox_ez_sfgabe_80/common/action.o
 .bss.disable_action_cache
                0x0000000000800260        0x1 .build/obj_ergodox_ez_sfgabe_80/common/action.o
                0x0000000000800260                disable_action_cache
 .bss.swap_held
                0x0000000000800261        0x1 .build/obj_ergodox_ez_sfgabe_80/common/action.o
                0x0000000000800261                swap_held
 .bss.swap_hands
                0x0000000000800262        0x1 .build/obj_ergodox_ez_sfgabe_80/common/action.o
                0x0000000000800262                swap_hands
 .bss.waiting_buffer_tail
                0x0000000000800263        0x1 .build/obj_ergodox_ez_sfgabe_80/common/action_tapping.o
 .bss.waiting_buffer_head
                0x0000000000800264        0x1 .build/obj_ergodox_ez_sfgabe_80/common/action_tapping.o
 .bss.waiting_buffer
                0x0000000000800265       0x30 .build/obj_ergodox_ez_sfgabe_80/common/action_tapping.o
 .bss.tapping_key
                0x0000000000800295        0x6 .build/obj_ergodox_ez_sfgabe_80/common/action_tapping.o
 .bss.source_layers_cache
                0x000000000080029b       0x37 .build/obj_ergodox_ez_sfgabe_80/common/action_layer.o
                0x000000000080029b                source_layers_cache
 .bss.layer_state
                0x00000000008002d2        0x4 .build/obj_ergodox_ez_sfgabe_80/common/action_layer.o
                0x00000000008002d2                layer_state
 .bss.default_layer_state
                0x00000000008002d6        0x4 .build/obj_ergodox_ez_sfgabe_80/common/action_layer.o
                0x00000000008002d6                default_layer_state
 .bss.swap_hands_oneshot
                0x00000000008002da        0x1 .build/obj_ergodox_ez_sfgabe_80/common/action_util.o
                0x00000000008002da                swap_hands_oneshot
 .bss.oneshot_layer_data
                0x00000000008002db        0x1 .build/obj_ergodox_ez_sfgabe_80/common/action_util.o
 .bss.oneshot_mods
                0x00000000008002dc        0x1 .build/obj_ergodox_ez_sfgabe_80/common/action_util.o
 .bss.__compound_literal.0
                0x00000000008002dd       0x20 .build/obj_ergodox_ez_sfgabe_80/common/action_util.o
 .bss.macro_mods
                0x00000000008002fd        0x1 .build/obj_ergodox_ez_sfgabe_80/common/action_util.o
 .bss.weak_mods
                0x00000000008002fe        0x1 .build/obj_ergodox_ez_sfgabe_80/common/action_util.o
 .bss.real_mods
                0x00000000008002ff        0x1 .build/obj_ergodox_ez_sfgabe_80/common/action_util.o
 .bss.debug_config
                0x0000000000800300        0x1 .build/obj_ergodox_ez_sfgabe_80/common/debug.o
                0x0000000000800300                debug_config
 .bss.wdt_timeout
                0x0000000000800301        0x1 .build/obj_ergodox_ez_sfgabe_80/common/avr/suspend.o
 .bss.mk_wheel_delay
                0x0000000000800302        0x1 .build/obj_ergodox_ez_sfgabe_80/common/mousekey.o
                0x0000000000800302                mk_wheel_delay
 .bss.mk_delay  0x0000000000800303        0x1 .build/obj_ergodox_ez_sfgabe_80/common/mousekey.o
                0x0000000000800303                mk_delay
 .bss.last_timer_w
                0x0000000000800304        0x2 .build/obj_ergodox_ez_sfgabe_80/common/mousekey.o
 .bss.last_timer_c
                0x0000000000800306        0x2 .build/obj_ergodox_ez_sfgabe_80/common/mousekey.o
 .bss.mousekey_wheel_repeat
                0x0000000000800308        0x1 .build/obj_ergodox_ez_sfgabe_80/common/mousekey.o
 .bss.mousekey_repeat
                0x0000000000800309        0x1 .build/obj_ergodox_ez_sfgabe_80/common/mousekey.o
 .bss.mousekey_accel
                0x000000000080030a        0x1 .build/obj_ergodox_ez_sfgabe_80/common/mousekey.o
 .bss.mouse_report
                0x000000000080030b        0x6 .build/obj_ergodox_ez_sfgabe_80/common/mousekey.o
 .bss.mousekey_param
                0x0000000000800311        0x1 .build/obj_ergodox_ez_sfgabe_80/common/command.o
 .bss.command_state
                0x0000000000800312        0x1 .build/obj_ergodox_ez_sfgabe_80/common/command.o
                0x0000000000800312                command_state
 .bss.keyboard_report_sent
                0x0000000000800313       0x20 .build/obj_ergodox_ez_sfgabe_80/lufa.o
 .bss.keyboard_led_state
                0x0000000000800333        0x1 .build/obj_ergodox_ez_sfgabe_80/lufa.o
 .bss.keyboard_idle
                0x0000000000800334        0x1 .build/obj_ergodox_ez_sfgabe_80/lufa.o
                0x0000000000800334                keyboard_idle
 *(COMMON)
 COMMON         0x0000000000800335        0x4 .build/obj_ergodox_ez_sfgabe_80/keyboards/ergodox_ez/ergodox_ez.o
                0x0000000000800335                keyboard_config
 COMMON         0x0000000000800339       0x1c .build/obj_ergodox_ez_sfgabe_80/quantum/matrix_common.o
                0x0000000000800339                raw_matrix
                0x0000000000800347                matrix
 COMMON         0x0000000000800355        0x5 .build/obj_ergodox_ez_sfgabe_80/quantum/process_keycode/process_unicode_common.o
                0x0000000000800355                unicode_config
                0x0000000000800359                unicode_saved_mods
 COMMON         0x000000000080035a        0x4 .build/obj_ergodox_ez_sfgabe_80/common/avr/timer.o
                0x000000000080035a                timer_count
 COMMON         0x000000000080035e        0x2 .build/obj_ergodox_ez_sfgabe_80/common/magic.o
                0x000000000080035e                keymap_config
 COMMON         0x0000000000800360        0x3 .build/obj_ergodox_ez_sfgabe_80/lib/lufa/LUFA/Drivers/USB/Core/DeviceStandardReq.o
                0x0000000000800360                USB_Device_ConfigurationNumber
                0x0000000000800361                USB_Device_CurrentlySelfPowered
                0x0000000000800362                USB_Device_RemoteWakeupEnabled
 COMMON         0x0000000000800363        0xa .build/obj_ergodox_ez_sfgabe_80/lib/lufa/LUFA/Drivers/USB/Core/USBTask.o
                0x0000000000800363                USB_IsInitialized
                0x0000000000800364                USB_DeviceState
                0x0000000000800365                USB_ControlRequest
 COMMON         0x000000000080036d        0x4 /usr/local/Cellar/avr-gcc@8/8.4.0/lib/avr-gcc/8/gcc/avr/8.4.0/../../../../../../avr/lib/avr5/libc.a(malloc.o)
                0x000000000080036d                __brkval
                0x000000000080036f                __flp
                0x0000000000800371                PROVIDE (__bss_end = .)
                0x0000000000005046                __data_load_start = LOADADDR (.data)
                0x0000000000005176                __data_load_end = (__data_load_start + SIZEOF (.data))

.noinit         0x0000000000800371        0x0
                [!provide]                        PROVIDE (__noinit_start = .)
 *(.noinit*)
                [!provide]                        PROVIDE (__noinit_end = .)
                0x0000000000800371                _end = .
                0x0000000000800371                PROVIDE (__heap_start = .)

.eeprom         0x0000000000810000        0x0
 *(.eeprom*)
                0x0000000000810000                __eeprom_end = .

.fuse
 *(.fuse)
 *(.lfuse)
 *(.hfuse)
 *(.efuse)

.lock
 *(.lock*)

.signature
 *(.signature*)

.stab
 *(.stab)

.stabstr        0x0000000000000000       0x9a
 *(.stabstr)
 .stabstr       0x0000000000000000       0x9a .build/obj_ergodox_ez_sfgabe_80/common/avr/xprintf.o

.stab.excl
 *(.stab.excl)

.stab.exclstr
 *(.stab.exclstr)

.stab.index
 *(.stab.index)

.stab.indexstr
 *(.stab.indexstr)

.comment        0x0000000000000000       0x24
 *(.comment)
 .comment       0x0000000000000000       0x24 .build/obj_ergodox_ez_sfgabe_80/matrix.o
                                         0x25 (size before relaxing)
 .comment       0x0000000000000024       0x25 .build/obj_ergodox_ez_sfgabe_80/keyboards/ergodox_ez/ergodox_ez.o
 .comment       0x0000000000000024       0x25 .build/obj_ergodox_ez_sfgabe_80/keyboards/ergodox_ez/keymaps/sfgabe_80/keymap.o
 .comment       0x0000000000000024       0x25 .build/obj_ergodox_ez_sfgabe_80/quantum/quantum.o
 .comment       0x0000000000000024       0x25 .build/obj_ergodox_ez_sfgabe_80/quantum/keymap_common.o
 .comment       0x0000000000000024       0x25 .build/obj_ergodox_ez_sfgabe_80/quantum/keycode_config.o
 .comment       0x0000000000000024       0x25 .build/obj_ergodox_ez_sfgabe_80/quantum/matrix_common.o
 .comment       0x0000000000000024       0x25 .build/obj_ergodox_ez_sfgabe_80/quantum/debounce/sym_eager_pr.o
 .comment       0x0000000000000024       0x25 .build/obj_ergodox_ez_sfgabe_80/quantum/process_keycode/process_unicode.o
 .comment       0x0000000000000024       0x25 .build/obj_ergodox_ez_sfgabe_80/quantum/process_keycode/process_unicode_common.o
 .comment       0x0000000000000024       0x25 .build/obj_ergodox_ez_sfgabe_80/quantum/process_keycode/process_space_cadet.o
 .comment       0x0000000000000024       0x25 .build/obj_ergodox_ez_sfgabe_80/quantum/process_keycode/process_magic.o
 .comment       0x0000000000000024       0x25 .build/obj_ergodox_ez_sfgabe_80/quantum/process_keycode/process_grave_esc.o
 .comment       0x0000000000000024       0x25 .build/obj_ergodox_ez_sfgabe_80/i2c_master.a(i2c_master.o)
 .comment       0x0000000000000024       0x25 .build/obj_ergodox_ez_sfgabe_80/common/host.o
 .comment       0x0000000000000024       0x25 .build/obj_ergodox_ez_sfgabe_80/common/keyboard.o
 .comment       0x0000000000000024       0x25 .build/obj_ergodox_ez_sfgabe_80/common/action.o
 .comment       0x0000000000000024       0x25 .build/obj_ergodox_ez_sfgabe_80/common/action_tapping.o
 .comment       0x0000000000000024       0x25 .build/obj_ergodox_ez_sfgabe_80/common/action_layer.o
 .comment       0x0000000000000024       0x25 .build/obj_ergodox_ez_sfgabe_80/common/action_util.o
 .comment       0x0000000000000024       0x25 .build/obj_ergodox_ez_sfgabe_80/common/debug.o
 .comment       0x0000000000000024       0x25 .build/obj_ergodox_ez_sfgabe_80/common/util.o
 .comment       0x0000000000000024       0x25 .build/obj_ergodox_ez_sfgabe_80/common/eeconfig.o
 .comment       0x0000000000000024       0x25 .build/obj_ergodox_ez_sfgabe_80/common/report.o
 .comment       0x0000000000000024       0x25 .build/obj_ergodox_ez_sfgabe_80/common/avr/suspend.o
 .comment       0x0000000000000024       0x25 .build/obj_ergodox_ez_sfgabe_80/common/avr/timer.o
 .comment       0x0000000000000024       0x25 .build/obj_ergodox_ez_sfgabe_80/common/avr/bootloader.o
 .comment       0x0000000000000024       0x25 .build/obj_ergodox_ez_sfgabe_80/common/magic.o
 .comment       0x0000000000000024       0x25 .build/obj_ergodox_ez_sfgabe_80/common/mousekey.o
 .comment       0x0000000000000024       0x25 .build/obj_ergodox_ez_sfgabe_80/common/command.o
 .comment       0x0000000000000024       0x25 .build/obj_ergodox_ez_sfgabe_80/lufa.o
 .comment       0x0000000000000024       0x25 .build/obj_ergodox_ez_sfgabe_80/usb_descriptor.o
 .comment       0x0000000000000024       0x25 .build/obj_ergodox_ez_sfgabe_80/lib/lufa/LUFA/Drivers/USB/Core/AVR8/Device_AVR8.o
 .comment       0x0000000000000024       0x25 .build/obj_ergodox_ez_sfgabe_80/lib/lufa/LUFA/Drivers/USB/Core/AVR8/EndpointStream_AVR8.o
 .comment       0x0000000000000024       0x25 .build/obj_ergodox_ez_sfgabe_80/lib/lufa/LUFA/Drivers/USB/Core/AVR8/Endpoint_AVR8.o
 .comment       0x0000000000000024       0x25 .build/obj_ergodox_ez_sfgabe_80/lib/lufa/LUFA/Drivers/USB/Core/AVR8/USBController_AVR8.o
 .comment       0x0000000000000024       0x25 .build/obj_ergodox_ez_sfgabe_80/lib/lufa/LUFA/Drivers/USB/Core/AVR8/USBInterrupt_AVR8.o
 .comment       0x0000000000000024       0x25 .build/obj_ergodox_ez_sfgabe_80/lib/lufa/LUFA/Drivers/USB/Core/DeviceStandardReq.o
 .comment       0x0000000000000024       0x25 .build/obj_ergodox_ez_sfgabe_80/lib/lufa/LUFA/Drivers/USB/Core/Events.o
 .comment       0x0000000000000024       0x25 .build/obj_ergodox_ez_sfgabe_80/lib/lufa/LUFA/Drivers/USB/Core/USBTask.o
 .comment       0x0000000000000024       0x25 /usr/local/Cellar/avr-gcc@8/8.4.0/lib/avr-gcc/8/gcc/avr/8.4.0/../../../../../../avr/lib/avr5/libc.a(malloc.o)

.note.gnu.avr.deviceinfo
                0x0000000000000000       0x40
 .note.gnu.avr.deviceinfo
                0x0000000000000000       0x40 /usr/local/Cellar/avr-gcc@8/8.4.0/lib/avr-gcc/8/gcc/avr/8.4.0/../../../../../../avr/lib/avr5/crtatmega32u4.o

.note.gnu.build-id
 *(.note.gnu.build-id)

.debug
 *(.debug)

.line
 *(.line)

.debug_srcinfo
 *(.debug_srcinfo)

.debug_sfnames
 *(.debug_sfnames)

.debug_aranges  0x0000000000000000     0x1018
 *(.debug_aranges)
 .debug_aranges
                0x0000000000000000       0x50 .build/obj_ergodox_ez_sfgabe_80/matrix.o
 .debug_aranges
                0x0000000000000050       0xc0 .build/obj_ergodox_ez_sfgabe_80/keyboards/ergodox_ez/ergodox_ez.o
 .debug_aranges
                0x0000000000000110       0x28 .build/obj_ergodox_ez_sfgabe_80/keyboards/ergodox_ez/keymaps/sfgabe_80/keymap.o
 .debug_aranges
                0x0000000000000138      0x140 .build/obj_ergodox_ez_sfgabe_80/quantum/quantum.o
 .debug_aranges
                0x0000000000000278       0x40 .build/obj_ergodox_ez_sfgabe_80/quantum/keymap_common.o
 .debug_aranges
                0x00000000000002b8       0x28 .build/obj_ergodox_ez_sfgabe_80/quantum/keycode_config.o
 .debug_aranges
                0x00000000000002e0       0x90 .build/obj_ergodox_ez_sfgabe_80/quantum/matrix_common.o
 .debug_aranges
                0x0000000000000370       0x40 .build/obj_ergodox_ez_sfgabe_80/quantum/debounce/sym_eager_pr.o
 .debug_aranges
                0x00000000000003b0       0x20 .build/obj_ergodox_ez_sfgabe_80/quantum/process_keycode/process_unicode.o
 .debug_aranges
                0x00000000000003d0       0x88 .build/obj_ergodox_ez_sfgabe_80/quantum/process_keycode/process_unicode_common.o
 .debug_aranges
                0x0000000000000458       0x28 .build/obj_ergodox_ez_sfgabe_80/quantum/process_keycode/process_space_cadet.o
 .debug_aranges
                0x0000000000000480       0x20 .build/obj_ergodox_ez_sfgabe_80/quantum/process_keycode/process_magic.o
 .debug_aranges
                0x00000000000004a0       0x20 .build/obj_ergodox_ez_sfgabe_80/quantum/process_keycode/process_grave_esc.o
 .debug_aranges
                0x00000000000004c0       0x68 .build/obj_ergodox_ez_sfgabe_80/i2c_master.a(i2c_master.o)
 .debug_aranges
                0x0000000000000528       0x68 .build/obj_ergodox_ez_sfgabe_80/common/host.o
 .debug_aranges
                0x0000000000000590       0x68 .build/obj_ergodox_ez_sfgabe_80/common/keyboard.o
 .debug_aranges
                0x00000000000005f8       0xd8 .build/obj_ergodox_ez_sfgabe_80/common/action.o
 .debug_aranges
                0x00000000000006d0       0x48 .build/obj_ergodox_ez_sfgabe_80/common/action_tapping.o
 .debug_aranges
                0x0000000000000718       0xe0 .build/obj_ergodox_ez_sfgabe_80/common/action_layer.o
 .debug_aranges
                0x00000000000007f8      0x160 .build/obj_ergodox_ez_sfgabe_80/common/action_util.o
 .debug_aranges
                0x0000000000000958       0x18 .build/obj_ergodox_ez_sfgabe_80/common/debug.o
 .debug_aranges
                0x0000000000000970       0x60 .build/obj_ergodox_ez_sfgabe_80/common/util.o
 .debug_aranges
                0x00000000000009d0       0xe8 .build/obj_ergodox_ez_sfgabe_80/common/eeconfig.o
 .debug_aranges
                0x0000000000000ab8       0x68 .build/obj_ergodox_ez_sfgabe_80/common/report.o
 .debug_aranges
                0x0000000000000b20       0x58 .build/obj_ergodox_ez_sfgabe_80/common/avr/suspend.o
 .debug_aranges
                0x0000000000000b78       0x50 .build/obj_ergodox_ez_sfgabe_80/common/avr/timer.o
 .debug_aranges
                0x0000000000000bc8       0x28 .build/obj_ergodox_ez_sfgabe_80/common/avr/bootloader.o
 .debug_aranges
                0x0000000000000bf0       0x20 .build/obj_ergodox_ez_sfgabe_80/common/magic.o
 .debug_aranges
                0x0000000000000c10       0x50 .build/obj_ergodox_ez_sfgabe_80/common/mousekey.o
 .debug_aranges
                0x0000000000000c60       0x50 .build/obj_ergodox_ez_sfgabe_80/common/command.o
 .debug_aranges
                0x0000000000000cb0       0x88 .build/obj_ergodox_ez_sfgabe_80/lufa.o
 .debug_aranges
                0x0000000000000d38       0x20 .build/obj_ergodox_ez_sfgabe_80/usb_descriptor.o
 .debug_aranges
                0x0000000000000d58       0x20 .build/obj_ergodox_ez_sfgabe_80/lib/lufa/LUFA/Drivers/USB/Core/AVR8/Device_AVR8.o
 .debug_aranges
                0x0000000000000d78       0xc8 .build/obj_ergodox_ez_sfgabe_80/lib/lufa/LUFA/Drivers/USB/Core/AVR8/EndpointStream_AVR8.o
 .debug_aranges
                0x0000000000000e40       0x40 .build/obj_ergodox_ez_sfgabe_80/lib/lufa/LUFA/Drivers/USB/Core/AVR8/Endpoint_AVR8.o
 .debug_aranges
                0x0000000000000e80       0x30 .build/obj_ergodox_ez_sfgabe_80/lib/lufa/LUFA/Drivers/USB/Core/AVR8/USBController_AVR8.o
 .debug_aranges
                0x0000000000000eb0       0x38 .build/obj_ergodox_ez_sfgabe_80/lib/lufa/LUFA/Drivers/USB/Core/AVR8/USBInterrupt_AVR8.o
 .debug_aranges
                0x0000000000000ee8       0x20 .build/obj_ergodox_ez_sfgabe_80/lib/lufa/LUFA/Drivers/USB/Core/DeviceStandardReq.o
 .debug_aranges
                0x0000000000000f08       0x30 .build/obj_ergodox_ez_sfgabe_80/lib/lufa/LUFA/Drivers/USB/Core/Events.o
 .debug_aranges
                0x0000000000000f38       0x20 .build/obj_ergodox_ez_sfgabe_80/lib/lufa/LUFA/Drivers/USB/Core/USBTask.o
 .debug_aranges
                0x0000000000000f58       0x20 /usr/local/Cellar/avr-gcc@8/8.4.0/lib/avr-gcc/8/gcc/avr/8.4.0/avr5/libgcc.a(_udivmodhi4.o)
 .debug_aranges
                0x0000000000000f78       0x20 /usr/local/Cellar/avr-gcc@8/8.4.0/lib/avr-gcc/8/gcc/avr/8.4.0/avr5/libgcc.a(_divmodhi4.o)
 .debug_aranges
                0x0000000000000f98       0x20 /usr/local/Cellar/avr-gcc@8/8.4.0/lib/avr-gcc/8/gcc/avr/8.4.0/avr5/libgcc.a(_exit.o)
 .debug_aranges
                0x0000000000000fb8       0x20 /usr/local/Cellar/avr-gcc@8/8.4.0/lib/avr-gcc/8/gcc/avr/8.4.0/avr5/libgcc.a(_tablejump2.o)
 .debug_aranges
                0x0000000000000fd8       0x20 /usr/local/Cellar/avr-gcc@8/8.4.0/lib/avr-gcc/8/gcc/avr/8.4.0/avr5/libgcc.a(_copy_data.o)
 .debug_aranges
                0x0000000000000ff8       0x20 /usr/local/Cellar/avr-gcc@8/8.4.0/lib/avr-gcc/8/gcc/avr/8.4.0/avr5/libgcc.a(_clear_bss.o)

.debug_pubnames
 *(.debug_pubnames)

.debug_info     0x0000000000000000    0x242fc
 *(.debug_info .gnu.linkonce.wi.*)
 .debug_info    0x0000000000000000      0x9f4 /usr/local/Cellar/avr-gcc@8/8.4.0/lib/avr-gcc/8/gcc/avr/8.4.0/../../../../../../avr/lib/avr5/crtatmega32u4.o
 .debug_info    0x00000000000009f4     0x160f .build/obj_ergodox_ez_sfgabe_80/matrix.o
 .debug_info    0x0000000000002003     0x19dc .build/obj_ergodox_ez_sfgabe_80/keyboards/ergodox_ez/ergodox_ez.o
 .debug_info    0x00000000000039df     0x1910 .build/obj_ergodox_ez_sfgabe_80/keyboards/ergodox_ez/keymaps/sfgabe_80/keymap.o
 .debug_info    0x00000000000052ef     0x2c58 .build/obj_ergodox_ez_sfgabe_80/quantum/quantum.o
 .debug_info    0x0000000000007f47     0x2080 .build/obj_ergodox_ez_sfgabe_80/quantum/keymap_common.o
 .debug_info    0x0000000000009fc7      0x63c .build/obj_ergodox_ez_sfgabe_80/quantum/keycode_config.o
 .debug_info    0x000000000000a603      0x5dd .build/obj_ergodox_ez_sfgabe_80/quantum/matrix_common.o
 .debug_info    0x000000000000abe0      0xa3e .build/obj_ergodox_ez_sfgabe_80/quantum/debounce/sym_eager_pr.o
 .debug_info    0x000000000000b61e     0x12de .build/obj_ergodox_ez_sfgabe_80/quantum/process_keycode/process_unicode.o
 .debug_info    0x000000000000c8fc     0x1ec9 .build/obj_ergodox_ez_sfgabe_80/quantum/process_keycode/process_unicode_common.o
 .debug_info    0x000000000000e7c5     0x1843 .build/obj_ergodox_ez_sfgabe_80/quantum/process_keycode/process_space_cadet.o
 .debug_info    0x0000000000010008     0x12fc .build/obj_ergodox_ez_sfgabe_80/quantum/process_keycode/process_magic.o
 .debug_info    0x0000000000011304     0x175c .build/obj_ergodox_ez_sfgabe_80/quantum/process_keycode/process_grave_esc.o
 .debug_info    0x0000000000012a60      0x718 .build/obj_ergodox_ez_sfgabe_80/i2c_master.a(i2c_master.o)
 .debug_info    0x0000000000013178      0x89c .build/obj_ergodox_ez_sfgabe_80/common/host.o
 .debug_info    0x0000000000013a14      0x986 .build/obj_ergodox_ez_sfgabe_80/common/keyboard.o
 .debug_info    0x000000000001439a     0x2485 .build/obj_ergodox_ez_sfgabe_80/common/action.o
 .debug_info    0x000000000001681f      0xfd5 .build/obj_ergodox_ez_sfgabe_80/common/action_tapping.o
 .debug_info    0x00000000000177f4      0xcd6 .build/obj_ergodox_ez_sfgabe_80/common/action_layer.o
 .debug_info    0x00000000000184ca      0xebb .build/obj_ergodox_ez_sfgabe_80/common/action_util.o
 .debug_info    0x0000000000019385      0x110 .build/obj_ergodox_ez_sfgabe_80/common/debug.o
 .debug_info    0x0000000000019495      0x2f9 .build/obj_ergodox_ez_sfgabe_80/common/util.o
 .debug_info    0x000000000001978e      0x959 .build/obj_ergodox_ez_sfgabe_80/common/eeconfig.o
 .debug_info    0x000000000001a0e7      0xc7f .build/obj_ergodox_ez_sfgabe_80/common/report.o
 .debug_info    0x000000000001ad66      0x7f0 .build/obj_ergodox_ez_sfgabe_80/common/avr/suspend.o
 .debug_info    0x000000000001b556      0x443 .build/obj_ergodox_ez_sfgabe_80/common/avr/timer.o
 .debug_info    0x000000000001b999      0x31e .build/obj_ergodox_ez_sfgabe_80/common/avr/bootloader.o
 .debug_info    0x000000000001bcb7      0x5c0 .build/obj_ergodox_ez_sfgabe_80/common/magic.o
 .debug_info    0x000000000001c277      0x83c .build/obj_ergodox_ez_sfgabe_80/common/mousekey.o
 .debug_info    0x000000000001cab3      0xf11 .build/obj_ergodox_ez_sfgabe_80/common/command.o
 .debug_info    0x000000000001d9c4     0x171f .build/obj_ergodox_ez_sfgabe_80/lufa.o
 .debug_info    0x000000000001f0e3      0x9ee .build/obj_ergodox_ez_sfgabe_80/usb_descriptor.o
 .debug_info    0x000000000001fad1      0x1c0 .build/obj_ergodox_ez_sfgabe_80/lib/lufa/LUFA/Drivers/USB/Core/AVR8/Device_AVR8.o
 .debug_info    0x000000000001fc91     0x1da4 .build/obj_ergodox_ez_sfgabe_80/lib/lufa/LUFA/Drivers/USB/Core/AVR8/EndpointStream_AVR8.o
 .debug_info    0x0000000000021a35      0x75d .build/obj_ergodox_ez_sfgabe_80/lib/lufa/LUFA/Drivers/USB/Core/AVR8/Endpoint_AVR8.o
 .debug_info    0x0000000000022192      0x606 .build/obj_ergodox_ez_sfgabe_80/lib/lufa/LUFA/Drivers/USB/Core/AVR8/USBController_AVR8.o
 .debug_info    0x0000000000022798      0xa43 .build/obj_ergodox_ez_sfgabe_80/lib/lufa/LUFA/Drivers/USB/Core/AVR8/USBInterrupt_AVR8.o