Archive member included to satisfy reference by file (symbol)

.build/obj_ergodox_ez_sfgabe_80_underglow/i2c_master.a(i2c_master.o)
                              .build/obj_ergodox_ez_sfgabe_80_underglow/led_i2c.o (i2c_init)
/usr/local/Cellar/avr-gcc@8/8.4.0/lib/avr-gcc/8/gcc/avr/8.4.0/avr5/libgcc.a(_udivmodqi4.o)
                              .build/obj_ergodox_ez_sfgabe_80_underglow/quantum/rgblight.o (__udivmodqi4)
/usr/local/Cellar/avr-gcc@8/8.4.0/lib/avr-gcc/8/gcc/avr/8.4.0/avr5/libgcc.a(_divmodqi4.o)
                              .build/obj_ergodox_ez_sfgabe_80_underglow/quantum/rgblight.o (__divmodqi4)
/usr/local/Cellar/avr-gcc@8/8.4.0/lib/avr-gcc/8/gcc/avr/8.4.0/avr5/libgcc.a(_udivmodhi4.o)
                              .build/obj_ergodox_ez_sfgabe_80_underglow/quantum/debounce/sym_eager_pr.o (__udivmodhi4)
/usr/local/Cellar/avr-gcc@8/8.4.0/lib/avr-gcc/8/gcc/avr/8.4.0/avr5/libgcc.a(_divmodhi4.o)
                              .build/obj_ergodox_ez_sfgabe_80_underglow/quantum/rgblight.o (__divmodhi4)
/usr/local/Cellar/avr-gcc@8/8.4.0/lib/avr-gcc/8/gcc/avr/8.4.0/avr5/libgcc.a(_udivmodsi4.o)
                              .build/obj_ergodox_ez_sfgabe_80_underglow/quantum/rgblight.o (__udivmodsi4)
/usr/local/Cellar/avr-gcc@8/8.4.0/lib/avr-gcc/8/gcc/avr/8.4.0/avr5/libgcc.a(_exit.o)
                              /usr/local/Cellar/avr-gcc@8/8.4.0/lib/avr-gcc/8/gcc/avr/8.4.0/../../../../../../avr/lib/avr5/crtatmega32u4.o (exit)
/usr/local/Cellar/avr-gcc@8/8.4.0/lib/avr-gcc/8/gcc/avr/8.4.0/avr5/libgcc.a(_tablejump2.o)
                              .build/obj_ergodox_ez_sfgabe_80_underglow/quantum/process_keycode/process_rgb.o (__tablejump2__)
/usr/local/Cellar/avr-gcc@8/8.4.0/lib/avr-gcc/8/gcc/avr/8.4.0/avr5/libgcc.a(_copy_data.o)
                              .build/obj_ergodox_ez_sfgabe_80_underglow/keyboards/ergodox_ez/ergodox_ez.o (__do_copy_data)
/usr/local/Cellar/avr-gcc@8/8.4.0/lib/avr-gcc/8/gcc/avr/8.4.0/avr5/libgcc.a(_clear_bss.o)
                              .build/obj_ergodox_ez_sfgabe_80_underglow/matrix.o (__do_clear_bss)
/usr/local/Cellar/avr-gcc@8/8.4.0/lib/avr-gcc/8/gcc/avr/8.4.0/avr5/libgcc.a(_mulhisi3.o)
                              .build/obj_ergodox_ez_sfgabe_80_underglow/quantum/rgblight.o (__mulhisi3)
/usr/local/Cellar/avr-gcc@8/8.4.0/lib/avr-gcc/8/gcc/avr/8.4.0/avr5/libgcc.a(_umulhisi3.o)
                              .build/obj_ergodox_ez_sfgabe_80_underglow/quantum/rgblight.o (__umulhisi3)
/usr/local/Cellar/avr-gcc@8/8.4.0/lib/avr-gcc/8/gcc/avr/8.4.0/avr5/libgcc.a(_usmulhisi3.o)
                              /usr/local/Cellar/avr-gcc@8/8.4.0/lib/avr-gcc/8/gcc/avr/8.4.0/avr5/libgcc.a(_mulhisi3.o) (__usmulhisi3_tail)
/usr/local/Cellar/avr-gcc@8/8.4.0/lib/avr-gcc/8/gcc/avr/8.4.0/avr5/libgcc.a(_muluhisi3.o)
                              .build/obj_ergodox_ez_sfgabe_80_underglow/quantum/rgblight.o (__muluhisi3)
/usr/local/Cellar/avr-gcc@8/8.4.0/lib/avr-gcc/8/gcc/avr/8.4.0/avr5/libgcc.a(_mulshisi3.o)
                              .build/obj_ergodox_ez_sfgabe_80_underglow/quantum/rgblight.o (__mulshisi3)
/usr/local/Cellar/avr-gcc@8/8.4.0/lib/avr-gcc/8/gcc/avr/8.4.0/../../../../../../avr/lib/avr5/libc.a(malloc.o)
                              .build/obj_ergodox_ez_sfgabe_80_underglow/quantum/debounce/sym_eager_pr.o (malloc)
/usr/local/Cellar/avr-gcc@8/8.4.0/lib/avr-gcc/8/gcc/avr/8.4.0/../../../../../../avr/lib/avr5/libc.a(rand.o)
                              .build/obj_ergodox_ez_sfgabe_80_underglow/quantum/rgblight.o (rand)
/usr/local/Cellar/avr-gcc@8/8.4.0/lib/avr-gcc/8/gcc/avr/8.4.0/../../../../../../avr/lib/avr5/libc.a(tolower.o)
                              .build/obj_ergodox_ez_sfgabe_80_underglow/quantum/process_keycode/process_unicode_common.o (tolower)
/usr/local/Cellar/avr-gcc@8/8.4.0/lib/avr-gcc/8/gcc/avr/8.4.0/../../../../../../avr/lib/avr5/libc.a(memchr.o)
                              .build/obj_ergodox_ez_sfgabe_80_underglow/quantum/rgblight.o (memchr)
/usr/local/Cellar/avr-gcc@8/8.4.0/lib/avr-gcc/8/gcc/avr/8.4.0/../../../../../../avr/lib/avr5/libc.a(strcspn.o)
                              .build/obj_ergodox_ez_sfgabe_80_underglow/quantum/process_keycode/process_unicode_common.o (strcspn)
/usr/local/Cellar/avr-gcc@8/8.4.0/lib/avr-gcc/8/gcc/avr/8.4.0/../../../../../../avr/lib/avr5/libc.a(strncpy.o)
                              .build/obj_ergodox_ez_sfgabe_80_underglow/quantum/process_keycode/process_unicode_common.o (strncpy)
/usr/local/Cellar/avr-gcc@8/8.4.0/lib/avr-gcc/8/gcc/avr/8.4.0/../../../../../../avr/lib/avr5/libc.a(snprintf.o)
                              .build/obj_ergodox_ez_sfgabe_80_underglow/quantum/process_keycode/process_auto_shift.o (snprintf)
/usr/local/Cellar/avr-gcc@8/8.4.0/lib/avr-gcc/8/gcc/avr/8.4.0/../../../../../../avr/lib/avr5/libc.a(vfprintf_std.o)
                              /usr/local/Cellar/avr-gcc@8/8.4.0/lib/avr-gcc/8/gcc/avr/8.4.0/../../../../../../avr/lib/avr5/libc.a(snprintf.o) (vfprintf)
[...]
Memory Configuration

Name             Origin             Length             Attributes
text             0x0000000000000000 0x0000000000020000 xr
data             0x0000000000800060 0x000000000000ffa0 rw !x
eeprom           0x0000000000810000 0x0000000000010000 rw !x
fuse             0x0000000000820000 0x0000000000000400 rw !x
lock             0x0000000000830000 0x0000000000000400 rw !x
signature        0x0000000000840000 0x0000000000000400 rw !x
user_signatures  0x0000000000850000 0x0000000000000400 rw !x
*default*        0x0000000000000000 0xffffffffffffffff

Linker script and memory map

Address of section .data set to 0x800100
LOAD /usr/local/Cellar/avr-gcc@8/8.4.0/lib/avr-gcc/8/gcc/avr/8.4.0/../../../../../../avr/lib/avr5/crtatmega32u4.o
LOAD .build/obj_ergodox_ez_sfgabe_80_underglow/matrix.o
LOAD .build/obj_ergodox_ez_sfgabe_80_underglow/led_i2c.o
LOAD .build/obj_ergodox_ez_sfgabe_80_underglow/keyboards/ergodox_ez/ergodox_ez.o
LOAD .build/obj_ergodox_ez_sfgabe_80_underglow/keyboards/ergodox_ez/keymaps/sfgabe_80_underglow/keymap.o
LOAD .build/obj_ergodox_ez_sfgabe_80_underglow/quantum/quantum.o
LOAD .build/obj_ergodox_ez_sfgabe_80_underglow/quantum/keymap_common.o
LOAD .build/obj_ergodox_ez_sfgabe_80_underglow/quantum/keycode_config.o
LOAD .build/obj_ergodox_ez_sfgabe_80_underglow/quantum/matrix_common.o
LOAD .build/obj_ergodox_ez_sfgabe_80_underglow/quantum/debounce/sym_eager_pr.o
LOAD .build/obj_ergodox_ez_sfgabe_80_underglow/quantum/color.o
LOAD .build/obj_ergodox_ez_sfgabe_80_underglow/quantum/rgblight.o
LOAD .build/obj_ergodox_ez_sfgabe_80_underglow/quantum/process_keycode/process_rgb.o
LOAD .build/obj_ergodox_ez_sfgabe_80_underglow/ws2812.o
LOAD .build/obj_ergodox_ez_sfgabe_80_underglow/quantum/led_tables.o
LOAD .build/obj_ergodox_ez_sfgabe_80_underglow/quantum/encoder.o
LOAD .build/obj_ergodox_ez_sfgabe_80_underglow/quantum/process_keycode/process_unicode.o
LOAD .build/obj_ergodox_ez_sfgabe_80_underglow/quantum/process_keycode/process_unicode_common.o
LOAD .build/obj_ergodox_ez_sfgabe_80_underglow/quantum/process_keycode/process_space_cadet.o
LOAD .build/obj_ergodox_ez_sfgabe_80_underglow/quantum/process_keycode/process_magic.o
LOAD .build/obj_ergodox_ez_sfgabe_80_underglow/quantum/process_keycode/process_grave_esc.o
LOAD .build/obj_ergodox_ez_sfgabe_80_underglow/quantum/process_keycode/process_auto_shift.o
LOAD .build/obj_ergodox_ez_sfgabe_80_underglow/i2c_master.a
LOAD .build/obj_ergodox_ez_sfgabe_80_underglow/common/host.o
LOAD .build/obj_ergodox_ez_sfgabe_80_underglow/common/keyboard.o
LOAD .build/obj_ergodox_ez_sfgabe_80_underglow/common/action.o
LOAD .build/obj_ergodox_ez_sfgabe_80_underglow/common/action_tapping.o
LOAD .build/obj_ergodox_ez_sfgabe_80_underglow/common/action_macro.o
LOAD .build/obj_ergodox_ez_sfgabe_80_underglow/common/action_layer.o
LOAD .build/obj_ergodox_ez_sfgabe_80_underglow/common/action_util.o
LOAD .build/obj_ergodox_ez_sfgabe_80_underglow/common/print.o
LOAD .build/obj_ergodox_ez_sfgabe_80_underglow/common/debug.o
LOAD .build/obj_ergodox_ez_sfgabe_80_underglow/common/sendchar_null.o
LOAD .build/obj_ergodox_ez_sfgabe_80_underglow/common/util.o
LOAD .build/obj_ergodox_ez_sfgabe_80_underglow/common/eeconfig.o
LOAD .build/obj_ergodox_ez_sfgabe_80_underglow/common/report.o
LOAD .build/obj_ergodox_ez_sfgabe_80_underglow/common/avr/suspend.o
LOAD .build/obj_ergodox_ez_sfgabe_80_underglow/common/avr/timer.o
LOAD .build/obj_ergodox_ez_sfgabe_80_underglow/common/avr/bootloader.o
LOAD .build/obj_ergodox_ez_sfgabe_80_underglow/common/avr/xprintf.o
LOAD .build/obj_ergodox_ez_sfgabe_80_underglow/common/magic.o
LOAD .build/obj_ergodox_ez_sfgabe_80_underglow/common/mousekey.o
LOAD .build/obj_ergodox_ez_sfgabe_80_underglow/common/command.o
LOAD .build/obj_ergodox_ez_sfgabe_80_underglow/lufa.o
LOAD .build/obj_ergodox_ez_sfgabe_80_underglow/usb_descriptor.o
LOAD .build/obj_ergodox_ez_sfgabe_80_underglow/lib/lufa/LUFA/Drivers/USB/Class/Common/HIDParser.o
LOAD .build/obj_ergodox_ez_sfgabe_80_underglow/lib/lufa/LUFA/Drivers/USB/Core/AVR8/Device_AVR8.o
LOAD .build/obj_ergodox_ez_sfgabe_80_underglow/lib/lufa/LUFA/Drivers/USB/Core/AVR8/EndpointStream_AVR8.o
LOAD .build/obj_ergodox_ez_sfgabe_80_underglow/lib/lufa/LUFA/Drivers/USB/Core/AVR8/Endpoint_AVR8.o
LOAD .build/obj_ergodox_ez_sfgabe_80_underglow/lib/lufa/LUFA/Drivers/USB/Core/AVR8/Host_AVR8.o
LOAD .build/obj_ergodox_ez_sfgabe_80_underglow/lib/lufa/LUFA/Drivers/USB/Core/AVR8/PipeStream_AVR8.o
LOAD .build/obj_ergodox_ez_sfgabe_80_underglow/lib/lufa/LUFA/Drivers/USB/Core/AVR8/Pipe_AVR8.o
LOAD .build/obj_ergodox_ez_sfgabe_80_underglow/lib/lufa/LUFA/Drivers/USB/Core/AVR8/USBController_AVR8.o
LOAD .build/obj_ergodox_ez_sfgabe_80_underglow/lib/lufa/LUFA/Drivers/USB/Core/AVR8/USBInterrupt_AVR8.o
LOAD .build/obj_ergodox_ez_sfgabe_80_underglow/lib/lufa/LUFA/Drivers/USB/Core/ConfigDescriptors.o
LOAD .build/obj_ergodox_ez_sfgabe_80_underglow/lib/lufa/LUFA/Drivers/USB/Core/DeviceStandardReq.o
LOAD .build/obj_ergodox_ez_sfgabe_80_underglow/lib/lufa/LUFA/Drivers/USB/Core/Events.o
LOAD .build/obj_ergodox_ez_sfgabe_80_underglow/lib/lufa/LUFA/Drivers/USB/Core/HostStandardReq.o
LOAD .build/obj_ergodox_ez_sfgabe_80_underglow/lib/lufa/LUFA/Drivers/USB/Core/USBTask.o
LOAD /usr/local/Cellar/avr-gcc@8/8.4.0/lib/avr-gcc/8/gcc/avr/8.4.0/../../../../../../avr/lib/avr5/libm.a
START GROUP
LOAD /usr/local/Cellar/avr-gcc@8/8.4.0/lib/avr-gcc/8/gcc/avr/8.4.0/avr5/libgcc.a
LOAD /usr/local/Cellar/avr-gcc@8/8.4.0/lib/avr-gcc/8/gcc/avr/8.4.0/../../../../../../avr/lib/avr5/libm.a
LOAD /usr/local/Cellar/avr-gcc@8/8.4.0/lib/avr-gcc/8/gcc/avr/8.4.0/../../../../../../avr/lib/avr5/libc.a
LOAD /usr/local/Cellar/avr-gcc@8/8.4.0/lib/avr-gcc/8/gcc/avr/8.4.0/../../../../../../avr/lib/avr5/libatmega32u4.a
END GROUP
                0x0000000000020000                __TEXT_REGION_LENGTH__ = DEFINED (__TEXT_REGION_LENGTH__)?__TEXT_REGION_LENGTH__:0x20000
                0x000000000000ffa0                __DATA_REGION_LENGTH__ = DEFINED (__DATA_REGION_LENGTH__)?__DATA_REGION_LENGTH__:0xffa0
                0x0000000000010000                __EEPROM_REGION_LENGTH__ = DEFINED (__EEPROM_REGION_LENGTH__)?__EEPROM_REGION_LENGTH__:0x10000
                0x0000000000000400                __FUSE_REGION_LENGTH__ = DEFINED (__FUSE_REGION_LENGTH__)?__FUSE_REGION_LENGTH__:0x400
                0x0000000000000400                __LOCK_REGION_LENGTH__ = DEFINED (__LOCK_REGION_LENGTH__)?__LOCK_REGION_LENGTH__:0x400
                0x0000000000000400                __SIGNATURE_REGION_LENGTH__ = DEFINED (__SIGNATURE_REGION_LENGTH__)?__SIGNATURE_REGION_LENGTH__:0x400
                0x0000000000000400                __USER_SIGNATURE_REGION_LENGTH__ = DEFINED (__USER_SIGNATURE_REGION_LENGTH__)?__USER_SIGNATURE_REGION_LENGTH__:0x400

.hash
 *(.hash)

.dynsym
 *(.dynsym)

.dynstr
 *(.dynstr)

.gnu.version
 *(.gnu.version)

.gnu.version_d
 *(.gnu.version_d)

.gnu.version_r
 *(.gnu.version_r)

.rel.init
 *(.rel.init)

.rela.init
 *(.rela.init)

.rel.text
 *(.rel.text)
 *(.rel.text.*)
 *(.rel.gnu.linkonce.t*)

.rela.text
 *(.rela.text)
 *(.rela.text.*)
 *(.rela.gnu.linkonce.t*)

.rel.fini
 *(.rel.fini)

.rela.fini
 *(.rela.fini)

.rel.rodata
 *(.rel.rodata)
 *(.rel.rodata.*)
 *(.rel.gnu.linkonce.r*)

.rela.rodata
 *(.rela.rodata)
 *(.rela.rodata.*)
 *(.rela.gnu.linkonce.r*)

.rel.data
 *(.rel.data)
 *(.rel.data.*)
 *(.rel.gnu.linkonce.d*)

.rela.data
 *(.rela.data)
 *(.rela.data.*)
 *(.rela.gnu.linkonce.d*)

.rel.ctors
 *(.rel.ctors)

.rela.ctors
 *(.rela.ctors)

.rel.dtors
 *(.rel.dtors)

.rela.dtors
 *(.rela.dtors)

.rel.got
 *(.rel.got)

.rela.got
 *(.rela.got)

.rel.bss
 *(.rel.bss)

.rela.bss
 *(.rela.bss)

.rel.plt
 *(.rel.plt)

.rela.plt
 *(.rela.plt)

.text           0x0000000000000000     0x6ef4
 *(.vectors)
 .vectors       0x0000000000000000       0xac /usr/local/Cellar/avr-gcc@8/8.4.0/lib/avr-gcc/8/gcc/avr/8.4.0/../../../../../../avr/lib/avr5/crtatmega32u4.o
                0x0000000000000000                __vectors
                0x0000000000000000                __vector_default
 *(.vectors)
 *(.progmem.gcc*)
                0x00000000000000ac                . = ALIGN (0x2)
                0x00000000000000ac                __trampolines_start = .
 *(.trampolines)
 .trampolines   0x00000000000000ac        0x0 linker stubs
 *(.trampolines*)
                0x00000000000000ac                __trampolines_end = .
 *libprintf_flt.a:*(.progmem.data)
 *libc.a:*(.progmem.data)
 *(.progmem.*)
 .progmem.data.keymaps
                0x00000000000000ac      0x2a0 .build/obj_ergodox_ez_sfgabe_80_underglow/keyboards/ergodox_ez/keymaps/sfgabe_80_underglow/keymap.o
                0x00000000000000ac                keymaps
 .progmem.data.ascii_to_keycode_lut
                0x000000000000034c       0x80 .build/obj_ergodox_ez_sfgabe_80_underglow/quantum/quantum.o
                0x000000000000034c                ascii_to_keycode_lut
 .progmem.data.ascii_to_altgr_lut
                0x00000000000003cc       0x10 .build/obj_ergodox_ez_sfgabe_80_underglow/quantum/quantum.o
                0x00000000000003cc                ascii_to_altgr_lut
 .progmem.data.ascii_to_shift_lut
                0x00000000000003dc       0x10 .build/obj_ergodox_ez_sfgabe_80_underglow/quantum/quantum.o
                0x00000000000003dc                ascii_to_shift_lut
 .progmem.data.RGBLED_TWINKLE_INTERVALS
                0x00000000000003ec        0x3 .build/obj_ergodox_ez_sfgabe_80_underglow/quantum/rgblight.o
                0x00000000000003ec                RGBLED_TWINKLE_INTERVALS
 .progmem.data.RGBLED_RGBTEST_INTERVALS
                0x00000000000003ef        0x2 .build/obj_ergodox_ez_sfgabe_80_underglow/quantum/rgblight.o
                0x00000000000003ef                RGBLED_RGBTEST_INTERVALS
 .progmem.data.RGBLED_KNIGHT_INTERVALS
                0x00000000000003f1        0x3 .build/obj_ergodox_ez_sfgabe_80_underglow/quantum/rgblight.o
                0x00000000000003f1                RGBLED_KNIGHT_INTERVALS
 .progmem.data.RGBLED_SNAKE_INTERVALS
                0x00000000000003f4        0x3 .build/obj_ergodox_ez_sfgabe_80_underglow/quantum/rgblight.o
                0x00000000000003f4                RGBLED_SNAKE_INTERVALS
 .progmem.data.RGBLED_RAINBOW_SWIRL_INTERVALS
                0x00000000000003f7        0x3 .build/obj_ergodox_ez_sfgabe_80_underglow/quantum/rgblight.o
                0x00000000000003f7                RGBLED_RAINBOW_SWIRL_INTERVALS
 .progmem.data.RGBLED_RAINBOW_MOOD_INTERVALS
                0x00000000000003fa        0x3 .build/obj_ergodox_ez_sfgabe_80_underglow/quantum/rgblight.o
                0x00000000000003fa                RGBLED_RAINBOW_MOOD_INTERVALS
 .progmem.data.RGBLED_BREATHING_INTERVALS
                0x00000000000003fd        0x4 .build/obj_ergodox_ez_sfgabe_80_underglow/quantum/rgblight.o
                0x00000000000003fd                RGBLED_BREATHING_INTERVALS
 .progmem.data.rgblight_effect_breathe_table
                0x0000000000000401      0x100 .build/obj_ergodox_ez_sfgabe_80_underglow/quantum/rgblight.o
                0x0000000000000401                rgblight_effect_breathe_table
 .progmem.data.RGBLED_GRADIENT_RANGES
                0x0000000000000501        0x5 .build/obj_ergodox_ez_sfgabe_80_underglow/quantum/rgblight.o
                0x0000000000000501                RGBLED_GRADIENT_RANGES
 .progmem.data.CIE1931_CURVE
                0x0000000000000506      0x100 .build/obj_ergodox_ez_sfgabe_80_underglow/quantum/led_tables.o
                0x0000000000000506                CIE1931_CURVE
 .progmem.data.SerialNumberString
                0x0000000000000606        0x6 .build/obj_ergodox_ez_sfgabe_80_underglow/usb_descriptor.o
                0x0000000000000606                SerialNumberString
 .progmem.data.ProductString
                0x000000000000060c       0x18 .build/obj_ergodox_ez_sfgabe_80_underglow/usb_descriptor.o
                0x000000000000060c                ProductString
 .progmem.data.ManufacturerString
                0x0000000000000624       0x2a .build/obj_ergodox_ez_sfgabe_80_underglow/usb_descriptor.o
                0x0000000000000624                ManufacturerString
 .progmem.data.LanguageString
                0x000000000000064e        0x4 .build/obj_ergodox_ez_sfgabe_80_underglow/usb_descriptor.o
                0x000000000000064e                LanguageString
 .progmem.data.ConfigurationDescriptor
                0x0000000000000652       0x3b .build/obj_ergodox_ez_sfgabe_80_underglow/usb_descriptor.o
                0x0000000000000652                ConfigurationDescriptor
 .progmem.data.DeviceDescriptor
                0x000000000000068d       0x12 .build/obj_ergodox_ez_sfgabe_80_underglow/usb_descriptor.o
                0x000000000000068d                DeviceDescriptor
 .progmem.data.SharedReport
                0x000000000000069f       0xbc .build/obj_ergodox_ez_sfgabe_80_underglow/usb_descriptor.o
                0x000000000000069f                SharedReport
 .progmem.data.KeyboardReport
                0x000000000000075b       0x40 .build/obj_ergodox_ez_sfgabe_80_underglow/usb_descriptor.o
                0x000000000000075b                KeyboardReport
                0x000000000000079c                . = ALIGN (0x2)
 *fill*         0x000000000000079b        0x1 
 *(.lowtext)
 *(.lowtext*)
                0x000000000000079c                __ctors_start = .
 *(.ctors)
                0x000000000000079c                __ctors_end = .
                0x000000000000079c                __dtors_start = .
 *(.dtors)
                0x000000000000079c                __dtors_end = .
 SORT_BY_NAME(*)(.ctors)
 SORT_BY_NAME(*)(.dtors)
 *(.init0)
 .init0         0x000000000000079c        0x0 /usr/local/Cellar/avr-gcc@8/8.4.0/lib/avr-gcc/8/gcc/avr/8.4.0/../../../../../../avr/lib/avr5/crtatmega32u4.o
                0x000000000000079c                __init
 *(.init0)
 *(.init1)
 *(.init1)
 *(.init2)
 .init2         0x000000000000079c        0xc /usr/local/Cellar/avr-gcc@8/8.4.0/lib/avr-gcc/8/gcc/avr/8.4.0/../../../../../../avr/lib/avr5/crtatmega32u4.o
 *(.init2)
 *(.init3)
 .init3         0x00000000000007a8        0x0 .build/obj_ergodox_ez_sfgabe_80_underglow/common/avr/bootloader.o
                0x00000000000007a8                bootloader_jump_after_watchdog_reset
 *(.init3)
 *(.init4)
 .init4         0x00000000000007a8       0x16 /usr/local/Cellar/avr-gcc@8/8.4.0/lib/avr-gcc/8/gcc/avr/8.4.0/avr5/libgcc.a(_copy_data.o)
                0x00000000000007a8                __do_copy_data
 .init4         0x00000000000007be       0x10 /usr/local/Cellar/avr-gcc@8/8.4.0/lib/avr-gcc/8/gcc/avr/8.4.0/avr5/libgcc.a(_clear_bss.o)
                0x00000000000007be                __do_clear_bss
 *(.init4)
 *(.init5)
 *(.init5)
 *(.init6)
 *(.init6)
 *(.init7)
 *(.init7)
 *(.init8)
 *(.init8)
 *(.init9)
 .init9         0x00000000000007ce        0x8 /usr/local/Cellar/avr-gcc@8/8.4.0/lib/avr-gcc/8/gcc/avr/8.4.0/../../../../../../avr/lib/avr5/crtatmega32u4.o
 *(.init9)
 *(.text)
 .text          0x00000000000007d6        0x4 /usr/local/Cellar/avr-gcc@8/8.4.0/lib/avr-gcc/8/gcc/avr/8.4.0/../../../../../../avr/lib/avr5/crtatmega32u4.o
                0x00000000000007d6                __vector_42
                0x00000000000007d6                __vector_22
                0x00000000000007d6                __vector_28
                0x00000000000007d6                __vector_1
                0x00000000000007d6                __vector_32
                0x00000000000007d6                __vector_34
                0x00000000000007d6                __vector_24
                0x00000000000007d6                __bad_interrupt
                0x00000000000007d6                __vector_6
                0x00000000000007d6                __vector_31
                0x00000000000007d6                __vector_35
                0x00000000000007d6                __vector_39
                0x00000000000007d6                __vector_3
                0x00000000000007d6                __vector_23
                0x00000000000007d6                __vector_30
                0x00000000000007d6                __vector_25
                0x00000000000007d6                __vector_13
                0x00000000000007d6                __vector_17
                0x00000000000007d6                __vector_19
                0x00000000000007d6                __vector_7
                0x00000000000007d6                __vector_41
                0x00000000000007d6                __vector_27
                0x00000000000007d6                __vector_5
                0x00000000000007d6                __vector_33
                0x00000000000007d6                __vector_37
                0x00000000000007d6                __vector_4
                0x00000000000007d6                __vector_9
                0x00000000000007d6                __vector_2
                0x00000000000007d6                __vector_15
                0x00000000000007d6                __vector_36
                0x00000000000007d6                __vector_29
                0x00000000000007d6                __vector_40
                0x00000000000007d6                __vector_8
                0x00000000000007d6                __vector_26
                0x00000000000007d6                __vector_14
                0x00000000000007d6                __vector_16
                0x00000000000007d6                __vector_18
                0x00000000000007d6                __vector_20
                0x00000000000007d6                __vector_38
                0x00000000000007da                . = ALIGN (0x2)
 *(.text.*)
 .text.init_cols
                0x00000000000007da       0x1a .build/obj_ergodox_ez_sfgabe_80_underglow/matrix.o
 .text.unselect_rows
                0x00000000000007f4       0x1e .build/obj_ergodox_ez_sfgabe_80_underglow/matrix.o
 .text.select_row
                0x0000000000000812       0xa8 .build/obj_ergodox_ez_sfgabe_80_underglow/matrix.o
 .text.read_cols
                0x00000000000008ba       0x6e .build/obj_ergodox_ez_sfgabe_80_underglow/matrix.o
 .text.matrix_init_custom
                0x0000000000000928       0x16 .build/obj_ergodox_ez_sfgabe_80_underglow/matrix.o
                0x0000000000000928                matrix_init_custom
 .text.matrix_scan_custom
                0x000000000000093e       0xa4 .build/obj_ergodox_ez_sfgabe_80_underglow/matrix.o
                0x000000000000093e                matrix_scan_custom
 .text.matrix_power_up
                0x00000000000009e2       0x26 .build/obj_ergodox_ez_sfgabe_80_underglow/matrix.o
                0x00000000000009e2                matrix_power_up
 .text.rgblight_call_driver
                0x0000000000000a08       0x70 .build/obj_ergodox_ez_sfgabe_80_underglow/led_i2c.o
                0x0000000000000a08                rgblight_call_driver
 .text.ergodox_right_led_1_on
                0x0000000000000a78        0x6 .build/obj_ergodox_ez_sfgabe_80_underglow/keyboards/ergodox_ez/ergodox_ez.o
                0x0000000000000a78                ergodox_right_led_1_on
 .text.ergodox_right_led_2_on
                0x0000000000000a7e        0x6 .build/obj_ergodox_ez_sfgabe_80_underglow/keyboards/ergodox_ez/ergodox_ez.o
                0x0000000000000a7e                ergodox_right_led_2_on
 .text.ergodox_right_led_3_on
                0x0000000000000a84        0x6 .build/obj_ergodox_ez_sfgabe_80_underglow/keyboards/ergodox_ez/ergodox_ez.o
                0x0000000000000a84                ergodox_right_led_3_on
 .text.ergodox_board_led_off
                0x0000000000000a8a        0x6 .build/obj_ergodox_ez_sfgabe_80_underglow/keyboards/ergodox_ez/ergodox_ez.o
                0x0000000000000a8a                ergodox_board_led_off
 .text.ergodox_right_led_1_off
                0x0000000000000a90        0x6 .build/obj_ergodox_ez_sfgabe_80_underglow/keyboards/ergodox_ez/ergodox_ez.o
                0x0000000000000a90                ergodox_right_led_1_off
 .text.ergodox_right_led_2_off
                0x0000000000000a96        0x6 .build/obj_ergodox_ez_sfgabe_80_underglow/keyboards/ergodox_ez/ergodox_ez.o
                0x0000000000000a96                ergodox_right_led_2_off
 .text.ergodox_right_led_3_off
                0x0000000000000a9c        0x6 .build/obj_ergodox_ez_sfgabe_80_underglow/keyboards/ergodox_ez/ergodox_ez.o
                0x0000000000000a9c                ergodox_right_led_3_off
 .text.ergodox_led_all_off
                0x0000000000000aa2       0x10 .build/obj_ergodox_ez_sfgabe_80_underglow/keyboards/ergodox_ez/ergodox_ez.o
                0x0000000000000aa2                ergodox_led_all_off
 .text.ergodox_led_all_set
                0x0000000000000ab2       0x1c .build/obj_ergodox_ez_sfgabe_80_underglow/keyboards/ergodox_ez/ergodox_ez.o
                0x0000000000000ab2                ergodox_led_all_set
 .text.ergodox_blink_all_leds
                0x0000000000000ace       0x80 .build/obj_ergodox_ez_sfgabe_80_underglow/keyboards/ergodox_ez/ergodox_ez.o
                0x0000000000000ace                ergodox_blink_all_leds
 .text.matrix_init_kb
                0x0000000000000b4e       0x56 .build/obj_ergodox_ez_sfgabe_80_underglow/keyboards/ergodox_ez/ergodox_ez.o
                0x0000000000000b4e                matrix_init_kb
 .text.init_mcp23018
                0x0000000000000ba4       0xee .build/obj_ergodox_ez_sfgabe_80_underglow/keyboards/ergodox_ez/ergodox_ez.o
                0x0000000000000ba4                init_mcp23018
 .text.eeconfig_init_kb
                0x0000000000000c92       0x30 .build/obj_ergodox_ez_sfgabe_80_underglow/keyboards/ergodox_ez/ergodox_ez.o
                0x0000000000000c92                eeconfig_init_kb
 .text.matrix_init_user
                0x0000000000000cc2        0x2 .build/obj_ergodox_ez_sfgabe_80_underglow/keyboards/ergodox_ez/keymaps/sfgabe_80_underglow/keymap.o
                0x0000000000000cc2                matrix_init_user
 .text.matrix_scan_user
                0x0000000000000cc4       0x5e .build/obj_ergodox_ez_sfgabe_80_underglow/keyboards/ergodox_ez/keymaps/sfgabe_80_underglow/keymap.o
                0x0000000000000cc4                matrix_scan_user
 .text.encoder_update_user
                0x0000000000000d22       0x20 .build/obj_ergodox_ez_sfgabe_80_underglow/keyboards/ergodox_ez/keymaps/sfgabe_80_underglow/keymap.o
                0x0000000000000d22                encoder_update_user
 .text.do_code16
                0x0000000000000d42       0x6e .build/obj_ergodox_ez_sfgabe_80_underglow/quantum/quantum.o
 .text.register_code16
                0x0000000000000db0       0x2a .build/obj_ergodox_ez_sfgabe_80_underglow/quantum/quantum.o
                0x0000000000000db0                register_code16
 .text.unregister_code16
                0x0000000000000dda       0x2a .build/obj_ergodox_ez_sfgabe_80_underglow/quantum/quantum.o
                0x0000000000000dda                unregister_code16
 .text.tap_code16
                0x0000000000000e04       0x14 .build/obj_ergodox_ez_sfgabe_80_underglow/quantum/quantum.o
                0x0000000000000e04                tap_code16
 .text.process_action_kb
                0x0000000000000e18        0x4 .build/obj_ergodox_ez_sfgabe_80_underglow/quantum/quantum.o
                0x0000000000000e18                process_action_kb
 .text.process_record_user
                0x0000000000000e1c        0x4 .build/obj_ergodox_ez_sfgabe_80_underglow/quantum/quantum.o
                0x0000000000000e1c                process_record_user
 .text.process_record_kb
                0x0000000000000e20        0x4 .build/obj_ergodox_ez_sfgabe_80_underglow/quantum/quantum.o
                0x0000000000000e20                process_record_kb
 .text.post_process_record_user
                0x0000000000000e24        0x2 .build/obj_ergodox_ez_sfgabe_80_underglow/quantum/quantum.o
                0x0000000000000e24                post_process_record_user
 .text.post_process_record_kb
                0x0000000000000e26        0x4 .build/obj_ergodox_ez_sfgabe_80_underglow/quantum/quantum.o
                0x0000000000000e26                post_process_record_kb
 .text.get_event_keycode
                0x0000000000000e2a       0x66 .build/obj_ergodox_ez_sfgabe_80_underglow/quantum/quantum.o
                0x0000000000000e2a                get_event_keycode
 .text.get_record_keycode
                0x0000000000000e90       0x12 .build/obj_ergodox_ez_sfgabe_80_underglow/quantum/quantum.o
                0x0000000000000e90                get_record_keycode
 .text.post_process_record_quantum
                0x0000000000000ea2       0x16 .build/obj_ergodox_ez_sfgabe_80_underglow/quantum/quantum.o
                0x0000000000000ea2                post_process_record_quantum
 .text.send_char
                0x0000000000000eb8       0x98 .build/obj_ergodox_ez_sfgabe_80_underglow/quantum/quantum.o
                0x0000000000000eb8                send_char
 .text.send_string_with_delay
                0x0000000000000f50       0xd0 .build/obj_ergodox_ez_sfgabe_80_underglow/quantum/quantum.o
                0x0000000000000f50                send_string_with_delay
 .text.send_string
                0x0000000000001020        0x6 .build/obj_ergodox_ez_sfgabe_80_underglow/quantum/quantum.o
                0x0000000000001020                send_string
 .text.matrix_init_quantum
                0x0000000000001026       0x14 .build/obj_ergodox_ez_sfgabe_80_underglow/quantum/quantum.o
                0x0000000000001026                matrix_init_quantum
 .text.matrix_scan_quantum
                0x000000000000103a        0x4 .build/obj_ergodox_ez_sfgabe_80_underglow/quantum/quantum.o
                0x000000000000103a                matrix_scan_quantum
 .text.hex_to_keycode
                0x000000000000103e       0x1c .build/obj_ergodox_ez_sfgabe_80_underglow/quantum/quantum.o
                0x000000000000103e                hex_to_keycode
 .text.led_set_user
                0x000000000000105a        0x2 .build/obj_ergodox_ez_sfgabe_80_underglow/quantum/quantum.o
                0x000000000000105a                led_set_user
 .text.led_set_kb
                0x000000000000105c        0x4 .build/obj_ergodox_ez_sfgabe_80_underglow/quantum/quantum.o
                0x000000000000105c                led_set_kb
 .text.led_update_user
                0x0000000000001060        0x4 .build/obj_ergodox_ez_sfgabe_80_underglow/quantum/quantum.o
                0x0000000000001060                led_update_user
 .text.led_update_kb
                0x0000000000001064        0x4 .build/obj_ergodox_ez_sfgabe_80_underglow/quantum/quantum.o
                0x0000000000001064                led_update_kb
 .text.led_set  0x0000000000001068       0x10 .build/obj_ergodox_ez_sfgabe_80_underglow/quantum/quantum.o
                0x0000000000001068                led_set
 .text.shutdown_user
                0x0000000000001078        0x2 .build/obj_ergodox_ez_sfgabe_80_underglow/quantum/quantum.o
                0x0000000000001078                shutdown_user
 .text.reset_keyboard
                0x000000000000107a       0x1e .build/obj_ergodox_ez_sfgabe_80_underglow/quantum/quantum.o
                0x000000000000107a                reset_keyboard
 .text.process_record_quantum
                0x0000000000001098       0x9c .build/obj_ergodox_ez_sfgabe_80_underglow/quantum/quantum.o
                0x0000000000001098                process_record_quantum
 .text.keymap_key_to_keycode
                0x0000000000001134       0x28 .build/obj_ergodox_ez_sfgabe_80_underglow/quantum/keymap_common.o
                0x0000000000001134                keymap_key_to_keycode
 .text.action_for_key
                0x000000000000115c      0x20a .build/obj_ergodox_ez_sfgabe_80_underglow/quantum/keymap_common.o
                0x000000000000115c                action_for_key
 .text.keycode_config
                0x0000000000001366      0x12e .build/obj_ergodox_ez_sfgabe_80_underglow/quantum/keycode_config.o
                0x0000000000001366                keycode_config
 .text.mod_config
                0x0000000000001494       0x86 .build/obj_ergodox_ez_sfgabe_80_underglow/quantum/keycode_config.o
                0x0000000000001494                mod_config
 .text.matrix_scan_kb
                0x000000000000151a        0x4 .build/obj_ergodox_ez_sfgabe_80_underglow/quantum/matrix_common.o
                0x000000000000151a                matrix_scan_kb
 .text.matrix_get_row
                0x000000000000151e        0xc .build/obj_ergodox_ez_sfgabe_80_underglow/quantum/matrix_common.o
                0x000000000000151e                matrix_get_row
 .text.matrix_print
                0x000000000000152a        0x2 .build/obj_ergodox_ez_sfgabe_80_underglow/quantum/matrix_common.o
                0x000000000000152a                matrix_print
 .text.matrix_init
                0x000000000000152c       0x22 .build/obj_ergodox_ez_sfgabe_80_underglow/quantum/matrix_common.o
                0x000000000000152c                matrix_init
 .text.matrix_scan
                0x000000000000154e       0x26 .build/obj_ergodox_ez_sfgabe_80_underglow/quantum/matrix_common.o
                0x000000000000154e                matrix_scan
 .text.debounce_init
                0x0000000000001574       0x28 .build/obj_ergodox_ez_sfgabe_80_underglow/quantum/debounce/sym_eager_pr.o
                0x0000000000001574                debounce_init
 .text.update_debounce_counters
                0x000000000000159c       0x88 .build/obj_ergodox_ez_sfgabe_80_underglow/quantum/debounce/sym_eager_pr.o
                0x000000000000159c                update_debounce_counters
 .text.transfer_matrix_values
                0x0000000000001624       0x62 .build/obj_ergodox_ez_sfgabe_80_underglow/quantum/debounce/sym_eager_pr.o
                0x0000000000001624                transfer_matrix_values
 .text.debounce
                0x0000000000001686       0x9a .build/obj_ergodox_ez_sfgabe_80_underglow/quantum/debounce/sym_eager_pr.o
                0x0000000000001686                debounce
 .text.hsv_to_rgb_impl
                0x0000000000001720      0x12a .build/obj_ergodox_ez_sfgabe_80_underglow/quantum/color.o
                0x0000000000001720                hsv_to_rgb_impl
 .text.hsv_to_rgb
                0x000000000000184a        0x6 .build/obj_ergodox_ez_sfgabe_80_underglow/quantum/color.o
                0x000000000000184a                hsv_to_rgb
 .text.rgblight_effect_dummy
                0x0000000000001850        0x2 .build/obj_ergodox_ez_sfgabe_80_underglow/quantum/rgblight.o
 .text.sethsv_raw
                0x0000000000001852       0x1c .build/obj_ergodox_ez_sfgabe_80_underglow/quantum/rgblight.o
                0x0000000000001852                sethsv_raw
 .text.rgblight_check_config
                0x000000000000186e       0x1e .build/obj_ergodox_ez_sfgabe_80_underglow/quantum/rgblight.o
                0x000000000000186e                rgblight_check_config
 .text.eeconfig_read_rgblight
                0x000000000000188c        0x8 .build/obj_ergodox_ez_sfgabe_80_underglow/quantum/rgblight.o
                0x000000000000188c                eeconfig_read_rgblight
 .text.eeconfig_update_rgblight
                0x0000000000001894       0x24 .build/obj_ergodox_ez_sfgabe_80_underglow/quantum/rgblight.o
                0x0000000000001894                eeconfig_update_rgblight
 .text.eeconfig_update_rgblight_default
                0x00000000000018b8       0x1e .build/obj_ergodox_ez_sfgabe_80_underglow/quantum/rgblight.o
                0x00000000000018b8                eeconfig_update_rgblight_default
 .text.rgblight_get_mode
                0x00000000000018d6       0x10 .build/obj_ergodox_ez_sfgabe_80_underglow/quantum/rgblight.o
                0x00000000000018d6                rgblight_get_mode
 .text.rgblight_increase_speed_helper
                0x00000000000018e6       0x28 .build/obj_ergodox_ez_sfgabe_80_underglow/quantum/rgblight.o
                0x00000000000018e6                rgblight_increase_speed_helper
 .text.rgblight_increase_speed
                0x000000000000190e        0x6 .build/obj_ergodox_ez_sfgabe_80_underglow/quantum/rgblight.o
                0x000000000000190e                rgblight_increase_speed
 .text.rgblight_decrease_speed_helper
                0x0000000000001914       0x28 .build/obj_ergodox_ez_sfgabe_80_underglow/quantum/rgblight.o
                0x0000000000001914                rgblight_decrease_speed_helper
 .text.rgblight_decrease_speed
                0x000000000000193c        0x6 .build/obj_ergodox_ez_sfgabe_80_underglow/quantum/rgblight.o
                0x000000000000193c                rgblight_decrease_speed
 .text.rgblight_set
                0x0000000000001942       0x44 .build/obj_ergodox_ez_sfgabe_80_underglow/quantum/rgblight.o
                0x0000000000001942                rgblight_set
 .text.rgblight_setrgb
                0x0000000000001986       0x32 .build/obj_ergodox_ez_sfgabe_80_underglow/quantum/rgblight.o
                0x0000000000001986                rgblight_setrgb
 .text.rgblight_sethsv_noeeprom_old
                0x00000000000019b8       0x34 .build/obj_ergodox_ez_sfgabe_80_underglow/quantum/rgblight.o
                0x00000000000019b8                rgblight_sethsv_noeeprom_old
 .text.rgblight_effect_breathing
                0x00000000000019ec       0x28 .build/obj_ergodox_ez_sfgabe_80_underglow/quantum/rgblight.o
                0x00000000000019ec                rgblight_effect_breathing
 .text.rgblight_effect_rainbow_mood
                0x0000000000001a14       0x20 .build/obj_ergodox_ez_sfgabe_80_underglow/quantum/rgblight.o
                0x0000000000001a14                rgblight_effect_rainbow_mood
 .text.rgblight_effect_rgbtest
                0x0000000000001a34       0x7e .build/obj_ergodox_ez_sfgabe_80_underglow/quantum/rgblight.o
                0x0000000000001a34                rgblight_effect_rgbtest
 .text.rgblight_sethsv_eeprom_helper
                0x0000000000001ab2      0x124 .build/obj_ergodox_ez_sfgabe_80_underglow/quantum/rgblight.o
                0x0000000000001ab2                rgblight_sethsv_eeprom_helper
 .text.rgblight_increase_hue_helper
                0x0000000000001bd6       0x14 .build/obj_ergodox_ez_sfgabe_80_underglow/quantum/rgblight.o
                0x0000000000001bd6                rgblight_increase_hue_helper
 .text.rgblight_increase_hue
                0x0000000000001bea        0x6 .build/obj_ergodox_ez_sfgabe_80_underglow/quantum/rgblight.o
                0x0000000000001bea                rgblight_increase_hue
 .text.rgblight_decrease_hue_helper
                0x0000000000001bf0       0x14 .build/obj_ergodox_ez_sfgabe_80_underglow/quantum/rgblight.o
                0x0000000000001bf0                rgblight_decrease_hue_helper
 .text.rgblight_decrease_hue
                0x0000000000001c04        0x6 .build/obj_ergodox_ez_sfgabe_80_underglow/quantum/rgblight.o
                0x0000000000001c04                rgblight_decrease_hue
 .text.rgblight_increase_sat_helper
                0x0000000000001c0a       0x18 .build/obj_ergodox_ez_sfgabe_80_underglow/quantum/rgblight.o
                0x0000000000001c0a                rgblight_increase_sat_helper
 .text.rgblight_increase_sat
                0x0000000000001c22        0x6 .build/obj_ergodox_ez_sfgabe_80_underglow/quantum/rgblight.o
                0x0000000000001c22                rgblight_increase_sat
 .text.rgblight_decrease_sat_helper
                0x0000000000001c28       0x18 .build/obj_ergodox_ez_sfgabe_80_underglow/quantum/rgblight.o
                0x0000000000001c28                rgblight_decrease_sat_helper
 .text.rgblight_decrease_sat
                0x0000000000001c40        0x6 .build/obj_ergodox_ez_sfgabe_80_underglow/quantum/rgblight.o
                0x0000000000001c40                rgblight_decrease_sat
 .text.rgblight_increase_val_helper
                0x0000000000001c46       0x18 .build/obj_ergodox_ez_sfgabe_80_underglow/quantum/rgblight.o
                0x0000000000001c46                rgblight_increase_val_helper
 .text.rgblight_increase_val
                0x0000000000001c5e        0x6 .build/obj_ergodox_ez_sfgabe_80_underglow/quantum/rgblight.o
                0x0000000000001c5e                rgblight_increase_val
 .text.rgblight_decrease_val_helper
                0x0000000000001c64       0x18 .build/obj_ergodox_ez_sfgabe_80_underglow/quantum/rgblight.o
                0x0000000000001c64                rgblight_decrease_val_helper
 .text.rgblight_decrease_val
                0x0000000000001c7c        0x6 .build/obj_ergodox_ez_sfgabe_80_underglow/quantum/rgblight.o
                0x0000000000001c7c                rgblight_decrease_val
 .text.rgblight_sethsv_noeeprom
                0x0000000000001c82        0x6 .build/obj_ergodox_ez_sfgabe_80_underglow/quantum/rgblight.o
                0x0000000000001c82                rgblight_sethsv_noeeprom
 .text.rgblight_effect_rainbow_swirl
                0x0000000000001c88       0x7a .build/obj_ergodox_ez_sfgabe_80_underglow/quantum/rgblight.o
                0x0000000000001c88                rgblight_effect_rainbow_swirl
 .text.rgblight_effect_snake
                0x0000000000001d02       0xf4 .build/obj_ergodox_ez_sfgabe_80_underglow/quantum/rgblight.o
                0x0000000000001d02                rgblight_effect_snake
 .text.rgblight_effect_knight
                0x0000000000001df6       0xe6 .build/obj_ergodox_ez_sfgabe_80_underglow/quantum/rgblight.o
                0x0000000000001df6                rgblight_effect_knight
 .text.rgblight_effect_christmas
                0x0000000000001edc      0x120 .build/obj_ergodox_ez_sfgabe_80_underglow/quantum/rgblight.o
                0x0000000000001edc                rgblight_effect_christmas
 .text.rgblight_effect_alternating
                0x0000000000001ffc       0x7a .build/obj_ergodox_ez_sfgabe_80_underglow/quantum/rgblight.o
                0x0000000000001ffc                rgblight_effect_alternating
 .text.rgblight_effect_twinkle
                0x0000000000002076      0x17a .build/obj_ergodox_ez_sfgabe_80_underglow/quantum/rgblight.o
                0x0000000000002076                rgblight_effect_twinkle
 .text.rgblight_disable
                0x00000000000021f0       0x30 .build/obj_ergodox_ez_sfgabe_80_underglow/quantum/rgblight.o
                0x00000000000021f0                rgblight_disable
 .text.rgblight_disable_noeeprom
                0x0000000000002220       0x24 .build/obj_ergodox_ez_sfgabe_80_underglow/quantum/rgblight.o
                0x0000000000002220                rgblight_disable_noeeprom
 .text.rgblight_timer_enable
                0x0000000000002244       0x2c .build/obj_ergodox_ez_sfgabe_80_underglow/quantum/rgblight.o
                0x0000000000002244                rgblight_timer_enable
 .text.rgblight_mode_eeprom_helper
                0x0000000000002270       0x74 .build/obj_ergodox_ez_sfgabe_80_underglow/quantum/rgblight.o
                0x0000000000002270                rgblight_mode_eeprom_helper
 .text.rgblight_step_helper
                0x00000000000022e4       0x16 .build/obj_ergodox_ez_sfgabe_80_underglow/quantum/rgblight.o
                0x00000000000022e4                rgblight_step_helper
 .text.rgblight_step
                0x00000000000022fa        0x6 .build/obj_ergodox_ez_sfgabe_80_underglow/quantum/rgblight.o
                0x00000000000022fa                rgblight_step
 .text.rgblight_step_reverse_helper
                0x0000000000002300       0x14 .build/obj_ergodox_ez_sfgabe_80_underglow/quantum/rgblight.o
                0x0000000000002300                rgblight_step_reverse_helper
 .text.rgblight_step_reverse
                0x0000000000002314        0x6 .build/obj_ergodox_ez_sfgabe_80_underglow/quantum/rgblight.o
                0x0000000000002314                rgblight_step_reverse
 .text.rgblight_mode
                0x000000000000231a        0x6 .build/obj_ergodox_ez_sfgabe_80_underglow/quantum/rgblight.o
                0x000000000000231a                rgblight_mode
 .text.rgblight_enable
                0x0000000000002320       0x10 .build/obj_ergodox_ez_sfgabe_80_underglow/quantum/rgblight.o
                0x0000000000002320                rgblight_enable
 .text.rgblight_toggle
                0x0000000000002330        0xe .build/obj_ergodox_ez_sfgabe_80_underglow/quantum/rgblight.o
                0x0000000000002330                rgblight_toggle
 .text.rgblight_mode_noeeprom
                0x000000000000233e        0x6 .build/obj_ergodox_ez_sfgabe_80_underglow/quantum/rgblight.o
                0x000000000000233e                rgblight_mode_noeeprom
 .text.rgblight_init
                0x0000000000002344       0x66 .build/obj_ergodox_ez_sfgabe_80_underglow/quantum/rgblight.o
                0x0000000000002344                rgblight_init
 .text.rgblight_enable_noeeprom
                0x00000000000023aa       0x10 .build/obj_ergodox_ez_sfgabe_80_underglow/quantum/rgblight.o
                0x00000000000023aa                rgblight_enable_noeeprom
 .text.rgblight_timer_disable
                0x00000000000023ba        0x6 .build/obj_ergodox_ez_sfgabe_80_underglow/quantum/rgblight.o
                0x00000000000023ba                rgblight_timer_disable
 .text.rgblight_task
                0x00000000000023c0      0x156 .build/obj_ergodox_ez_sfgabe_80_underglow/quantum/rgblight.o
                0x00000000000023c0                rgblight_task
 .text.handleKeycodeRGB
                0x0000000000002516        0xa .build/obj_ergodox_ez_sfgabe_80_underglow/quantum/process_keycode/process_rgb.o
 .text.handleKeycodeRGBMode
                0x0000000000002520       0x2a .build/obj_ergodox_ez_sfgabe_80_underglow/quantum/process_keycode/process_rgb.o
 .text.process_rgb
                0x000000000000254a       0xe0 .build/obj_ergodox_ez_sfgabe_80_underglow/quantum/process_keycode/process_rgb.o
                0x000000000000254a                process_rgb
 .text.ws2812_setleds
                0x000000000000262a       0x58 .build/obj_ergodox_ez_sfgabe_80_underglow/ws2812.o
                0x000000000000262a                ws2812_setleds
 .text.encoder_update_kb
                0x0000000000002682        0x4 .build/obj_ergodox_ez_sfgabe_80_underglow/quantum/encoder.o
                0x0000000000002682                encoder_update_kb
 .text.encoder_init
                0x0000000000002686       0x26 .build/obj_ergodox_ez_sfgabe_80_underglow/quantum/encoder.o
                0x0000000000002686                encoder_init
 .text.encoder_read
                0x00000000000026ac       0x8a .build/obj_ergodox_ez_sfgabe_80_underglow/quantum/encoder.o
                0x00000000000026ac                encoder_read
 .text.process_unicode
                0x0000000000002736       0x2a .build/obj_ergodox_ez_sfgabe_80_underglow/quantum/process_keycode/process_unicode.o
                0x0000000000002736                process_unicode
 .text.unicode_input_mode_init
                0x0000000000002760       0x20 .build/obj_ergodox_ez_sfgabe_80_underglow/quantum/process_keycode/process_unicode_common.o
                0x0000000000002760                unicode_input_mode_init
 .text.persist_unicode_input_mode
                0x0000000000002780        0xc .build/obj_ergodox_ez_sfgabe_80_underglow/quantum/process_keycode/process_unicode_common.o
                0x0000000000002780                persist_unicode_input_mode
 .text.unicode_input_start
                0x000000000000278c       0x58 .build/obj_ergodox_ez_sfgabe_80_underglow/quantum/process_keycode/process_unicode_common.o
                0x000000000000278c                unicode_input_start
 .text.unicode_input_finish
                0x00000000000027e4       0x30 .build/obj_ergodox_ez_sfgabe_80_underglow/quantum/process_keycode/process_unicode_common.o
                0x00000000000027e4                unicode_input_finish
 .text.register_hex
                0x0000000000002814       0x3a .build/obj_ergodox_ez_sfgabe_80_underglow/quantum/process_keycode/process_unicode_common.o
                0x0000000000002814                register_hex
 .text.process_unicode_common
                0x000000000000284e       0x3c .build/obj_ergodox_ez_sfgabe_80_underglow/quantum/process_keycode/process_unicode_common.o
                0x000000000000284e                process_unicode_common
 .text.perform_space_cadet
                0x000000000000288a      0x116 .build/obj_ergodox_ez_sfgabe_80_underglow/quantum/process_keycode/process_space_cadet.o
                0x000000000000288a                perform_space_cadet
 .text.process_space_cadet
                0x00000000000029a0       0xa4 .build/obj_ergodox_ez_sfgabe_80_underglow/quantum/process_keycode/process_space_cadet.o
                0x00000000000029a0                process_space_cadet
 .text.process_magic
                0x0000000000002a44      0x246 .build/obj_ergodox_ez_sfgabe_80_underglow/quantum/process_keycode/process_magic.o
                0x0000000000002a44                process_magic
 .text.process_grave_esc
                0x0000000000002c8a       0x54 .build/obj_ergodox_ez_sfgabe_80_underglow/quantum/process_keycode/process_grave_esc.o
                0x0000000000002c8a                process_grave_esc
 .text.autoshift_flush
                0x0000000000002cde       0x50 .build/obj_ergodox_ez_sfgabe_80_underglow/quantum/process_keycode/process_auto_shift.o
                0x0000000000002cde                autoshift_flush
 .text.autoshift_on
                0x0000000000002d2e       0x20 .build/obj_ergodox_ez_sfgabe_80_underglow/quantum/process_keycode/process_auto_shift.o
                0x0000000000002d2e                autoshift_on
 .text.autoshift_toggle
                0x0000000000002d4e       0x18 .build/obj_ergodox_ez_sfgabe_80_underglow/quantum/process_keycode/process_auto_shift.o
                0x0000000000002d4e                autoshift_toggle
 .text.autoshift_disable
                0x0000000000002d66        0x8 .build/obj_ergodox_ez_sfgabe_80_underglow/quantum/process_keycode/process_auto_shift.o
                0x0000000000002d66                autoshift_disable
 .text.autoshift_timer_report
                0x0000000000002d6e       0x66 .build/obj_ergodox_ez_sfgabe_80_underglow/quantum/process_keycode/process_auto_shift.o
                0x0000000000002d6e                autoshift_timer_report
 .text.process_auto_shift
                0x0000000000002dd4       0xce .build/obj_ergodox_ez_sfgabe_80_underglow/quantum/process_keycode/process_auto_shift.o
                0x0000000000002dd4                process_auto_shift
 .text.i2c_init
                0x0000000000002ea2        0xc .build/obj_ergodox_ez_sfgabe_80_underglow/i2c_master.a(i2c_master.o)
                0x0000000000002ea2                i2c_init
 .text.i2c_start
                0x0000000000002eae       0xb8 .build/obj_ergodox_ez_sfgabe_80_underglow/i2c_master.a(i2c_master.o)
                0x0000000000002eae                i2c_start
 .text.i2c_write
                0x0000000000002f66       0x5e .build/obj_ergodox_ez_sfgabe_80_underglow/i2c_master.a(i2c_master.o)
                0x0000000000002f66                i2c_write
 .text.i2c_read_nack
                0x0000000000002fc4       0x48 .build/obj_ergodox_ez_sfgabe_80_underglow/i2c_master.a(i2c_master.o)
                0x0000000000002fc4                i2c_read_nack
 .text.i2c_stop
                0x000000000000300c        0x8 .build/obj_ergodox_ez_sfgabe_80_underglow/i2c_master.a(i2c_master.o)
                0x000000000000300c                i2c_stop
 .text.host_set_driver
                0x0000000000003014        0xa .build/obj_ergodox_ez_sfgabe_80_underglow/common/host.o
                0x0000000000003014                host_set_driver
 .text.host_keyboard_leds
                0x000000000000301e       0x18 .build/obj_ergodox_ez_sfgabe_80_underglow/common/host.o
                0x000000000000301e                host_keyboard_leds
 .text.host_keyboard_send
                0x0000000000003036       0x34 .build/obj_ergodox_ez_sfgabe_80_underglow/common/host.o
                0x0000000000003036                host_keyboard_send
 .text.host_mouse_send
                0x000000000000306a       0x1c .build/obj_ergodox_ez_sfgabe_80_underglow/common/host.o
                0x000000000000306a                host_mouse_send
 .text.host_system_send
                0x0000000000003086       0x2c .build/obj_ergodox_ez_sfgabe_80_underglow/common/host.o
                0x0000000000003086                host_system_send
 .text.host_consumer_send
                0x00000000000030b2       0x2c .build/obj_ergodox_ez_sfgabe_80_underglow/common/host.o
                0x00000000000030b2                host_consumer_send
 .text.disable_jtag
                0x00000000000030de        0xe .build/obj_ergodox_ez_sfgabe_80_underglow/common/keyboard.o
                0x00000000000030de                disable_jtag
 .text.keyboard_pre_init_user
                0x00000000000030ec        0x2 .build/obj_ergodox_ez_sfgabe_80_underglow/common/keyboard.o
                0x00000000000030ec                keyboard_pre_init_user
 .text.matrix_setup
                0x00000000000030ee        0x2 .build/obj_ergodox_ez_sfgabe_80_underglow/common/keyboard.o
                0x00000000000030ee                matrix_setup
 .text.keyboard_pre_init_kb
                0x00000000000030f0        0x4 .build/obj_ergodox_ez_sfgabe_80_underglow/common/keyboard.o
                0x00000000000030f0                keyboard_pre_init_kb
 .text.keyboard_post_init_user
                0x00000000000030f4        0x2 .build/obj_ergodox_ez_sfgabe_80_underglow/common/keyboard.o
                0x00000000000030f4                keyboard_post_init_user
 .text.keyboard_post_init_kb
                0x00000000000030f6        0x4 .build/obj_ergodox_ez_sfgabe_80_underglow/common/keyboard.o
                0x00000000000030f6                keyboard_post_init_kb
 .text.keyboard_setup
                0x00000000000030fa        0xc .build/obj_ergodox_ez_sfgabe_80_underglow/common/keyboard.o
                0x00000000000030fa                keyboard_setup
 .text.is_keyboard_master
                0x0000000000003106        0x4 .build/obj_ergodox_ez_sfgabe_80_underglow/common/keyboard.o
                0x0000000000003106                is_keyboard_master
 .text.should_process_keypress
                0x000000000000310a        0x4 .build/obj_ergodox_ez_sfgabe_80_underglow/common/keyboard.o
                0x000000000000310a                should_process_keypress
 .text.keyboard_init
                0x000000000000310e       0x18 .build/obj_ergodox_ez_sfgabe_80_underglow/common/keyboard.o
                0x000000000000310e                keyboard_init
 .text.keyboard_task
                0x0000000000003126      0x138 .build/obj_ergodox_ez_sfgabe_80_underglow/common/keyboard.o
                0x0000000000003126                keyboard_task
 .text.process_hand_swap
                0x000000000000325e       0x70 .build/obj_ergodox_ez_sfgabe_80_underglow/common/action.o
                0x000000000000325e                process_hand_swap
 .text.action_exec
                0x00000000000032ce       0x70 .build/obj_ergodox_ez_sfgabe_80_underglow/common/action.o
                0x00000000000032ce                action_exec
 .text.process_record_tap_hint
                0x000000000000333e       0x28 .build/obj_ergodox_ez_sfgabe_80_underglow/common/action.o
                0x000000000000333e                process_record_tap_hint
 .text.register_code
                0x0000000000003366      0x12e .build/obj_ergodox_ez_sfgabe_80_underglow/common/action.o
                0x0000000000003366                register_code
 .text.unregister_code
                0x0000000000003494       0xac .build/obj_ergodox_ez_sfgabe_80_underglow/common/action.o
                0x0000000000003494                unregister_code
 .text.tap_code
                0x0000000000003540       0x26 .build/obj_ergodox_ez_sfgabe_80_underglow/common/action.o
                0x0000000000003540                tap_code
 .text.register_mods
                0x0000000000003566        0xe .build/obj_ergodox_ez_sfgabe_80_underglow/common/action.o
                0x0000000000003566                register_mods
 .text.unregister_mods
                0x0000000000003574        0xe .build/obj_ergodox_ez_sfgabe_80_underglow/common/action.o
                0x0000000000003574                unregister_mods
 .text.process_action
                0x0000000000003582      0x4fa .build/obj_ergodox_ez_sfgabe_80_underglow/common/action.o
                0x0000000000003582                process_action
 .text.process_record_handler
                0x0000000000003a7c       0x2e .build/obj_ergodox_ez_sfgabe_80_underglow/common/action.o
                0x0000000000003a7c                process_record_handler
 .text.process_record
                0x0000000000003aaa       0x50 .build/obj_ergodox_ez_sfgabe_80_underglow/common/action.o
                0x0000000000003aaa                process_record
 .text.register_weak_mods
                0x0000000000003afa        0xe .build/obj_ergodox_ez_sfgabe_80_underglow/common/action.o
                0x0000000000003afa                register_weak_mods
 .text.unregister_weak_mods
                0x0000000000003b08        0xe .build/obj_ergodox_ez_sfgabe_80_underglow/common/action.o
                0x0000000000003b08                unregister_weak_mods
 .text.clear_keyboard_but_mods_and_keys
                0x0000000000003b16       0x24 .build/obj_ergodox_ez_sfgabe_80_underglow/common/action.o
                0x0000000000003b16                clear_keyboard_but_mods_and_keys
 .text.clear_keyboard_but_mods
                0x0000000000003b3a        0x8 .build/obj_ergodox_ez_sfgabe_80_underglow/common/action.o
                0x0000000000003b3a                clear_keyboard_but_mods
 .text.clear_keyboard
                0x0000000000003b42        0x8 .build/obj_ergodox_ez_sfgabe_80_underglow/common/action.o
                0x0000000000003b42                clear_keyboard
 .text.is_tap_action
                0x0000000000003b4a       0x3e .build/obj_ergodox_ez_sfgabe_80_underglow/common/action.o
                0x0000000000003b4a                is_tap_action
 .text.is_tap_key
                0x0000000000003b88        0x8 .build/obj_ergodox_ez_sfgabe_80_underglow/common/action.o
                0x0000000000003b88                is_tap_key
 .text.debug_event
                0x0000000000003b90       0x1e .build/obj_ergodox_ez_sfgabe_80_underglow/common/action.o
                0x0000000000003b90                debug_event
 .text.debug_record
                0x0000000000003bae       0x20 .build/obj_ergodox_ez_sfgabe_80_underglow/common/action.o
                0x0000000000003bae                debug_record
 .text.debug_waiting_buffer
                0x0000000000003bce       0x42 .build/obj_ergodox_ez_sfgabe_80_underglow/common/action_tapping.o
 .text.debug_tapping_key
                0x0000000000003c10       0x1c .build/obj_ergodox_ez_sfgabe_80_underglow/common/action_tapping.o
 .text.waiting_buffer_scan_tap
                0x0000000000003c2c       0xac .build/obj_ergodox_ez_sfgabe_80_underglow/common/action_tapping.o
 .text.process_tapping
                0x0000000000003cd8      0x356 .build/obj_ergodox_ez_sfgabe_80_underglow/common/action_tapping.o
 .text.get_tapping_term
                0x000000000000402e        0x6 .build/obj_ergodox_ez_sfgabe_80_underglow/common/action_tapping.o
                0x000000000000402e                get_tapping_term
 .text.action_tapping_process
                0x0000000000004034      0x134 .build/obj_ergodox_ez_sfgabe_80_underglow/common/action_tapping.o
                0x0000000000004034                action_tapping_process
 .text.default_layer_state_set_user
                0x0000000000004168        0x2 .build/obj_ergodox_ez_sfgabe_80_underglow/common/action_layer.o
                0x0000000000004168                default_layer_state_set_user
 .text.default_layer_state_set_kb
                0x000000000000416a        0x4 .build/obj_ergodox_ez_sfgabe_80_underglow/common/action_layer.o
                0x000000000000416a                default_layer_state_set_kb
 .text.default_layer_state_set
                0x000000000000416e       0x18 .build/obj_ergodox_ez_sfgabe_80_underglow/common/action_layer.o
 .text.default_layer_debug
                0x0000000000004186        0x2 .build/obj_ergodox_ez_sfgabe_80_underglow/common/action_layer.o
                0x0000000000004186                default_layer_debug
 .text.default_layer_set
                0x0000000000004188        0x4 .build/obj_ergodox_ez_sfgabe_80_underglow/common/action_layer.o
                0x0000000000004188                default_layer_set
 .text.default_layer_or
                0x000000000000418c       0x24 .build/obj_ergodox_ez_sfgabe_80_underglow/common/action_layer.o
                0x000000000000418c                default_layer_or
 .text.default_layer_and
                0x00000000000041b0       0x24 .build/obj_ergodox_ez_sfgabe_80_underglow/common/action_layer.o
                0x00000000000041b0                default_layer_and
 .text.default_layer_xor
                0x00000000000041d4       0x24 .build/obj_ergodox_ez_sfgabe_80_underglow/common/action_layer.o
                0x00000000000041d4                default_layer_xor
 .text.layer_state_set_user
                0x00000000000041f8        0x4 .build/obj_ergodox_ez_sfgabe_80_underglow/common/action_layer.o
                0x00000000000041f8                layer_state_set_user
 .text.layer_state_set_kb
                0x00000000000041fc        0x4 .build/obj_ergodox_ez_sfgabe_80_underglow/common/action_layer.o
                0x00000000000041fc                layer_state_set_kb
 .text.layer_state_set
                0x0000000000004200       0x18 .build/obj_ergodox_ez_sfgabe_80_underglow/common/action_layer.o
                0x0000000000004200                layer_state_set
 .text.layer_clear
                0x0000000000004218        0xa .build/obj_ergodox_ez_sfgabe_80_underglow/common/action_layer.o
                0x0000000000004218                layer_clear
 .text.layer_move
                0x0000000000004222       0x2a .build/obj_ergodox_ez_sfgabe_80_underglow/common/action_layer.o
                0x0000000000004222                layer_move
 .text.layer_on
                0x000000000000424c       0x42 .build/obj_ergodox_ez_sfgabe_80_underglow/common/action_layer.o
                0x000000000000424c                layer_on
 .text.layer_off
                0x000000000000428e       0x46 .build/obj_ergodox_ez_sfgabe_80_underglow/common/action_layer.o
                0x000000000000428e                layer_off
 .text.layer_invert
                0x00000000000042d4       0x42 .build/obj_ergodox_ez_sfgabe_80_underglow/common/action_layer.o
                0x00000000000042d4                layer_invert
 .text.layer_or
                0x0000000000004316       0x24 .build/obj_ergodox_ez_sfgabe_80_underglow/common/action_layer.o
                0x0000000000004316                layer_or
 .text.layer_and
                0x000000000000433a       0x24 .build/obj_ergodox_ez_sfgabe_80_underglow/common/action_layer.o
                0x000000000000433a                layer_and
 .text.layer_xor
                0x000000000000435e       0x24 .build/obj_ergodox_ez_sfgabe_80_underglow/common/action_layer.o
                0x000000000000435e                layer_xor
 .text.layer_debug
                0x0000000000004382        0x2 .build/obj_ergodox_ez_sfgabe_80_underglow/common/action_layer.o
                0x0000000000004382                layer_debug
 .text.update_source_layers_cache
                0x0000000000004384       0x5c .build/obj_ergodox_ez_sfgabe_80_underglow/common/action_layer.o
                0x0000000000004384                update_source_layers_cache
 .text.read_source_layers_cache
                0x00000000000043e0       0x52 .build/obj_ergodox_ez_sfgabe_80_underglow/common/action_layer.o
                0x00000000000043e0                read_source_layers_cache
 .text.layer_switch_get_layer
                0x0000000000004432       0x84 .build/obj_ergodox_ez_sfgabe_80_underglow/common/action_layer.o
                0x0000000000004432                layer_switch_get_layer
 .text.layer_switch_get_action
                0x00000000000044b6       0x14 .build/obj_ergodox_ez_sfgabe_80_underglow/common/action_layer.o
                0x00000000000044b6                layer_switch_get_action
 .text.store_or_get_action
                0x00000000000044ca       0x48 .build/obj_ergodox_ez_sfgabe_80_underglow/common/action_layer.o
                0x00000000000044ca                store_or_get_action
 .text.add_key  0x0000000000004512        0xe .build/obj_ergodox_ez_sfgabe_80_underglow/common/action_util.o
                0x0000000000004512                add_key
 .text.del_key  0x0000000000004520        0xe .build/obj_ergodox_ez_sfgabe_80_underglow/common/action_util.o
                0x0000000000004520                del_key
 .text.clear_keys
                0x000000000000452e        0xc .build/obj_ergodox_ez_sfgabe_80_underglow/common/action_util.o
                0x000000000000452e                clear_keys
 .text.get_oneshot_layer
                0x000000000000453a        0xc .build/obj_ergodox_ez_sfgabe_80_underglow/common/action_util.o
                0x000000000000453a                get_oneshot_layer
 .text.get_oneshot_layer_state
                0x0000000000004546        0x8 .build/obj_ergodox_ez_sfgabe_80_underglow/common/action_util.o
                0x0000000000004546                get_oneshot_layer_state
 .text.set_oneshot_swaphands
                0x000000000000454e        0xe .build/obj_ergodox_ez_sfgabe_80_underglow/common/action_util.o
                0x000000000000454e                set_oneshot_swaphands
 .text.clear_oneshot_swaphands
                0x000000000000455c        0xa .build/obj_ergodox_ez_sfgabe_80_underglow/common/action_util.o
                0x000000000000455c                clear_oneshot_swaphands
 .text.release_oneshot_swaphands
                0x0000000000004566       0x1a .build/obj_ergodox_ez_sfgabe_80_underglow/common/action_util.o
                0x0000000000004566                release_oneshot_swaphands
 .text.use_oneshot_swaphands
                0x0000000000004580       0x1a .build/obj_ergodox_ez_sfgabe_80_underglow/common/action_util.o
                0x0000000000004580                use_oneshot_swaphands
 .text.is_oneshot_layer_active
                0x000000000000459a        0xe .build/obj_ergodox_ez_sfgabe_80_underglow/common/action_util.o
                0x000000000000459a                is_oneshot_layer_active
 .text.get_mods
                0x00000000000045a8        0x6 .build/obj_ergodox_ez_sfgabe_80_underglow/common/action_util.o
                0x00000000000045a8                get_mods
 .text.add_mods
                0x00000000000045ae        0xc .build/obj_ergodox_ez_sfgabe_80_underglow/common/action_util.o
                0x00000000000045ae                add_mods
 .text.del_mods
                0x00000000000045ba        0xe .build/obj_ergodox_ez_sfgabe_80_underglow/common/action_util.o
                0x00000000000045ba                del_mods
 .text.set_mods
                0x00000000000045c8        0x6 .build/obj_ergodox_ez_sfgabe_80_underglow/common/action_util.o
                0x00000000000045c8                set_mods
 .text.clear_mods
                0x00000000000045ce        0x6 .build/obj_ergodox_ez_sfgabe_80_underglow/common/action_util.o
                0x00000000000045ce                clear_mods
 .text.add_weak_mods
                0x00000000000045d4        0xc .build/obj_ergodox_ez_sfgabe_80_underglow/common/action_util.o
                0x00000000000045d4                add_weak_mods
 .text.del_weak_mods
                0x00000000000045e0        0xe .build/obj_ergodox_ez_sfgabe_80_underglow/common/action_util.o
                0x00000000000045e0                del_weak_mods
 .text.clear_weak_mods
                0x00000000000045ee        0x6 .build/obj_ergodox_ez_sfgabe_80_underglow/common/action_util.o
                0x00000000000045ee                clear_weak_mods
 .text.clear_macro_mods
                0x00000000000045f4        0x6 .build/obj_ergodox_ez_sfgabe_80_underglow/common/action_util.o
                0x00000000000045f4                clear_macro_mods
 .text.get_oneshot_mods
                0x00000000000045fa        0x6 .build/obj_ergodox_ez_sfgabe_80_underglow/common/action_util.o
                0x00000000000045fa                get_oneshot_mods
 .text.oneshot_mods_changed_user
                0x0000000000004600        0x2 .build/obj_ergodox_ez_sfgabe_80_underglow/common/action_util.o
                0x0000000000004600                oneshot_mods_changed_user
 .text.oneshot_mods_changed_kb
                0x0000000000004602        0x4 .build/obj_ergodox_ez_sfgabe_80_underglow/common/action_util.o
                0x0000000000004602                oneshot_mods_changed_kb
 .text.set_oneshot_mods
                0x0000000000004606       0x12 .build/obj_ergodox_ez_sfgabe_80_underglow/common/action_util.o
                0x0000000000004606                set_oneshot_mods
 .text.clear_oneshot_mods
                0x0000000000004618       0x14 .build/obj_ergodox_ez_sfgabe_80_underglow/common/action_util.o
                0x0000000000004618                clear_oneshot_mods
 .text.send_keyboard_report
                0x000000000000462c       0x66 .build/obj_ergodox_ez_sfgabe_80_underglow/common/action_util.o
                0x000000000000462c                send_keyboard_report
 .text.oneshot_layer_changed_user
                0x0000000000004692        0x2 .build/obj_ergodox_ez_sfgabe_80_underglow/common/action_util.o
                0x0000000000004692                oneshot_layer_changed_user
 .text.oneshot_layer_changed_kb
                0x0000000000004694        0x4 .build/obj_ergodox_ez_sfgabe_80_underglow/common/action_util.o
                0x0000000000004694                oneshot_layer_changed_kb
 .text.set_oneshot_layer
                0x0000000000004698       0x20 .build/obj_ergodox_ez_sfgabe_80_underglow/common/action_util.o
                0x0000000000004698                set_oneshot_layer
 .text.reset_oneshot_layer
                0x00000000000046b8        0xa .build/obj_ergodox_ez_sfgabe_80_underglow/common/action_util.o
                0x00000000000046b8                reset_oneshot_layer
 .text.clear_oneshot_layer_state
                0x00000000000046c2       0x30 .build/obj_ergodox_ez_sfgabe_80_underglow/common/action_util.o
                0x00000000000046c2                clear_oneshot_layer_state
 .text.biton32  0x00000000000046f2       0x9a .build/obj_ergodox_ez_sfgabe_80_underglow/common/util.o
                0x00000000000046f2                biton32
 .text.eeconfig_is_enabled
                0x000000000000478c       0x16 .build/obj_ergodox_ez_sfgabe_80_underglow/common/eeconfig.o
                0x000000000000478c                eeconfig_is_enabled
 .text.eeconfig_read_debug
                0x00000000000047a2        0x8 .build/obj_ergodox_ez_sfgabe_80_underglow/common/eeconfig.o
                0x00000000000047a2                eeconfig_read_debug
 .text.eeconfig_read_default_layer
                0x00000000000047aa        0x8 .build/obj_ergodox_ez_sfgabe_80_underglow/common/eeconfig.o
                0x00000000000047aa                eeconfig_read_default_layer
 .text.eeconfig_read_keymap
                0x00000000000047b2       0x1c .build/obj_ergodox_ez_sfgabe_80_underglow/common/eeconfig.o
                0x00000000000047b2                eeconfig_read_keymap
 .text.eeconfig_update_keymap
                0x00000000000047ce       0x1a .build/obj_ergodox_ez_sfgabe_80_underglow/common/eeconfig.o
                0x00000000000047ce                eeconfig_update_keymap
 .text.eeconfig_read_kb
                0x00000000000047e8        0x8 .build/obj_ergodox_ez_sfgabe_80_underglow/common/eeconfig.o
                0x00000000000047e8                eeconfig_read_kb
 .text.eeconfig_update_kb
                0x00000000000047f0        0xc .build/obj_ergodox_ez_sfgabe_80_underglow/common/eeconfig.o
                0x00000000000047f0                eeconfig_update_kb
 .text.eeconfig_update_user
                0x00000000000047fc        0xc .build/obj_ergodox_ez_sfgabe_80_underglow/common/eeconfig.o
                0x00000000000047fc                eeconfig_update_user
 .text.eeconfig_init_user
                0x0000000000004808        0xa .build/obj_ergodox_ez_sfgabe_80_underglow/common/eeconfig.o
                0x0000000000004808                eeconfig_init_user
 .text.eeconfig_init_quantum
                0x0000000000004812       0xae .build/obj_ergodox_ez_sfgabe_80_underglow/common/eeconfig.o
                0x0000000000004812                eeconfig_init_quantum
 .text.eeconfig_init
                0x00000000000048c0        0x4 .build/obj_ergodox_ez_sfgabe_80_underglow/common/eeconfig.o
                0x00000000000048c0                eeconfig_init
 .text.eeconfig_update_handedness
                0x00000000000048c4        0xa .build/obj_ergodox_ez_sfgabe_80_underglow/common/eeconfig.o
                0x00000000000048c4                eeconfig_update_handedness
 .text.has_anykey
                0x00000000000048ce       0x28 .build/obj_ergodox_ez_sfgabe_80_underglow/common/report.o
                0x00000000000048ce                has_anykey
 .text.is_key_pressed
                0x00000000000048f6       0x60 .build/obj_ergodox_ez_sfgabe_80_underglow/common/report.o
                0x00000000000048f6                is_key_pressed
 .text.add_key_byte
                0x0000000000004956       0x34 .build/obj_ergodox_ez_sfgabe_80_underglow/common/report.o
                0x0000000000004956                add_key_byte
 .text.del_key_byte
                0x000000000000498a       0x1a .build/obj_ergodox_ez_sfgabe_80_underglow/common/report.o
                0x000000000000498a                del_key_byte
 .text.add_key_bit
                0x00000000000049a4       0x28 .build/obj_ergodox_ez_sfgabe_80_underglow/common/report.o
                0x00000000000049a4                add_key_bit
 .text.del_key_bit
                0x00000000000049cc       0x2a .build/obj_ergodox_ez_sfgabe_80_underglow/common/report.o
                0x00000000000049cc                del_key_bit
 .text.add_key_to_report
                0x00000000000049f6       0x16 .build/obj_ergodox_ez_sfgabe_80_underglow/common/report.o
                0x00000000000049f6                add_key_to_report
 .text.del_key_from_report
                0x0000000000004a0c       0x16 .build/obj_ergodox_ez_sfgabe_80_underglow/common/report.o
                0x0000000000004a0c                del_key_from_report
 .text.clear_keys_from_report
                0x0000000000004a22       0x24 .build/obj_ergodox_ez_sfgabe_80_underglow/common/report.o
                0x0000000000004a22                clear_keys_from_report
 .text.suspend_power_down_user
                0x0000000000004a46        0x2 .build/obj_ergodox_ez_sfgabe_80_underglow/common/avr/suspend.o
                0x0000000000004a46                suspend_power_down_user
 .text.suspend_power_down_kb
                0x0000000000004a48        0x4 .build/obj_ergodox_ez_sfgabe_80_underglow/common/avr/suspend.o
                0x0000000000004a48                suspend_power_down_kb
 .text.suspend_power_down
                0x0000000000004a4c       0x82 .build/obj_ergodox_ez_sfgabe_80_underglow/common/avr/suspend.o
                0x0000000000004a4c                suspend_power_down
 .text.matrix_power_down
                0x0000000000004ace        0x2 .build/obj_ergodox_ez_sfgabe_80_underglow/common/avr/suspend.o
                0x0000000000004ace                matrix_power_down
 .text.suspend_wakeup_condition
                0x0000000000004ad0       0x28 .build/obj_ergodox_ez_sfgabe_80_underglow/common/avr/suspend.o
                0x0000000000004ad0                suspend_wakeup_condition
 .text.suspend_wakeup_init_user
                0x0000000000004af8        0x2 .build/obj_ergodox_ez_sfgabe_80_underglow/common/avr/suspend.o
                0x0000000000004af8                suspend_wakeup_init_user
 .text.suspend_wakeup_init_kb
                0x0000000000004afa        0x4 .build/obj_ergodox_ez_sfgabe_80_underglow/common/avr/suspend.o
                0x0000000000004afa                suspend_wakeup_init_kb
 .text.suspend_wakeup_init
                0x0000000000004afe       0x22 .build/obj_ergodox_ez_sfgabe_80_underglow/common/avr/suspend.o
                0x0000000000004afe                suspend_wakeup_init
 .text.__vector_12
                0x0000000000004b20       0x4e .build/obj_ergodox_ez_sfgabe_80_underglow/common/avr/suspend.o
                0x0000000000004b20                __vector_12
 .text.timer_init
                0x0000000000004b6e       0x12 .build/obj_ergodox_ez_sfgabe_80_underglow/common/avr/timer.o
                0x0000000000004b6e                timer_init
 .text.timer_read
                0x0000000000004b80       0x18 .build/obj_ergodox_ez_sfgabe_80_underglow/common/avr/timer.o
                0x0000000000004b80                timer_read
 .text.timer_elapsed
                0x0000000000004b98       0x1e .build/obj_ergodox_ez_sfgabe_80_underglow/common/avr/timer.o
                0x0000000000004b98                timer_elapsed
 .text.__vector_21
                0x0000000000004bb6       0x48 .build/obj_ergodox_ez_sfgabe_80_underglow/common/avr/timer.o
                0x0000000000004bb6                __vector_21
 .text.bootloader_jump
                0x0000000000004bfe       0x64 .build/obj_ergodox_ez_sfgabe_80_underglow/common/avr/bootloader.o
                0x0000000000004bfe                bootloader_jump
 .text.magic    0x0000000000004c62       0x44 .build/obj_ergodox_ez_sfgabe_80_underglow/common/magic.o
                0x0000000000004c62                magic
 .text.move_unit
                0x0000000000004ca6       0x94 .build/obj_ergodox_ez_sfgabe_80_underglow/common/mousekey.o
 .text.wheel_unit
                0x0000000000004d3a       0x72 .build/obj_ergodox_ez_sfgabe_80_underglow/common/mousekey.o
 .text.mousekey_on
                0x0000000000004dac       0xd0 .build/obj_ergodox_ez_sfgabe_80_underglow/common/mousekey.o
                0x0000000000004dac                mousekey_on
 .text.mousekey_off
                0x0000000000004e7c      0x106 .build/obj_ergodox_ez_sfgabe_80_underglow/common/mousekey.o
                0x0000000000004e7c                mousekey_off
 .text.mousekey_send
                0x0000000000004f82       0x36 .build/obj_ergodox_ez_sfgabe_80_underglow/common/mousekey.o
                0x0000000000004f82                mousekey_send
 .text.mousekey_task
                0x0000000000004fb8      0x218 .build/obj_ergodox_ez_sfgabe_80_underglow/common/mousekey.o
                0x0000000000004fb8                mousekey_task
 .text.mousekey_clear
                0x00000000000051d0       0x1c .build/obj_ergodox_ez_sfgabe_80_underglow/common/mousekey.o
                0x00000000000051d0                mousekey_clear
 .text.mousekey_param_inc
                0x00000000000051ec       0xec .build/obj_ergodox_ez_sfgabe_80_underglow/common/command.o
 .text.mousekey_param_dec
                0x00000000000052d8       0xa0 .build/obj_ergodox_ez_sfgabe_80_underglow/common/command.o
 .text.switch_default_layer
                0x0000000000005378       0x2e .build/obj_ergodox_ez_sfgabe_80_underglow/common/command.o
 .text.command_common
                0x00000000000053a6       0xc2 .build/obj_ergodox_ez_sfgabe_80_underglow/common/command.o
 .text.command_extra
                0x0000000000005468        0x4 .build/obj_ergodox_ez_sfgabe_80_underglow/common/command.o
                0x0000000000005468                command_extra
 .text.command_console_extra
                0x000000000000546c        0x4 .build/obj_ergodox_ez_sfgabe_80_underglow/common/command.o
                0x000000000000546c                command_console_extra
 .text.numkey2num
                0x0000000000005470       0x16 .build/obj_ergodox_ez_sfgabe_80_underglow/common/command.o
                0x0000000000005470                numkey2num
 .text.command_proc
                0x0000000000005486      0x120 .build/obj_ergodox_ez_sfgabe_80_underglow/common/command.o
                0x0000000000005486                command_proc
 .text.keyboard_leds
                0x00000000000055a6        0x6 .build/obj_ergodox_ez_sfgabe_80_underglow/lufa.o
 .text.send_extra
                0x00000000000055ac       0x66 .build/obj_ergodox_ez_sfgabe_80_underglow/lufa.o
 .text.send_consumer
                0x0000000000005612        0x8 .build/obj_ergodox_ez_sfgabe_80_underglow/lufa.o
 .text.send_system
                0x000000000000561a        0x8 .build/obj_ergodox_ez_sfgabe_80_underglow/lufa.o
 .text.send_mouse
                0x0000000000005622       0x42 .build/obj_ergodox_ez_sfgabe_80_underglow/lufa.o
 .text.send_keyboard
                0x0000000000005664       0x80 .build/obj_ergodox_ez_sfgabe_80_underglow/lufa.o
 .text.EVENT_USB_Device_Connect
                0x00000000000056e4       0x1c .build/obj_ergodox_ez_sfgabe_80_underglow/lufa.o
                0x00000000000056e4                EVENT_USB_Device_Connect
 .text.EVENT_USB_Device_Disconnect
                0x0000000000005700        0x6 .build/obj_ergodox_ez_sfgabe_80_underglow/lufa.o
                0x0000000000005700                EVENT_USB_Device_Disconnect
 .text.EVENT_USB_Device_Reset
                0x0000000000005706        0x2 .build/obj_ergodox_ez_sfgabe_80_underglow/lufa.o
                0x0000000000005706                EVENT_USB_Device_Reset
 .text.EVENT_USB_Device_Suspend
                0x0000000000005708        0x2 .build/obj_ergodox_ez_sfgabe_80_underglow/lufa.o
                0x0000000000005708                EVENT_USB_Device_Suspend
 .text.EVENT_USB_Device_WakeUp
                0x000000000000570a        0x4 .build/obj_ergodox_ez_sfgabe_80_underglow/lufa.o
                0x000000000000570a                EVENT_USB_Device_WakeUp
 .text.EVENT_USB_Device_ConfigurationChanged
                0x000000000000570e       0x14 .build/obj_ergodox_ez_sfgabe_80_underglow/lufa.o
                0x000000000000570e                EVENT_USB_Device_ConfigurationChanged
 .text.EVENT_USB_Device_ControlRequest
                0x0000000000005722      0x16e .build/obj_ergodox_ez_sfgabe_80_underglow/lufa.o
                0x0000000000005722                EVENT_USB_Device_ControlRequest
 .text.startup.main
                0x0000000000005890       0x7e .build/obj_ergodox_ez_sfgabe_80_underglow/lufa.o
                0x0000000000005890                main
 .text.CALLBACK_USB_GetDescriptor
                0x000000000000590e        0x4 .build/obj_ergodox_ez_sfgabe_80_underglow/lufa.o
                0x000000000000590e                CALLBACK_USB_GetDescriptor
 .text.get_usb_descriptor
                0x0000000000005912       0xbc .build/obj_ergodox_ez_sfgabe_80_underglow/usb_descriptor.o
                0x0000000000005912                get_usb_descriptor
 .text.USB_Device_SendRemoteWakeup
                0x00000000000059ce       0x2c .build/obj_ergodox_ez_sfgabe_80_underglow/lib/lufa/LUFA/Drivers/USB/Core/AVR8/Device_AVR8.o
                0x00000000000059ce                USB_Device_SendRemoteWakeup
 .text.Endpoint_Write_Stream_LE
                0x00000000000059fa       0x9e .build/obj_ergodox_ez_sfgabe_80_underglow/lib/lufa/LUFA/Drivers/USB/Core/AVR8/EndpointStream_AVR8.o
                0x00000000000059fa                Endpoint_Write_Stream_LE
 .text.Endpoint_Write_Control_Stream_LE
                0x0000000000005a98       0xbc .build/obj_ergodox_ez_sfgabe_80_underglow/lib/lufa/LUFA/Drivers/USB/Core/AVR8/EndpointStream_AVR8.o
                0x0000000000005a98                Endpoint_Write_Control_Stream_LE
 .text.Endpoint_Write_Control_PStream_LE
                0x0000000000005b54       0xbe .build/obj_ergodox_ez_sfgabe_80_underglow/lib/lufa/LUFA/Drivers/USB/Core/AVR8/EndpointStream_AVR8.o
                0x0000000000005b54                Endpoint_Write_Control_PStream_LE
 .text.Endpoint_ConfigureEndpoint_Prv
                0x0000000000005c12       0x68 .build/obj_ergodox_ez_sfgabe_80_underglow/lib/lufa/LUFA/Drivers/USB/Core/AVR8/Endpoint_AVR8.o
                0x0000000000005c12                Endpoint_ConfigureEndpoint_Prv
 .text.Endpoint_ClearStatusStage
                0x0000000000005c7a       0x3e .build/obj_ergodox_ez_sfgabe_80_underglow/lib/lufa/LUFA/Drivers/USB/Core/AVR8/Endpoint_AVR8.o
                0x0000000000005c7a                Endpoint_ClearStatusStage
 .text.Endpoint_WaitUntilReady
                0x0000000000005cb8       0x62 .build/obj_ergodox_ez_sfgabe_80_underglow/lib/lufa/LUFA/Drivers/USB/Core/AVR8/Endpoint_AVR8.o
                0x0000000000005cb8                Endpoint_WaitUntilReady
 .text.USB_Disable
                0x0000000000005d1a       0x34 .build/obj_ergodox_ez_sfgabe_80_underglow/lib/lufa/LUFA/Drivers/USB/Core/AVR8/USBController_AVR8.o
                0x0000000000005d1a                USB_Disable
 .text.USB_ResetInterface
                0x0000000000005d4e       0x86 .build/obj_ergodox_ez_sfgabe_80_underglow/lib/lufa/LUFA/Drivers/USB/Core/AVR8/USBController_AVR8.o
                0x0000000000005d4e                USB_ResetInterface
 .text.USB_Init
                0x0000000000005dd4       0x22 .build/obj_ergodox_ez_sfgabe_80_underglow/lib/lufa/LUFA/Drivers/USB/Core/AVR8/USBController_AVR8.o
                0x0000000000005dd4                USB_Init
 .text.USB_INT_DisableAllInterrupts
                0x0000000000005df6       0x10 .build/obj_ergodox_ez_sfgabe_80_underglow/lib/lufa/LUFA/Drivers/USB/Core/AVR8/USBInterrupt_AVR8.o
                0x0000000000005df6                USB_INT_DisableAllInterrupts
 .text.USB_INT_ClearAllInterrupts
                0x0000000000005e06        0xa .build/obj_ergodox_ez_sfgabe_80_underglow/lib/lufa/LUFA/Drivers/USB/Core/AVR8/USBInterrupt_AVR8.o
                0x0000000000005e06                USB_INT_ClearAllInterrupts
 .text.__vector_10
                0x0000000000005e10      0x1a8 .build/obj_ergodox_ez_sfgabe_80_underglow/lib/lufa/LUFA/Drivers/USB/Core/AVR8/USBInterrupt_AVR8.o
                0x0000000000005e10                __vector_10
 .text.__vector_11
                0x0000000000005fb8       0x88 .build/obj_ergodox_ez_sfgabe_80_underglow/lib/lufa/LUFA/Drivers/USB/Core/AVR8/USBInterrupt_AVR8.o
                0x0000000000005fb8                __vector_11
 .text.USB_Device_ProcessControlRequest
                0x0000000000006040      0x2a4 .build/obj_ergodox_ez_sfgabe_80_underglow/lib/lufa/LUFA/Drivers/USB/Core/DeviceStandardReq.o
                0x0000000000006040                USB_Device_ProcessControlRequest
 .text.USB_Event_Stub
                0x00000000000062e4        0x2 .build/obj_ergodox_ez_sfgabe_80_underglow/lib/lufa/LUFA/Drivers/USB/Core/Events.o
                0x00000000000062e4                USB_Event_Stub
                0x00000000000062e4                EVENT_USB_Device_StartOfFrame
 .text.USB_USBTask
                0x00000000000062e6       0x36 .build/obj_ergodox_ez_sfgabe_80_underglow/lib/lufa/LUFA/Drivers/USB/Core/USBTask.o
                0x00000000000062e6                USB_USBTask
 .text.libgcc.div
                0x000000000000631c       0x18 /usr/local/Cellar/avr-gcc@8/8.4.0/lib/avr-gcc/8/gcc/avr/8.4.0/avr5/libgcc.a(_udivmodqi4.o)
                0x000000000000631c                __udivmodqi4
 .text.libgcc.div
                0x0000000000006334       0x1c /usr/local/Cellar/avr-gcc@8/8.4.0/lib/avr-gcc/8/gcc/avr/8.4.0/avr5/libgcc.a(_divmodqi4.o)
                0x0000000000006334                __divmodqi4
 .text.libgcc.div
                0x0000000000006350       0x28 /usr/local/Cellar/avr-gcc@8/8.4.0/lib/avr-gcc/8/gcc/avr/8.4.0/avr5/libgcc.a(_udivmodhi4.o)
                0x0000000000006350                __udivmodhi4
 .text.libgcc.div
                0x0000000000006378       0x28 /usr/local/Cellar/avr-gcc@8/8.4.0/lib/avr-gcc/8/gcc/avr/8.4.0/avr5/libgcc.a(_divmodhi4.o)
                0x0000000000006378                __divmodhi4
                0x0000000000006378                _div
 .text.libgcc.div
                0x00000000000063a0       0x44 /usr/local/Cellar/avr-gcc@8/8.4.0/lib/avr-gcc/8/gcc/avr/8.4.0/avr5/libgcc.a(_udivmodsi4.o)
                0x00000000000063a0                __udivmodsi4
 .text.libgcc   0x00000000000063e4        0xc /usr/local/Cellar/avr-gcc@8/8.4.0/lib/avr-gcc/8/gcc/avr/8.4.0/avr5/libgcc.a(_tablejump2.o)
                0x00000000000063e4                __tablejump2__
 .text.libgcc.mul
                0x00000000000063f0       0x10 /usr/local/Cellar/avr-gcc@8/8.4.0/lib/avr-gcc/8/gcc/avr/8.4.0/avr5/libgcc.a(_mulhisi3.o)
                0x00000000000063f0                __mulhisi3
 .text.libgcc.mul
                0x0000000000006400       0x1e /usr/local/Cellar/avr-gcc@8/8.4.0/lib/avr-gcc/8/gcc/avr/8.4.0/avr5/libgcc.a(_umulhisi3.o)
                0x0000000000006400                __umulhisi3
 .text.libgcc.mul
                0x000000000000641e        0xe /usr/local/Cellar/avr-gcc@8/8.4.0/lib/avr-gcc/8/gcc/avr/8.4.0/avr5/libgcc.a(_usmulhisi3.o)
                0x000000000000641e                __usmulhisi3
                0x0000000000006422                __usmulhisi3_tail
 .text.libgcc.mul
                0x000000000000642c       0x16 /usr/local/Cellar/avr-gcc@8/8.4.0/lib/avr-gcc/8/gcc/avr/8.4.0/avr5/libgcc.a(_muluhisi3.o)
                0x000000000000642c                __muluhisi3
 .text.libgcc.mul
                0x0000000000006442       0x10 /usr/local/Cellar/avr-gcc@8/8.4.0/lib/avr-gcc/8/gcc/avr/8.4.0/avr5/libgcc.a(_mulshisi3.o)
                0x0000000000006442                __mulshisi3
                0x0000000000006448                __mulohisi3
 .text.avr-libc
                0x0000000000006452      0x256 /usr/local/Cellar/avr-gcc@8/8.4.0/lib/avr-gcc/8/gcc/avr/8.4.0/../../../../../../avr/lib/avr5/libc.a(malloc.o)
                0x0000000000006452                malloc
                0x0000000000006586                free
 .text.avr-libc
                0x00000000000066a8       0xb8 /usr/local/Cellar/avr-gcc@8/8.4.0/lib/avr-gcc/8/gcc/avr/8.4.0/../../../../../../avr/lib/avr5/libc.a(rand.o)
                0x000000000000673a                rand_r
                0x0000000000006740                rand
                0x000000000000674a                srand
 .text.avr-libc
                0x0000000000006760       0x1a /usr/local/Cellar/avr-gcc@8/8.4.0/lib/avr-gcc/8/gcc/avr/8.4.0/../../../../../../avr/lib/avr5/libc.a(memchr.o)
                0x0000000000006760                memchr
 .text.avr-libc
                0x000000000000677a       0x60 /usr/local/Cellar/avr-gcc@8/8.4.0/lib/avr-gcc/8/gcc/avr/8.4.0/../../../../../../avr/lib/avr5/libc.a(snprintf.o)
                0x000000000000677a                snprintf
 .text.avr-libc
                0x00000000000067da      0x396 /usr/local/Cellar/avr-gcc@8/8.4.0/lib/avr-gcc/8/gcc/avr/8.4.0/../../../../../../avr/lib/avr5/libc.a(vfprintf_std.o)
                0x00000000000067da                vfprintf
 .text.avr-libc
                0x0000000000006b70       0x16 /usr/local/Cellar/avr-gcc@8/8.4.0/lib/avr-gcc/8/gcc/avr/8.4.0/../../../../../../avr/lib/avr5/libc.a(strnlen_P.o)
                0x0000000000006b70                strnlen_P
 .text.avr-libc
                0x0000000000006b86       0x16 /usr/local/Cellar/avr-gcc@8/8.4.0/lib/avr-gcc/8/gcc/avr/8.4.0/../../../../../../avr/lib/avr5/libc.a(strnlen.o)
                0x0000000000006b86                strnlen
 .text.avr-libc
                0x0000000000006b9c       0x60 /usr/local/Cellar/avr-gcc@8/8.4.0/lib/avr-gcc/8/gcc/avr/8.4.0/../../../../../../avr/lib/avr5/libc.a(fputc.o)
                0x0000000000006b9c                fputc
 .text.avr-libc
                0x0000000000006bfc       0xbc /usr/local/Cellar/avr-gcc@8/8.4.0/lib/avr-gcc/8/gcc/avr/8.4.0/../../../../../../avr/lib/avr5/libc.a(ultoa_invert.o)
                0x0000000000006bfc                __ultoa_invert
 .text.avr-libc
                0x0000000000006cb8       0x10 /usr/local/Cellar/avr-gcc@8/8.4.0/lib/avr-gcc/8/gcc/avr/8.4.0/../../../../../../avr/lib/avr5/libatmega32u4.a(eerd_byte.o)
                0x0000000000006cb8                eeprom_read_byte
 .text.avr-libc
                0x0000000000006cc8        0xc /usr/local/Cellar/avr-gcc@8/8.4.0/lib/avr-gcc/8/gcc/avr/8.4.0/../../../../../../avr/lib/avr5/libatmega32u4.a(eerd_dword.o)
                0x0000000000006cc8                eeprom_read_dword
                0x0000000000006cc8                eeprom_read_float
 .text.avr-libc
                0x0000000000006cd4        0xc /usr/local/Cellar/avr-gcc@8/8.4.0/lib/avr-gcc/8/gcc/avr/8.4.0/../../../../../../avr/lib/avr5/libatmega32u4.a(eerd_word.o)
                0x0000000000006cd4                eeprom_read_word
 .text.avr-libc
                0x0000000000006ce0       0x24 /usr/local/Cellar/avr-gcc@8/8.4.0/lib/avr-gcc/8/gcc/avr/8.4.0/../../../../../../avr/lib/avr5/libatmega32u4.a(eeupd_byte.o)
                0x0000000000006ce0                eeprom_update_byte
                0x0000000000006ce2                eeprom_update_r18
 .text.avr-libc
                0x0000000000006d04       0x18 /usr/local/Cellar/avr-gcc@8/8.4.0/lib/avr-gcc/8/gcc/avr/8.4.0/../../../../../../avr/lib/avr5/libatmega32u4.a(eeupd_dword.o)
                0x0000000000006d04                eeprom_update_dword
                0x0000000000006d04                eeprom_update_float
 .text.avr-libc
                0x0000000000006d1c        0xc /usr/local/Cellar/avr-gcc@8/8.4.0/lib/avr-gcc/8/gcc/avr/8.4.0/../../../../../../avr/lib/avr5/libatmega32u4.a(eeupd_word.o)
                0x0000000000006d1c                eeprom_update_word
 .text.avr-libc
                0x0000000000006d28       0x20 /usr/local/Cellar/avr-gcc@8/8.4.0/lib/avr-gcc/8/gcc/avr/8.4.0/../../../../../../avr/lib/avr5/libatmega32u4.a(eerd_block.o)
                0x0000000000006d28                eeprom_read_block
                0x0000000000006d2c                eeprom_read_blraw
 .text.libgcc.div
                0x0000000000006d48       0x2e /usr/local/Cellar/avr-gcc@8/8.4.0/lib/avr-gcc/8/gcc/avr/8.4.0/avr5/libgcc.a(_divmodsi4.o)
                0x0000000000006d48                __divmodsi4
 .text.libgcc.div
                0x0000000000006d76       0x10 /usr/local/Cellar/avr-gcc@8/8.4.0/lib/avr-gcc/8/gcc/avr/8.4.0/avr5/libgcc.a(_negsi2.o)
                0x0000000000006d76                __negsi2
 .text.libgcc.prologue
                0x0000000000006d86       0x38 /usr/local/Cellar/avr-gcc@8/8.4.0/lib/avr-gcc/8/gcc/avr/8.4.0/avr5/libgcc.a(_prologue.o)
                0x0000000000006d86                __prologue_saves__
 .text.libgcc.prologue
                0x0000000000006dbe       0x36 /usr/local/Cellar/avr-gcc@8/8.4.0/lib/avr-gcc/8/gcc/avr/8.4.0/avr5/libgcc.a(_epilogue.o)
                0x0000000000006dbe                __epilogue_restores__
                0x0000000000006df4                . = ALIGN (0x2)
 *(.fini9)
 .fini9         0x0000000000006df4        0x0 /usr/local/Cellar/avr-gcc@8/8.4.0/lib/avr-gcc/8/gcc/avr/8.4.0/avr5/libgcc.a(_exit.o)
                0x0000000000006df4                exit
                0x0000000000006df4                _exit
 *(.fini9)
 *(.fini8)
 *(.fini8)
 *(.fini7)
 *(.fini7)
 *(.fini6)
 *(.fini6)
 *(.fini5)
 *(.fini5)
 *(.fini4)
 *(.fini4)
 *(.fini3)
 *(.fini3)
 *(.fini2)
 *(.fini2)
 *(.fini1)
 *(.fini1)
 *(.fini0)
 .fini0         0x0000000000006df4        0x4 /usr/local/Cellar/avr-gcc@8/8.4.0/lib/avr-gcc/8/gcc/avr/8.4.0/avr5/libgcc.a(_exit.o)
 *(.fini0)
 *(.hightext)
 *(.hightext*)
 *(.progmemx.*)
                0x0000000000006df8                . = ALIGN (0x2)
 *(.jumptables)
 *(.jumptables*)
 .jumptables.gcc.process_rgb
                0x0000000000006df8       0x28 .build/obj_ergodox_ez_sfgabe_80_underglow/quantum/process_keycode/process_rgb.o
 .jumptables.gcc.process_action
                0x0000000000006e20       0x26 .build/obj_ergodox_ez_sfgabe_80_underglow/common/action.o
 .jumptables.gcc.is_tap_action
                0x0000000000006e46       0x1c .build/obj_ergodox_ez_sfgabe_80_underglow/common/action.o
 .jumptables.gcc.command_common
                0x0000000000006e62       0x7e .build/obj_ergodox_ez_sfgabe_80_underglow/common/command.o
 .jumptables.gcc.USB_Device_ProcessControlRequest
                0x0000000000006ee0       0x14 .build/obj_ergodox_ez_sfgabe_80_underglow/lib/lufa/LUFA/Drivers/USB/Core/DeviceStandardReq.o
                0x0000000000006ef4                _etext = .

.data           0x0000000000800100      0x18a load address 0x0000000000006ef4
                0x0000000000800100                PROVIDE (__data_start = .)
 *(.data)
 .data          0x0000000000800100        0x6 /usr/local/Cellar/avr-gcc@8/8.4.0/lib/avr-gcc/8/gcc/avr/8.4.0/../../../../../../avr/lib/avr5/libc.a(malloc.o)
                0x0000000000800100                __malloc_heap_end
                0x0000000000800102                __malloc_heap_start
                0x0000000000800104                __malloc_margin
 .data          0x0000000000800106        0x4 /usr/local/Cellar/avr-gcc@8/8.4.0/lib/avr-gcc/8/gcc/avr/8.4.0/../../../../../../avr/lib/avr5/libc.a(rand.o)
 *(.data*)
 .data.mcp23018_status
                0x000000000080010a        0x2 .build/obj_ergodox_ez_sfgabe_80_underglow/keyboards/ergodox_ez/ergodox_ez.o
                0x000000000080010a                mcp23018_status
 .data.increment.3432
                0x000000000080010c        0x1 .build/obj_ergodox_ez_sfgabe_80_underglow/quantum/rgblight.o
 .data.increment.3420
                0x000000000080010d        0x1 .build/obj_ergodox_ez_sfgabe_80_underglow/quantum/rgblight.o
 .data.high_bound.3419
                0x000000000080010e        0x1 .build/obj_ergodox_ez_sfgabe_80_underglow/quantum/rgblight.o
 .data.rgblight_ranges
                0x000000000080010f        0x5 .build/obj_ergodox_ez_sfgabe_80_underglow/quantum/rgblight.o
                0x000000000080010f                rgblight_ranges
 .data.static_effect_table
                0x0000000000800114        0xb .build/obj_ergodox_ez_sfgabe_80_underglow/quantum/rgblight.o
 .data.autoshift_timeout
                0x000000000080011f        0x2 .build/obj_ergodox_ez_sfgabe_80_underglow/quantum/process_keycode/process_auto_shift.o
 .data.autoshift_enabled